[Licensing::Module] Trying to connect to existing licensing client channel...
Built from '6000.3/staging' branch; Version is '6000.3.10f1 (e35f0c77bd8e) revision 14901004'; Using compiler version '194234433'; Build Type 'Release'
OS: 'Windows 11  (10.0.26200) Professional' Language: 'en' Physical Memory: 15826 MB
BatchMode: 1, IsHumanControllingUs: 0, StartBugReporterOnCrash: 0, Is64bit: 1
System  architecture: x64
Process architecture: x64
[Licensing::IpcConnector] Channel LicenseClient-PCSS-PC doesn't exist
Date: 2026-08-29T08:06:09Z
[Licensing::Module] Successfully launched the LicensingClient (PId: 27636)

COMMAND LINE ARGUMENTS:
C:\Program Files\Unity\Hub\Editor\6000.3.10f1\Editor\Unity.exe
-batchmode
-nographics
-quit
-projectPath
E:\Unity\Up Iz Up Mini
-executeMethod
UpIzUpMini.EditorTools.Mini120HitDetectionCheck.Run
-logFile
Tools/AIWorkflow/mini120hitcheck_run.log
Successfully changed project path to: E:\Unity\Up Iz Up Mini
E:/Unity/Up Iz Up Mini
[UnityMemory] Configuration Parameters - Can be set up in boot.config
    "memorysetup-temp-allocator-size-nav-mesh-worker=65536"
    "memorysetup-temp-allocator-size-audio-worker=65536"
    "memorysetup-temp-allocator-size-gfx=262144"
    "memorysetup-allocator-temp-initial-block-size-main=262144"
    "memorysetup-allocator-temp-initial-block-size-worker=262144"
    "memorysetup-temp-allocator-size-background-worker=32768"
    "memorysetup-temp-allocator-size-job-worker=262144"
    "memorysetup-temp-allocator-size-preload-manager=33554432"
    "memorysetup-temp-allocator-size-gi-baking-worker=262144"
    "memorysetup-temp-allocator-size-gi-baking-worker=262144"
    "memorysetup-temp-allocator-size-gi-baking-worker=262144"
    "memorysetup-temp-allocator-size-gi-baking-worker=262144"
    "memorysetup-temp-allocator-size-gi-baking-worker=262144"
    "memorysetup-bucket-allocator-granularity=16"
    "memorysetup-bucket-allocator-bucket-count=8"
    "memorysetup-bucket-allocator-block-size=33554432"
    "memorysetup-bucket-allocator-block-count=8"
    "memorysetup-main-allocator-block-size=16777216"
    "memorysetup-thread-allocator-block-size=16777216"
    "memorysetup-gfx-main-allocator-block-size=16777216"
    "memorysetup-gfx-thread-allocator-block-size=16777216"
    "memorysetup-cache-allocator-block-size=4194304"
    "memorysetup-typetree-allocator-block-size=2097152"
    "memorysetup-profiler-bucket-allocator-granularity=16"
    "memorysetup-profiler-bucket-allocator-bucket-count=8"
    "memorysetup-profiler-bucket-allocator-block-size=33554432"
    "memorysetup-profiler-bucket-allocator-block-count=8"
    "memorysetup-profiler-allocator-block-size=16777216"
    "memorysetup-profiler-editor-allocator-block-size=1048576"
    "memorysetup-temp-allocator-size-main=16777216"
    "memorysetup-job-temp-allocator-block-size=2097152"
    "memorysetup-job-temp-allocator-block-size-background=1048576"
    "memorysetup-job-temp-allocator-reduction-small-platforms=262144"
    "memorysetup-temp-allocator-size-cloud-worker=32768"
Starting IPC server.
Player connection [36632]  Target information:

Player connection [36632]  * "[IP] 192.168.108.205 [Port] 55504 [Flags] 2 [Guid] 1142468873 [EditorId] 1142468873 [Version] 1048832 [Id] WindowsEditor(7,PC-22) [Debug] 1 [PackageName] WindowsEditor [ProjectName] Editor" 

Player connection [36632]  * "[IP] 100.83.75.75 [Port] 55504 [Flags] 2 [Guid] 1142468873 [EditorId] 1142468873 [Version] 1048832 [Id] WindowsEditor(7,PC-22) [Debug] 1 [PackageName] WindowsEditor [ProjectName] Editor" 

Player connection [36632]  * "[IP] 192.168.137.1 [Port] 55504 [Flags] 2 [Guid] 1142468873 [EditorId] 1142468873 [Version] 1048832 [Id] WindowsEditor(7,PC-22) [Debug] 1 [PackageName] WindowsEditor [ProjectName] Editor" 

Player connection [36632] Host joined multi-casting on [225.0.0.222:54997]...
Player connection [36632] Host joined alternative multi-casting on [225.0.0.222:34997]...
Input System module state changed to: Initialized.
[Physics::Module] Initialized fallback backend.
[Physics::Module] Id: 0xdecafbad
Waiting for clients to connect on \\.\pipe\Unity-LicenseClient-PCSS-PC, press Ctrl-C to exit.
[Licensing::IpcConnector] Successfully connected to: "LicenseClient-PCSS-PC" at "2026-08-29T08:06:09.8167684Z"
[Package Manager] Connected to IPC stream "Upm-46088" after 0.3 seconds.
[Licensing::Module] Licensing is not yet initialized.
[Licensing::Client] Handshaking with LicensingClient:
  Version:                 1.17.4+4293ba1
  Session Id:              9ea3f9c470744dd5a4f79f46e54a7244
  Correlation Id:          6aac822f8a693a18edbee037ec678273
  External correlation Id: 7343528851395979831
  Machine Id:              BSsZwx/0FUTXPDacKK/mAf12cyA=
[Licensing::Module] Successfully connected to LicensingClient on channel: "LicenseClient-PCSS-PC" (connect: 0.25s, validation: 0.04s, handshake: 1.55s)
[Licensing::IpcConnector] Successfully connected to: "LicenseClient-PCSS-PC-notifications" at "2026-08-29T08:06:11.4094766Z"
[Licensing::Module] Connected to LicensingClient (PId: 27636, launch time: 0.01, total connection time: 1.84s)
[Licensing::Module] Error: Access token is unavailable; failed to update
[Licensing::Client] Successfully resolved entitlement details
[Licensing::Module] License group:
  Id: F4-VZG9-MHCH-26WA-PBF7-XXXX
  Product: Unity Personal
  Type: ULF
  Expiration: Unlimited
[Licensing::Module] License group:
  Id: 1125343-UnityPersXXXX
  Product: Unity Personal
  Type: Assigned
  Expiration: Unlimited
[Licensing::Client] Successfully updated license, isAsync: True, time: 0.01
[Licensing::Client] Successfully resolved entitlement details
[Licensing::Module] License group:
  Id: F4-VZG9-MHCH-26WA-PBF7-XXXX
  Product: Unity Personal
  Type: ULF
  Expiration: Unlimited
[Licensing::Module] License group:
  Id: 1125343-UnityPersXXXX
  Product: Unity Personal
  Type: Assigned
  Expiration: Unlimited
[Licensing::Module] Licensing Background thread has ended after 1.87s
[Licensing::Module] Licensing is initialized (took 1.35s).
[Licensing::Client] Successfully resolved entitlement details
[Licensing::Module] License group:
  Id: F4-VZG9-MHCH-26WA-PBF7-XXXX
  Product: Unity Personal
  Type: ULF
  Expiration: Unlimited
[Licensing::Module] License group:
  Id: 1125343-UnityPersXXXX
  Product: Unity Personal
  Type: Assigned
  Expiration: Unlimited
Library Redirect Path: Library/
[Physics::Module] Selected backend.
[Physics::Module] Name: PhysX
[Physics::Module] Id: 0xf2b8ea05
[Physics::Module] SDK Version: 4.1.2
[Physics::Module] Integration Version: 1.0.0
[Physics::Module] Threading Mode: Multi-Threaded
Refreshing native plugins compatible for Editor in 0.04 ms, found 0 plugins.
Preloading 0 native plugins for Editor in 0.00 ms.
Initialize engine version: 6000.3.10f1 (e35f0c77bd8e)
[Subsystems] Discovering subsystems at path C:/Program Files/Unity/Hub/Editor/6000.3.10f1/Editor/Data/Resources/UnitySubsystems
[Subsystems] Discovering subsystems at path E:/Unity/Up Iz Up Mini/Assets
Forcing GfxDevice: Null
GfxDevice: creating device client; kGfxThreadingModeNonThreaded
NullGfxDevice:
    Version:  NULL 1.0 [1.0]
    Renderer: Null Device
    Vendor:   Unity Technologies
Initialize mono
Mono path[0] = 'C:/Program Files/Unity/Hub/Editor/6000.3.10f1/Editor/Data/Managed'
Mono path[1] = 'C:/Program Files/Unity/Hub/Editor/6000.3.10f1/Editor/Data/MonoBleedingEdge/lib/mono/unityjit-win32'
Mono config path = 'C:/Program Files/Unity/Hub/Editor/6000.3.10f1/Editor/Data/MonoBleedingEdge/etc'
Using monoOptions --debugger-agent=transport=dt_socket,embedding=1,server=y,suspend=n,address=127.0.0.1:56088
Using cacheserver namespaces - metadata:defaultmetadata, artifacts:defaultartifacts
Using cacheserver namespaces - metadata:defaultmetadata, artifacts:defaultartifacts
ImportWorker Server TCP listen port: 0
AcceleratorClientConnectionCallback - disconnected - :0
Begin MonoManager ReloadAssembly
Registering precompiled unity dll's ...
Register platform support module: C:/Program Files/Unity/Hub/Editor/6000.3.10f1/Editor/Data/PlaybackEngines/WebGLSupport/UnityEditor.WebGL.Extensions.dll
Register platform support module: C:/Program Files/Unity/Hub/Editor/6000.3.10f1/Editor/Data/PlaybackEngines/WindowsStandaloneSupport/UnityEditor.WindowsStandalone.Extensions.dll
Registered in 0.001899 seconds.
- Loaded All Assemblies, in  0.313 seconds
Native extension for WindowsStandalone target not found
Native extension for WebGL target not found
ScheduleIndexationOnStartup MainProcess:False IndexOnStartup:True
Mono: successfully reloaded assembly
- Finished resetting the current domain, in  0.297 seconds
Domain Reload Profiling: 608ms
	BeginReloadAssembly (107ms)
		ExecutionOrderSort (0ms)
		DisableScriptedObjects (0ms)
		BackupInstance (0ms)
		ReleaseScriptingObjects (0ms)
		CreateAndSetChildDomain (6ms)
	RebuildCommonClasses (27ms)
	RebuildNativeTypeToScriptingClass (9ms)
	initialDomainReloadingComplete (37ms)
	LoadAllAssembliesAndSetupDomain (130ms)
		LoadAssemblies (99ms)
		RebuildTransferFunctionScriptingTraits (0ms)
		AnalyzeDomain (127ms)
			TypeCache.Refresh (125ms)
				TypeCache.ScanAssembly (113ms)
			BuildScriptInfoCaches (0ms)
			ResolveRequiredComponents (1ms)
	FinalizeReload (298ms)
		ReleaseScriptCaches (0ms)
		RebuildScriptCaches (0ms)
		SetupLoadedEditorAssemblies (263ms)
			LogAssemblyErrors (0ms)
			InitializePlatformSupportModulesInManaged (42ms)
			SetLoadedEditorAssemblies (3ms)
			BeforeProcessingInitializeOnLoad (56ms)
			ProcessInitializeOnLoadAttributes (108ms)
			ProcessInitializeOnLoadMethodAttributes (54ms)
			AfterProcessingInitializeOnLoad (0ms)
			EditorAssembliesLoaded (0ms)
		ExecutionOrderSort2 (0ms)
		AwakeInstancesAfterBackupRestoration (0ms)
[Licensing::Client] Successfully resolved entitlement details
[Licensing::Module] License group:
  Id: F4-VZG9-MHCH-26WA-PBF7-XXXX
  Product: Unity Personal
  Type: ULF
  Expiration: Unlimited
[Licensing::Module] License group:
  Id: 1125343-UnityPersXXXX
  Product: Unity Personal
  Type: Assigned
  Expiration: Unlimited
Application.AssetDatabase Initial Refresh Start
Package Manager log level set to [2]
[Package Manager] Restoring resolved packages state from cache
[Licensing::Client] Successfully resolved entitlement details
[Package Manager] Registered 52 packages:
  Packages from [https://packages.unity.com]:
    com.unity.ai.navigation@2.0.14 (location: E:\Unity\Up Iz Up Mini\Library\PackageCache\com.unity.ai.navigation@134dd6a3b97b)
    com.unity.cloud.gltfast@6.9.0 (location: E:\Unity\Up Iz Up Mini\Library\PackageCache\com.unity.cloud.gltfast@1bfd82b6f675)
    com.unity.animation.rigging@1.4.1 (location: E:\Unity\Up Iz Up Mini\Library\PackageCache\com.unity.animation.rigging@ae5f251e1ed4)
    com.unity.burst@1.8.28 (location: E:\Unity\Up Iz Up Mini\Library\PackageCache\com.unity.burst@07790c2d06d9)
    com.unity.collections@2.6.2 (location: E:\Unity\Up Iz Up Mini\Library\PackageCache\com.unity.collections@aea9d3bd5e19)
    com.unity.mathematics@1.3.3 (location: E:\Unity\Up Iz Up Mini\Library\PackageCache\com.unity.mathematics@19a9377c4ffa)
    com.unity.searcher@4.9.4 (location: E:\Unity\Up Iz Up Mini\Library\PackageCache\com.unity.searcher@d45a78918735)
    com.unity.nuget.mono-cecil@1.11.6 (location: E:\Unity\Up Iz Up Mini\Library\PackageCache\com.unity.nuget.mono-cecil@ecb9724e46ff)
    com.unity.test-framework.performance@3.2.0 (location: E:\Unity\Up Iz Up Mini\Library\PackageCache\com.unity.test-framework.performance@0840f58e4562)
  Built-in packages:
    com.unity.multiplayer.center@1.0.1 (location: E:\Unity\Up Iz Up Mini\Library\PackageCache\com.unity.multiplayer.center@f01f4ba8d00a)
    com.unity.shadergraph@17.3.0 (location: E:\Unity\Up Iz Up Mini\Library\PackageCache\com.unity.shadergraph@c8830f61858d)
    com.unity.ugui@2.0.0 (location: E:\Unity\Up Iz Up Mini\Library\PackageCache\com.unity.ugui@bb329a87fcdc)
    com.unity.modules.accessibility@1.0.0 (location: E:\Unity\Up Iz Up Mini\Library\PackageCache\com.unity.modules.accessibility)
    com.unity.modules.adaptiveperformance@1.0.0 (location: E:\Unity\Up Iz Up Mini\Library\PackageCache\com.unity.modules.adaptiveperformance)
    com.unity.modules.ai@1.0.0 (location: E:\Unity\Up Iz Up Mini\Library\PackageCache\com.unity.modules.ai)
    com.unity.modules.androidjni@1.0.0 (location: E:\Unity\Up Iz Up Mini\Library\PackageCache\com.unity.modules.androidjni)
    com.unity.modules.animation@1.0.0 (location: E:\Unity\Up Iz Up Mini\Library\PackageCache\com.unity.modules.animation)
    com.unity.modules.assetbundle@1.0.0 (location: E:\Unity\Up Iz Up Mini\Library\PackageCache\com.unity.modules.assetbundle)
    com.unity.modules.audio@1.0.0 (location: E:\Unity\Up Iz Up Mini\Library\PackageCache\com.unity.modules.audio)
    com.unity.modules.cloth@1.0.0 (location: E:\Unity\Up Iz Up Mini\Library\PackageCache\com.unity.modules.cloth)
    com.unity.modules.director@1.0.0 (location: E:\Unity\Up Iz Up Mini\Library\PackageCache\com.unity.modules.director)
    com.unity.modules.imageconversion@1.0.0 (location: E:\Unity\Up Iz Up Mini\Library\PackageCache\com.unity.modules.imageconversion)
    com.unity.modules.imgui@1.0.0 (location: E:\Unity\Up Iz Up Mini\Library\PackageCache\com.unity.modules.imgui)
    com.unity.modules.jsonserialize@1.0.0 (location: E:\Unity\Up Iz Up Mini\Library\PackageCache\com.unity.modules.jsonserialize)
    com.unity.modules.particlesystem@1.0.0 (location: E:\Unity\Up Iz Up Mini\Library\PackageCache\com.unity.modules.particlesystem)
    com.unity.modules.physics@1.0.0 (location: E:\Unity\Up Iz Up Mini\Library\PackageCache\com.unity.modules.physics)
    com.unity.modules.physics2d@1.0.0 (location: E:\Unity\Up Iz Up Mini\Library\PackageCache\com.unity.modules.physics2d)
    com.unity.modules.screencapture@1.0.0 (location: E:\Unity\Up Iz Up Mini\Library\PackageCache\com.unity.modules.screencapture)
    com.unity.modules.terrain@1.0.0 (location: E:\Unity\Up Iz Up Mini\Library\PackageCache\com.unity.modules.terrain)
    com.unity.modules.terrainphysics@1.0.0 (location: E:\Unity\Up Iz Up Mini\Library\PackageCache\com.unity.modules.terrainphysics)
    com.unity.modules.tilemap@1.0.0 (location: E:\Unity\Up Iz Up Mini\Library\PackageCache\com.unity.modules.tilemap)
    com.unity.modules.ui@1.0.0 (location: E:\Unity\Up Iz Up Mini\Library\PackageCache\com.unity.modules.ui)
    com.unity.modules.uielements@1.0.0 (location: E:\Unity\Up Iz Up Mini\Library\PackageCache\com.unity.modules.uielements)
    com.unity.modules.umbra@1.0.0 (location: E:\Unity\Up Iz Up Mini\Library\PackageCache\com.unity.modules.umbra)
    com.unity.modules.unityanalytics@1.0.0 (location: E:\Unity\Up Iz Up Mini\Library\PackageCache\com.unity.modules.unityanalytics)
    com.unity.modules.unitywebrequest@1.0.0 (location: E:\Unity\Up Iz Up Mini\Library\PackageCache\com.unity.modules.unitywebrequest)
    com.unity.modules.unitywebrequestassetbundle@1.0.0 (location: E:\Unity\Up Iz Up Mini\Library\PackageCache\com.unity.modules.unitywebrequestassetbundle)
    com.unity.modules.unitywebrequestaudio@1.0.0 (location: E:\Unity\Up Iz Up Mini\Library\PackageCache\com.unity.modules.unitywebrequestaudio)
    com.unity.modules.unitywebrequesttexture@1.0.0 (location: E:\Unity\Up Iz Up Mini\Library\PackageCache\com.unity.modules.unitywebrequesttexture)
    com.unity.modules.unitywebrequestwww@1.0.0 (location: E:\Unity\Up Iz Up Mini\Library\PackageCache\com.unity.modules.unitywebrequestwww)
    com.unity.modules.vectorgraphics@1.0.0 (location: E:\Unity\Up Iz Up Mini\Library\PackageCache\com.unity.modules.vectorgraphics)
    com.unity.modules.vehicles@1.0.0 (location: E:\Unity\Up Iz Up Mini\Library\PackageCache\com.unity.modules.vehicles)
    com.unity.modules.video@1.0.0 (location: E:\Unity\Up Iz Up Mini\Library\PackageCache\com.unity.modules.video)
    com.unity.modules.vr@1.0.0 (location: E:\Unity\Up Iz Up Mini\Library\PackageCache\com.unity.modules.vr)
    com.unity.modules.wind@1.0.0 (location: E:\Unity\Up Iz Up Mini\Library\PackageCache\com.unity.modules.wind)
    com.unity.modules.xr@1.0.0 (location: E:\Unity\Up Iz Up Mini\Library\PackageCache\com.unity.modules.xr)
    com.unity.modules.subsystems@1.0.0 (location: E:\Unity\Up Iz Up Mini\Library\PackageCache\com.unity.modules.subsystems)
    com.unity.modules.hierarchycore@1.0.0 (location: E:\Unity\Up Iz Up Mini\Library\PackageCache\com.unity.modules.hierarchycore)
    com.unity.render-pipelines.core@17.3.0 (location: E:\Unity\Up Iz Up Mini\Library\PackageCache\com.unity.render-pipelines.core@04ab0eefa0c3)
    com.unity.test-framework@1.6.0 (location: E:\Unity\Up Iz Up Mini\Library\PackageCache\com.unity.test-framework@0b7a23ab2e1d)
    com.unity.ext.nunit@2.0.5 (location: E:\Unity\Up Iz Up Mini\Library\PackageCache\com.unity.ext.nunit@d8c07649098d)
  Embedded packages:
    com.barmetler.roadsystem@file:E:\Unity\Up Iz Up Mini\Packages\com.barmetler.roadsystem (location: E:\Unity\Up Iz Up Mini\Packages\com.barmetler.roadsystem)
[Subsystems] No new subsystems found in resolved package list.
[Package Manager] Done registering packages in 0.02 seconds
info: Microsoft.Hosting.Lifetime[14]
      Now listening on: http://localhost:80
info: Microsoft.Hosting.Lifetime[0]
      Application started. Press Ctrl+C to shut down.
info: Microsoft.Hosting.Lifetime[0]
      Hosting environment: Production
info: Microsoft.Hosting.Lifetime[0]
      Content root path: E:\Unity\Up Iz Up Mini\
info: Microsoft.AspNetCore.Hosting.Diagnostics[1]
      Request starting HTTP/2 POST http://ilpp/UnityILPP.PostProcessing/Ping application/grpc -
info: Microsoft.AspNetCore.Routing.EndpointMiddleware[0]
      Executing endpoint 'gRPC - /UnityILPP.PostProcessing/Ping'
info: Microsoft.AspNetCore.Routing.EndpointMiddleware[1]
      Executed endpoint 'gRPC - /UnityILPP.PostProcessing/Ping'
info: Microsoft.AspNetCore.Hosting.Diagnostics[2]
      Request finished HTTP/2 POST http://ilpp/UnityILPP.PostProcessing/Ping application/grpc - - 200 - application/grpc 30.9089ms
Starting: C:\Program Files\Unity\Hub\Editor\6000.3.10f1\Editor\Data\Tools\BuildPipeline\bee_backend.exe --ipc --defer-dag-verification --dagfile="Library/Bee/1900b0aE.dag" --continue-on-failure --profile="Library/Bee/backend1.traceevents" ScriptAssemblies
WorkingDir: E:/Unity/Up Iz Up Mini
DisplayProgressbar: Compiling Scripts
info: Microsoft.AspNetCore.Hosting.Diagnostics[1]
      Request starting HTTP/2 POST http://ilpp/UnityILPP.PostProcessing/ConfigurePostProcessors application/grpc -
info: Microsoft.AspNetCore.Routing.EndpointMiddleware[0]
      Executing endpoint 'gRPC - /UnityILPP.PostProcessing/ConfigurePostProcessors'
warn: Unity.ILPP.Runner.PostProcessingAssemblyLoadContext[0]
      Assembly system.runtime.interopservices.windowsruntime has duplicate hint path. Ignoring "C:\Program Files\Unity\Hub\Editor\6000.3.10f1\Editor\Data\UnityReferenceAssemblies\unity-4.8-api\Facades\System.Runtime.InteropServices.WindowsRuntime.dll" in favor of "C:\Program Files\Unity\Hub\Editor\6000.3.10f1\Editor\Data\NetStandard\Extensions\2.0.0\System.Runtime.InteropServices.WindowsRuntime.dll"
warn: Unity.ILPP.Runner.PostProcessingAssemblyLoadContext[0]
      Assembly system.componentmodel.composition has duplicate hint path. Ignoring "C:\Program Files\Unity\Hub\Editor\6000.3.10f1\Editor\Data\UnityReferenceAssemblies\unity-4.8-api\System.ComponentModel.Composition.dll" in favor of "C:\Program Files\Unity\Hub\Editor\6000.3.10f1\Editor\Data\NetStandard\compat\2.1.0\shims\netfx\System.ComponentModel.Composition.dll"
info: Unity.ILPP.Runner.PostProcessingAssemblyLoadContext[0]
      Resolved Unity.Burst.Cecil, Version=0.11.4.0, Culture=neutral, PublicKeyToken=50cebf1cceb9d05e with Library\PackageCache\com.unity.burst@07790c2d06d9\Unity.Burst.CodeGen\Unity.Burst.Cecil.dll
info: Unity.ILPP.Runner.PostProcessingAssemblyLoadContext[0]
      Resolved Mono.Cecil, Version=0.11.5.0, Culture=neutral, PublicKeyToken=50cebf1cceb9d05e with Library\PackageCache\com.unity.nuget.mono-cecil@ecb9724e46ff\Mono.Cecil.dll
info: Microsoft.AspNetCore.Routing.EndpointMiddleware[1]
      Executed endpoint 'gRPC - /UnityILPP.PostProcessing/ConfigurePostProcessors'
info: Microsoft.AspNetCore.Hosting.Diagnostics[2]
      Request finished HTTP/2 POST http://ilpp/UnityILPP.PostProcessing/ConfigurePostProcessors application/grpc - - 200 - application/grpc 43.6368ms
ExitCode: 0 Duration: 0s217ms
[545/687    0s] ILPP-Configuration Library/ilpp-configuration.nevergeneratedoutput
*** Tundra build success (0.18 seconds), 1 items updated, 687 evaluated
AssetDatabase: script compilation time: 0.566408s
Begin MonoManager ReloadAssembly
- Loaded All Assemblies, in  0.531 seconds
Refreshing native plugins compatible for Editor in 0.15 ms, found 0 plugins.
Native extension for WindowsStandalone target not found
Native extension for WebGL target not found
[MODES] ModeService[none].Initialize
[MODES] ModeService[none].LoadModes
[MODES] Loading mode Default (0) for mode-current-id-Up Iz Up Mini
ScheduleIndexationOnStartup MainProcess:True IndexOnStartup:True
Mono: successfully reloaded assembly
- Finished resetting the current domain, in  1.660 seconds
Domain Reload Profiling: 2188ms
	BeginReloadAssembly (254ms)
		ExecutionOrderSort (0ms)
		DisableScriptedObjects (8ms)
		BackupInstance (0ms)
		ReleaseScriptingObjects (0ms)
		CreateAndSetChildDomain (141ms)
	RebuildCommonClasses (29ms)
	RebuildNativeTypeToScriptingClass (8ms)
	initialDomainReloadingComplete (20ms)
	LoadAllAssembliesAndSetupDomain (217ms)
		LoadAssemblies (218ms)
		RebuildTransferFunctionScriptingTraits (0ms)
		AnalyzeDomain (80ms)
			TypeCache.Refresh (55ms)
				TypeCache.ScanAssembly (48ms)
			BuildScriptInfoCaches (20ms)
			ResolveRequiredComponents (3ms)
	FinalizeReload (1660ms)
		ReleaseScriptCaches (0ms)
		RebuildScriptCaches (0ms)
		SetupLoadedEditorAssemblies (1549ms)
			LogAssemblyErrors (0ms)
			InitializePlatformSupportModulesInManaged (21ms)
			SetLoadedEditorAssemblies (2ms)
			BeforeProcessingInitializeOnLoad (106ms)
			ProcessInitializeOnLoadAttributes (1331ms)
			ProcessInitializeOnLoadMethodAttributes (83ms)
			AfterProcessingInitializeOnLoad (6ms)
			EditorAssembliesLoaded (0ms)
		ExecutionOrderSort2 (0ms)
		AwakeInstancesAfterBackupRestoration (11ms)
Asset Pipeline Refresh (id=fae96dccd944dab4dbf84a68af2682fd): Total: 3.036 seconds - Initiated by InitialRefreshV2(ForceSynchronousImport)
	Summary:
		Imports: total=0 (actual=0, local cache=0, cache server=0)
		Asset DB Process Time: managed=0 ms, native=1869 ms
		Asset DB Callback time: managed=21 ms, native=18 ms
		Scripting: domain reloads=1, domain reload time=531 ms, compile time=570 ms, other=25 ms
		Project Asset Count: scripts=1052, non-scripts=3899
		Asset File Changes: new=0, changed=0, moved=0, deleted=0
		Scan Filter Count: 0
	InvokeCustomDependenciesCallbacks: 0.001ms
	InvokePackagesCallback: 19.960ms
	ApplyChangesToAssetFolders: 0.516ms
	Scan: 57.387ms
	OnSourceAssetsModified: 0.002ms
	CategorizeAssetsWithTransientArtifact: 11.827ms
	ProcessAssetsWithTransientArtifactChanges: 32.056ms
	CategorizeAssets: 29.772ms
	ImportOutOfDateAssets: 1664.901ms (1093.821ms without children)
		CompileScripts: 569.647ms
		ReloadNativeAssets: 0.001ms
		UnloadImportedAssets: 0.162ms
		EnsureUptoDateAssetsAreRegisteredWithGuidPM: 0.617ms
		InitializingProgressBar: 0.000ms
		PostProcessAllAssetNotificationsAddChangedAssets: 0.001ms
		OnDemandSchedulerStart: 0.654ms
	PostProcessAllAssets: 21.446ms
	GatherAllCurrentPrimaryArtifactRevisions: 0.004ms
	UnloadStreamsBegin: 1.337ms
	PersistCurrentRevisions: 0.145ms
	UnloadStreamsEnd: 0.001ms
	GenerateScriptTypeHashes: 2.054ms
	Untracked: 1196.484ms

Application.AssetDatabase Initial Refresh End
Scanning for USB devices : 0.676ms
Initializing Unity extensions:
Unloading 48 Unused Serialized files (Serialized files now loaded: 0)
Unloading 3446 unused Assets / (17.2 MB). Loaded Objects now: 4050.
Memory consumption went from 174.6 MB to 157.4 MB.
Total: 10.182400 ms (FindLiveObjects: 0.315800 ms CreateObjectMapping: 0.254500 ms MarkObjects: 5.207000 ms  DeleteObjects: 4.404400 ms)

MINI-120 HIT CHECK: straight ahead (0 deg), varying distance:
UnityEngine.Debug:ExtractStackTraceNoAlloc (byte*,int,string)
UnityEngine.StackTraceUtility:ExtractStackTrace ()
UnityEngine.DebugLogHandler:Internal_Log (UnityEngine.LogType,UnityEngine.LogOption,string,UnityEngine.Object)
UnityEngine.DebugLogHandler:LogFormat (UnityEngine.LogType,UnityEngine.Object,string,object[])
UnityEngine.Logger:Log (UnityEngine.LogType,object)
UnityEngine.Debug:Log (object)
UpIzUpMini.EditorTools.Mini120HitDetectionCheck:Run () (at Assets/UpIzUpMini/Editor/Mini120HitDetectionCheck.cs:31)

(Filename: Assets/UpIzUpMini/Editor/Mini120HitDetectionCheck.cs Line: 31)

MINI-120 HIT CHECK:   distance=0.5m -> hit=True
UnityEngine.Debug:ExtractStackTraceNoAlloc (byte*,int,string)
UnityEngine.StackTraceUtility:ExtractStackTrace ()
UnityEngine.DebugLogHandler:Internal_Log (UnityEngine.LogType,UnityEngine.LogOption,string,UnityEngine.Object)
UnityEngine.DebugLogHandler:LogFormat (UnityEngine.LogType,UnityEngine.Object,string,object[])
UnityEngine.Logger:Log (UnityEngine.LogType,object)
UnityEngine.Debug:Log (object)
UpIzUpMini.EditorTools.Mini120HitDetectionCheck:Run () (at Assets/UpIzUpMini/Editor/Mini120HitDetectionCheck.cs:36)

(Filename: Assets/UpIzUpMini/Editor/Mini120HitDetectionCheck.cs Line: 36)

MINI-120 HIT CHECK:   distance=0.6m -> hit=True
UnityEngine.Debug:ExtractStackTraceNoAlloc (byte*,int,string)
UnityEngine.StackTraceUtility:ExtractStackTrace ()
UnityEngine.DebugLogHandler:Internal_Log (UnityEngine.LogType,UnityEngine.LogOption,string,UnityEngine.Object)
UnityEngine.DebugLogHandler:LogFormat (UnityEngine.LogType,UnityEngine.Object,string,object[])
UnityEngine.Logger:Log (UnityEngine.LogType,object)
UnityEngine.Debug:Log (object)
UpIzUpMini.EditorTools.Mini120HitDetectionCheck:Run () (at Assets/UpIzUpMini/Editor/Mini120HitDetectionCheck.cs:36)

(Filename: Assets/UpIzUpMini/Editor/Mini120HitDetectionCheck.cs Line: 36)

MINI-120 HIT CHECK:   distance=0.7m -> hit=True
UnityEngine.Debug:ExtractStackTraceNoAlloc (byte*,int,string)
UnityEngine.StackTraceUtility:ExtractStackTrace ()
UnityEngine.DebugLogHandler:Internal_Log (UnityEngine.LogType,UnityEngine.LogOption,string,UnityEngine.Object)
UnityEngine.DebugLogHandler:LogFormat (UnityEngine.LogType,UnityEngine.Object,string,object[])
UnityEngine.Logger:Log (UnityEngine.LogType,object)
UnityEngine.Debug:Log (object)
UpIzUpMini.EditorTools.Mini120HitDetectionCheck:Run () (at Assets/UpIzUpMini/Editor/Mini120HitDetectionCheck.cs:36)

(Filename: Assets/UpIzUpMini/Editor/Mini120HitDetectionCheck.cs Line: 36)

MINI-120 HIT CHECK:   distance=0.8m -> hit=True
UnityEngine.Debug:ExtractStackTraceNoAlloc (byte*,int,string)
UnityEngine.StackTraceUtility:ExtractStackTrace ()
UnityEngine.DebugLogHandler:Internal_Log (UnityEngine.LogType,UnityEngine.LogOption,string,UnityEngine.Object)
UnityEngine.DebugLogHandler:LogFormat (UnityEngine.LogType,UnityEngine.Object,string,object[])
UnityEngine.Logger:Log (UnityEngine.LogType,object)
UnityEngine.Debug:Log (object)
UpIzUpMini.EditorTools.Mini120HitDetectionCheck:Run () (at Assets/UpIzUpMini/Editor/Mini120HitDetectionCheck.cs:36)

(Filename: Assets/UpIzUpMini/Editor/Mini120HitDetectionCheck.cs Line: 36)

MINI-120 HIT CHECK:   distance=0.9m -> hit=True
UnityEngine.Debug:ExtractStackTraceNoAlloc (byte*,int,string)
UnityEngine.StackTraceUtility:ExtractStackTrace ()
UnityEngine.DebugLogHandler:Internal_Log (UnityEngine.LogType,UnityEngine.LogOption,string,UnityEngine.Object)
UnityEngine.DebugLogHandler:LogFormat (UnityEngine.LogType,UnityEngine.Object,string,object[])
UnityEngine.Logger:Log (UnityEngine.LogType,object)
UnityEngine.Debug:Log (object)
UpIzUpMini.EditorTools.Mini120HitDetectionCheck:Run () (at Assets/UpIzUpMini/Editor/Mini120HitDetectionCheck.cs:36)

(Filename: Assets/UpIzUpMini/Editor/Mini120HitDetectionCheck.cs Line: 36)

MINI-120 HIT CHECK:   distance=1.0m -> hit=True
UnityEngine.Debug:ExtractStackTraceNoAlloc (byte*,int,string)
UnityEngine.StackTraceUtility:ExtractStackTrace ()
UnityEngine.DebugLogHandler:Internal_Log (UnityEngine.LogType,UnityEngine.LogOption,string,UnityEngine.Object)
UnityEngine.DebugLogHandler:LogFormat (UnityEngine.LogType,UnityEngine.Object,string,object[])
UnityEngine.Logger:Log (UnityEngine.LogType,object)
UnityEngine.Debug:Log (object)
UpIzUpMini.EditorTools.Mini120HitDetectionCheck:Run () (at Assets/UpIzUpMini/Editor/Mini120HitDetectionCheck.cs:36)

(Filename: Assets/UpIzUpMini/Editor/Mini120HitDetectionCheck.cs Line: 36)

MINI-120 HIT CHECK:   distance=1.1m -> hit=True
UnityEngine.Debug:ExtractStackTraceNoAlloc (byte*,int,string)
UnityEngine.StackTraceUtility:ExtractStackTrace ()
UnityEngine.DebugLogHandler:Internal_Log (UnityEngine.LogType,UnityEngine.LogOption,string,UnityEngine.Object)
UnityEngine.DebugLogHandler:LogFormat (UnityEngine.LogType,UnityEngine.Object,string,object[])
UnityEngine.Logger:Log (UnityEngine.LogType,object)
UnityEngine.Debug:Log (object)
UpIzUpMini.EditorTools.Mini120HitDetectionCheck:Run () (at Assets/UpIzUpMini/Editor/Mini120HitDetectionCheck.cs:36)

(Filename: Assets/UpIzUpMini/Editor/Mini120HitDetectionCheck.cs Line: 36)

MINI-120 HIT CHECK:   distance=1.2m -> hit=True
UnityEngine.Debug:ExtractStackTraceNoAlloc (byte*,int,string)
UnityEngine.StackTraceUtility:ExtractStackTrace ()
UnityEngine.DebugLogHandler:Internal_Log (UnityEngine.LogType,UnityEngine.LogOption,string,UnityEngine.Object)
UnityEngine.DebugLogHandler:LogFormat (UnityEngine.LogType,UnityEngine.Object,string,object[])
UnityEngine.Logger:Log (UnityEngine.LogType,object)
UnityEngine.Debug:Log (object)
UpIzUpMini.EditorTools.Mini120HitDetectionCheck:Run () (at Assets/UpIzUpMini/Editor/Mini120HitDetectionCheck.cs:36)

(Filename: Assets/UpIzUpMini/Editor/Mini120HitDetectionCheck.cs Line: 36)

MINI-120 HIT CHECK:   distance=1.3m -> hit=True
UnityEngine.Debug:ExtractStackTraceNoAlloc (byte*,int,string)
UnityEngine.StackTraceUtility:ExtractStackTrace ()
UnityEngine.DebugLogHandler:Internal_Log (UnityEngine.LogType,UnityEngine.LogOption,string,UnityEngine.Object)
UnityEngine.DebugLogHandler:LogFormat (UnityEngine.LogType,UnityEngine.Object,string,object[])
UnityEngine.Logger:Log (UnityEngine.LogType,object)
UnityEngine.Debug:Log (object)
UpIzUpMini.EditorTools.Mini120HitDetectionCheck:Run () (at Assets/UpIzUpMini/Editor/Mini120HitDetectionCheck.cs:36)

(Filename: Assets/UpIzUpMini/Editor/Mini120HitDetectionCheck.cs Line: 36)

MINI-120 HIT CHECK:   distance=1.4m -> hit=True
UnityEngine.Debug:ExtractStackTraceNoAlloc (byte*,int,string)
UnityEngine.StackTraceUtility:ExtractStackTrace ()
UnityEngine.DebugLogHandler:Internal_Log (UnityEngine.LogType,UnityEngine.LogOption,string,UnityEngine.Object)
UnityEngine.DebugLogHandler:LogFormat (UnityEngine.LogType,UnityEngine.Object,string,object[])
UnityEngine.Logger:Log (UnityEngine.LogType,object)
UnityEngine.Debug:Log (object)
UpIzUpMini.EditorTools.Mini120HitDetectionCheck:Run () (at Assets/UpIzUpMini/Editor/Mini120HitDetectionCheck.cs:36)

(Filename: Assets/UpIzUpMini/Editor/Mini120HitDetectionCheck.cs Line: 36)

MINI-120 HIT CHECK:   distance=1.5m -> hit=True
UnityEngine.Debug:ExtractStackTraceNoAlloc (byte*,int,string)
UnityEngine.StackTraceUtility:ExtractStackTrace ()
UnityEngine.DebugLogHandler:Internal_Log (UnityEngine.LogType,UnityEngine.LogOption,string,UnityEngine.Object)
UnityEngine.DebugLogHandler:LogFormat (UnityEngine.LogType,UnityEngine.Object,string,object[])
UnityEngine.Logger:Log (UnityEngine.LogType,object)
UnityEngine.Debug:Log (object)
UpIzUpMini.EditorTools.Mini120HitDetectionCheck:Run () (at Assets/UpIzUpMini/Editor/Mini120HitDetectionCheck.cs:36)

(Filename: Assets/UpIzUpMini/Editor/Mini120HitDetectionCheck.cs Line: 36)

MINI-120 HIT CHECK:   distance=1.6m -> hit=True
UnityEngine.Debug:ExtractStackTraceNoAlloc (byte*,int,string)
UnityEngine.StackTraceUtility:ExtractStackTrace ()
UnityEngine.DebugLogHandler:Internal_Log (UnityEngine.LogType,UnityEngine.LogOption,string,UnityEngine.Object)
UnityEngine.DebugLogHandler:LogFormat (UnityEngine.LogType,UnityEngine.Object,string,object[])
UnityEngine.Logger:Log (UnityEngine.LogType,object)
UnityEngine.Debug:Log (object)
UpIzUpMini.EditorTools.Mini120HitDetectionCheck:Run () (at Assets/UpIzUpMini/Editor/Mini120HitDetectionCheck.cs:36)

(Filename: Assets/UpIzUpMini/Editor/Mini120HitDetectionCheck.cs Line: 36)

MINI-120 HIT CHECK:   distance=1.7m -> hit=True
UnityEngine.Debug:ExtractStackTraceNoAlloc (byte*,int,string)
UnityEngine.StackTraceUtility:ExtractStackTrace ()
UnityEngine.DebugLogHandler:Internal_Log (UnityEngine.LogType,UnityEngine.LogOption,string,UnityEngine.Object)
UnityEngine.DebugLogHandler:LogFormat (UnityEngine.LogType,UnityEngine.Object,string,object[])
UnityEngine.Logger:Log (UnityEngine.LogType,object)
UnityEngine.Debug:Log (object)
UpIzUpMini.EditorTools.Mini120HitDetectionCheck:Run () (at Assets/UpIzUpMini/Editor/Mini120HitDetectionCheck.cs:36)

(Filename: Assets/UpIzUpMini/Editor/Mini120HitDetectionCheck.cs Line: 36)

MINI-120 HIT CHECK:   distance=1.8m -> hit=True
UnityEngine.Debug:ExtractStackTraceNoAlloc (byte*,int,string)
UnityEngine.StackTraceUtility:ExtractStackTrace ()
UnityEngine.DebugLogHandler:Internal_Log (UnityEngine.LogType,UnityEngine.LogOption,string,UnityEngine.Object)
UnityEngine.DebugLogHandler:LogFormat (UnityEngine.LogType,UnityEngine.Object,string,object[])
UnityEngine.Logger:Log (UnityEngine.LogType,object)
UnityEngine.Debug:Log (object)
UpIzUpMini.EditorTools.Mini120HitDetectionCheck:Run () (at Assets/UpIzUpMini/Editor/Mini120HitDetectionCheck.cs:36)

(Filename: Assets/UpIzUpMini/Editor/Mini120HitDetectionCheck.cs Line: 36)

MINI-120 HIT CHECK:   distance=1.9m -> hit=True
UnityEngine.Debug:ExtractStackTraceNoAlloc (byte*,int,string)
UnityEngine.StackTraceUtility:ExtractStackTrace ()
UnityEngine.DebugLogHandler:Internal_Log (UnityEngine.LogType,UnityEngine.LogOption,string,UnityEngine.Object)
UnityEngine.DebugLogHandler:LogFormat (UnityEngine.LogType,UnityEngine.Object,string,object[])
UnityEngine.Logger:Log (UnityEngine.LogType,object)
UnityEngine.Debug:Log (object)
UpIzUpMini.EditorTools.Mini120HitDetectionCheck:Run () (at Assets/UpIzUpMini/Editor/Mini120HitDetectionCheck.cs:36)

(Filename: Assets/UpIzUpMini/Editor/Mini120HitDetectionCheck.cs Line: 36)

MINI-120 HIT CHECK:   distance=2.0m -> hit=True
UnityEngine.Debug:ExtractStackTraceNoAlloc (byte*,int,string)
UnityEngine.StackTraceUtility:ExtractStackTrace ()
UnityEngine.DebugLogHandler:Internal_Log (UnityEngine.LogType,UnityEngine.LogOption,string,UnityEngine.Object)
UnityEngine.DebugLogHandler:LogFormat (UnityEngine.LogType,UnityEngine.Object,string,object[])
UnityEngine.Logger:Log (UnityEngine.LogType,object)
UnityEngine.Debug:Log (object)
UpIzUpMini.EditorTools.Mini120HitDetectionCheck:Run () (at Assets/UpIzUpMini/Editor/Mini120HitDetectionCheck.cs:36)

(Filename: Assets/UpIzUpMini/Editor/Mini120HitDetectionCheck.cs Line: 36)

MINI-120 HIT CHECK:   distance=2.1m -> hit=True
UnityEngine.Debug:ExtractStackTraceNoAlloc (byte*,int,string)
UnityEngine.StackTraceUtility:ExtractStackTrace ()
UnityEngine.DebugLogHandler:Internal_Log (UnityEngine.LogType,UnityEngine.LogOption,string,UnityEngine.Object)
UnityEngine.DebugLogHandler:LogFormat (UnityEngine.LogType,UnityEngine.Object,string,object[])
UnityEngine.Logger:Log (UnityEngine.LogType,object)
UnityEngine.Debug:Log (object)
UpIzUpMini.EditorTools.Mini120HitDetectionCheck:Run () (at Assets/UpIzUpMini/Editor/Mini120HitDetectionCheck.cs:36)

(Filename: Assets/UpIzUpMini/Editor/Mini120HitDetectionCheck.cs Line: 36)

MINI-120 HIT CHECK:   distance=2.2m -> hit=True
UnityEngine.Debug:ExtractStackTraceNoAlloc (byte*,int,string)
UnityEngine.StackTraceUtility:ExtractStackTrace ()
UnityEngine.DebugLogHandler:Internal_Log (UnityEngine.LogType,UnityEngine.LogOption,string,UnityEngine.Object)
UnityEngine.DebugLogHandler:LogFormat (UnityEngine.LogType,UnityEngine.Object,string,object[])
UnityEngine.Logger:Log (UnityEngine.LogType,object)
UnityEngine.Debug:Log (object)
UpIzUpMini.EditorTools.Mini120HitDetectionCheck:Run () (at Assets/UpIzUpMini/Editor/Mini120HitDetectionCheck.cs:36)

(Filename: Assets/UpIzUpMini/Editor/Mini120HitDetectionCheck.cs Line: 36)

MINI-120 HIT CHECK:   distance=2.3m -> hit=True
UnityEngine.Debug:ExtractStackTraceNoAlloc (byte*,int,string)
UnityEngine.StackTraceUtility:ExtractStackTrace ()
UnityEngine.DebugLogHandler:Internal_Log (UnityEngine.LogType,UnityEngine.LogOption,string,UnityEngine.Object)
UnityEngine.DebugLogHandler:LogFormat (UnityEngine.LogType,UnityEngine.Object,string,object[])
UnityEngine.Logger:Log (UnityEngine.LogType,object)
UnityEngine.Debug:Log (object)
UpIzUpMini.EditorTools.Mini120HitDetectionCheck:Run () (at Assets/UpIzUpMini/Editor/Mini120HitDetectionCheck.cs:36)

(Filename: Assets/UpIzUpMini/Editor/Mini120HitDetectionCheck.cs Line: 36)

MINI-120 HIT CHECK:   distance=2.4m -> hit=False
UnityEngine.Debug:ExtractStackTraceNoAlloc (byte*,int,string)
UnityEngine.StackTraceUtility:ExtractStackTrace ()
UnityEngine.DebugLogHandler:Internal_Log (UnityEngine.LogType,UnityEngine.LogOption,string,UnityEngine.Object)
UnityEngine.DebugLogHandler:LogFormat (UnityEngine.LogType,UnityEngine.Object,string,object[])
UnityEngine.Logger:Log (UnityEngine.LogType,object)
UnityEngine.Debug:Log (object)
UpIzUpMini.EditorTools.Mini120HitDetectionCheck:Run () (at Assets/UpIzUpMini/Editor/Mini120HitDetectionCheck.cs:36)

(Filename: Assets/UpIzUpMini/Editor/Mini120HitDetectionCheck.cs Line: 36)

MINI-120 HIT CHECK: at 1.0m ahead, varying lateral offset (how wide the miss window is):
UnityEngine.Debug:ExtractStackTraceNoAlloc (byte*,int,string)
UnityEngine.StackTraceUtility:ExtractStackTrace ()
UnityEngine.DebugLogHandler:Internal_Log (UnityEngine.LogType,UnityEngine.LogOption,string,UnityEngine.Object)
UnityEngine.DebugLogHandler:LogFormat (UnityEngine.LogType,UnityEngine.Object,string,object[])
UnityEngine.Logger:Log (UnityEngine.LogType,object)
UnityEngine.Debug:Log (object)
UpIzUpMini.EditorTools.Mini120HitDetectionCheck:Run () (at Assets/UpIzUpMini/Editor/Mini120HitDetectionCheck.cs:39)

(Filename: Assets/UpIzUpMini/Editor/Mini120HitDetectionCheck.cs Line: 39)

MINI-120 HIT CHECK:   lateral=-1.20m @ 1.0m ahead -> hit=False
UnityEngine.Debug:ExtractStackTraceNoAlloc (byte*,int,string)
UnityEngine.StackTraceUtility:ExtractStackTrace ()
UnityEngine.DebugLogHandler:Internal_Log (UnityEngine.LogType,UnityEngine.LogOption,string,UnityEngine.Object)
UnityEngine.DebugLogHandler:LogFormat (UnityEngine.LogType,UnityEngine.Object,string,object[])
UnityEngine.Logger:Log (UnityEngine.LogType,object)
UnityEngine.Debug:Log (object)
UpIzUpMini.EditorTools.Mini120HitDetectionCheck:Run () (at Assets/UpIzUpMini/Editor/Mini120HitDetectionCheck.cs:44)

(Filename: Assets/UpIzUpMini/Editor/Mini120HitDetectionCheck.cs Line: 44)

MINI-120 HIT CHECK:   lateral=-1.05m @ 1.0m ahead -> hit=False
UnityEngine.Debug:ExtractStackTraceNoAlloc (byte*,int,string)
UnityEngine.StackTraceUtility:ExtractStackTrace ()
UnityEngine.DebugLogHandler:Internal_Log (UnityEngine.LogType,UnityEngine.LogOption,string,UnityEngine.Object)
UnityEngine.DebugLogHandler:LogFormat (UnityEngine.LogType,UnityEngine.Object,string,object[])
UnityEngine.Logger:Log (UnityEngine.LogType,object)
UnityEngine.Debug:Log (object)
UpIzUpMini.EditorTools.Mini120HitDetectionCheck:Run () (at Assets/UpIzUpMini/Editor/Mini120HitDetectionCheck.cs:44)

(Filename: Assets/UpIzUpMini/Editor/Mini120HitDetectionCheck.cs Line: 44)

MINI-120 HIT CHECK:   lateral=-0.90m @ 1.0m ahead -> hit=False
UnityEngine.Debug:ExtractStackTraceNoAlloc (byte*,int,string)
UnityEngine.StackTraceUtility:ExtractStackTrace ()
UnityEngine.DebugLogHandler:Internal_Log (UnityEngine.LogType,UnityEngine.LogOption,string,UnityEngine.Object)
UnityEngine.DebugLogHandler:LogFormat (UnityEngine.LogType,UnityEngine.Object,string,object[])
UnityEngine.Logger:Log (UnityEngine.LogType,object)
UnityEngine.Debug:Log (object)
UpIzUpMini.EditorTools.Mini120HitDetectionCheck:Run () (at Assets/UpIzUpMini/Editor/Mini120HitDetectionCheck.cs:44)

(Filename: Assets/UpIzUpMini/Editor/Mini120HitDetectionCheck.cs Line: 44)

MINI-120 HIT CHECK:   lateral=-0.75m @ 1.0m ahead -> hit=False
UnityEngine.Debug:ExtractStackTraceNoAlloc (byte*,int,string)
UnityEngine.StackTraceUtility:ExtractStackTrace ()
UnityEngine.DebugLogHandler:Internal_Log (UnityEngine.LogType,UnityEngine.LogOption,string,UnityEngine.Object)
UnityEngine.DebugLogHandler:LogFormat (UnityEngine.LogType,UnityEngine.Object,string,object[])
UnityEngine.Logger:Log (UnityEngine.LogType,object)
UnityEngine.Debug:Log (object)
UpIzUpMini.EditorTools.Mini120HitDetectionCheck:Run () (at Assets/UpIzUpMini/Editor/Mini120HitDetectionCheck.cs:44)

(Filename: Assets/UpIzUpMini/Editor/Mini120HitDetectionCheck.cs Line: 44)

MINI-120 HIT CHECK:   lateral=-0.60m @ 1.0m ahead -> hit=True
UnityEngine.Debug:ExtractStackTraceNoAlloc (byte*,int,string)
UnityEngine.StackTraceUtility:ExtractStackTrace ()
UnityEngine.DebugLogHandler:Internal_Log (UnityEngine.LogType,UnityEngine.LogOption,string,UnityEngine.Object)
UnityEngine.DebugLogHandler:LogFormat (UnityEngine.LogType,UnityEngine.Object,string,object[])
UnityEngine.Logger:Log (UnityEngine.LogType,object)
UnityEngine.Debug:Log (object)
UpIzUpMini.EditorTools.Mini120HitDetectionCheck:Run () (at Assets/UpIzUpMini/Editor/Mini120HitDetectionCheck.cs:44)

(Filename: Assets/UpIzUpMini/Editor/Mini120HitDetectionCheck.cs Line: 44)

MINI-120 HIT CHECK:   lateral=-0.45m @ 1.0m ahead -> hit=True
UnityEngine.Debug:ExtractStackTraceNoAlloc (byte*,int,string)
UnityEngine.StackTraceUtility:ExtractStackTrace ()
UnityEngine.DebugLogHandler:Internal_Log (UnityEngine.LogType,UnityEngine.LogOption,string,UnityEngine.Object)
UnityEngine.DebugLogHandler:LogFormat (UnityEngine.LogType,UnityEngine.Object,string,object[])
UnityEngine.Logger:Log (UnityEngine.LogType,object)
UnityEngine.Debug:Log (object)
UpIzUpMini.EditorTools.Mini120HitDetectionCheck:Run () (at Assets/UpIzUpMini/Editor/Mini120HitDetectionCheck.cs:44)

(Filename: Assets/UpIzUpMini/Editor/Mini120HitDetectionCheck.cs Line: 44)

MINI-120 HIT CHECK:   lateral=-0.30m @ 1.0m ahead -> hit=True
UnityEngine.Debug:ExtractStackTraceNoAlloc (byte*,int,string)
UnityEngine.StackTraceUtility:ExtractStackTrace ()
UnityEngine.DebugLogHandler:Internal_Log (UnityEngine.LogType,UnityEngine.LogOption,string,UnityEngine.Object)
UnityEngine.DebugLogHandler:LogFormat (UnityEngine.LogType,UnityEngine.Object,string,object[])
UnityEngine.Logger:Log (UnityEngine.LogType,object)
UnityEngine.Debug:Log (object)
UpIzUpMini.EditorTools.Mini120HitDetectionCheck:Run () (at Assets/UpIzUpMini/Editor/Mini120HitDetectionCheck.cs:44)

(Filename: Assets/UpIzUpMini/Editor/Mini120HitDetectionCheck.cs Line: 44)

MINI-120 HIT CHECK:   lateral=-0.15m @ 1.0m ahead -> hit=True
UnityEngine.Debug:ExtractStackTraceNoAlloc (byte*,int,string)
UnityEngine.StackTraceUtility:ExtractStackTrace ()
UnityEngine.DebugLogHandler:Internal_Log (UnityEngine.LogType,UnityEngine.LogOption,string,UnityEngine.Object)
UnityEngine.DebugLogHandler:LogFormat (UnityEngine.LogType,UnityEngine.Object,string,object[])
UnityEngine.Logger:Log (UnityEngine.LogType,object)
UnityEngine.Debug:Log (object)
UpIzUpMini.EditorTools.Mini120HitDetectionCheck:Run () (at Assets/UpIzUpMini/Editor/Mini120HitDetectionCheck.cs:44)

(Filename: Assets/UpIzUpMini/Editor/Mini120HitDetectionCheck.cs Line: 44)

MINI-120 HIT CHECK:   lateral=0.00m @ 1.0m ahead -> hit=True
UnityEngine.Debug:ExtractStackTraceNoAlloc (byte*,int,string)
UnityEngine.StackTraceUtility:ExtractStackTrace ()
UnityEngine.DebugLogHandler:Internal_Log (UnityEngine.LogType,UnityEngine.LogOption,string,UnityEngine.Object)
UnityEngine.DebugLogHandler:LogFormat (UnityEngine.LogType,UnityEngine.Object,string,object[])
UnityEngine.Logger:Log (UnityEngine.LogType,object)
UnityEngine.Debug:Log (object)
UpIzUpMini.EditorTools.Mini120HitDetectionCheck:Run () (at Assets/UpIzUpMini/Editor/Mini120HitDetectionCheck.cs:44)

(Filename: Assets/UpIzUpMini/Editor/Mini120HitDetectionCheck.cs Line: 44)

MINI-120 HIT CHECK:   lateral=0.15m @ 1.0m ahead -> hit=True
UnityEngine.Debug:ExtractStackTraceNoAlloc (byte*,int,string)
UnityEngine.StackTraceUtility:ExtractStackTrace ()
UnityEngine.DebugLogHandler:Internal_Log (UnityEngine.LogType,UnityEngine.LogOption,string,UnityEngine.Object)
UnityEngine.DebugLogHandler:LogFormat (UnityEngine.LogType,UnityEngine.Object,string,object[])
UnityEngine.Logger:Log (UnityEngine.LogType,object)
UnityEngine.Debug:Log (object)
UpIzUpMini.EditorTools.Mini120HitDetectionCheck:Run () (at Assets/UpIzUpMini/Editor/Mini120HitDetectionCheck.cs:44)

(Filename: Assets/UpIzUpMini/Editor/Mini120HitDetectionCheck.cs Line: 44)

MINI-120 HIT CHECK:   lateral=0.30m @ 1.0m ahead -> hit=True
UnityEngine.Debug:ExtractStackTraceNoAlloc (byte*,int,string)
UnityEngine.StackTraceUtility:ExtractStackTrace ()
UnityEngine.DebugLogHandler:Internal_Log (UnityEngine.LogType,UnityEngine.LogOption,string,UnityEngine.Object)
UnityEngine.DebugLogHandler:LogFormat (UnityEngine.LogType,UnityEngine.Object,string,object[])
UnityEngine.Logger:Log (UnityEngine.LogType,object)
UnityEngine.Debug:Log (object)
UpIzUpMini.EditorTools.Mini120HitDetectionCheck:Run () (at Assets/UpIzUpMini/Editor/Mini120HitDetectionCheck.cs:44)

(Filename: Assets/UpIzUpMini/Editor/Mini120HitDetectionCheck.cs Line: 44)

MINI-120 HIT CHECK:   lateral=0.45m @ 1.0m ahead -> hit=True
UnityEngine.Debug:ExtractStackTraceNoAlloc (byte*,int,string)
UnityEngine.StackTraceUtility:ExtractStackTrace ()
UnityEngine.DebugLogHandler:Internal_Log (UnityEngine.LogType,UnityEngine.LogOption,string,UnityEngine.Object)
UnityEngine.DebugLogHandler:LogFormat (UnityEngine.LogType,UnityEngine.Object,string,object[])
UnityEngine.Logger:Log (UnityEngine.LogType,object)
UnityEngine.Debug:Log (object)
UpIzUpMini.EditorTools.Mini120HitDetectionCheck:Run () (at Assets/UpIzUpMini/Editor/Mini120HitDetectionCheck.cs:44)

(Filename: Assets/UpIzUpMini/Editor/Mini120HitDetectionCheck.cs Line: 44)

MINI-120 HIT CHECK:   lateral=0.60m @ 1.0m ahead -> hit=True
UnityEngine.Debug:ExtractStackTraceNoAlloc (byte*,int,string)
UnityEngine.StackTraceUtility:ExtractStackTrace ()
UnityEngine.DebugLogHandler:Internal_Log (UnityEngine.LogType,UnityEngine.LogOption,string,UnityEngine.Object)
UnityEngine.DebugLogHandler:LogFormat (UnityEngine.LogType,UnityEngine.Object,string,object[])
UnityEngine.Logger:Log (UnityEngine.LogType,object)
UnityEngine.Debug:Log (object)
UpIzUpMini.EditorTools.Mini120HitDetectionCheck:Run () (at Assets/UpIzUpMini/Editor/Mini120HitDetectionCheck.cs:44)

(Filename: Assets/UpIzUpMini/Editor/Mini120HitDetectionCheck.cs Line: 44)

MINI-120 HIT CHECK:   lateral=0.75m @ 1.0m ahead -> hit=False
UnityEngine.Debug:ExtractStackTraceNoAlloc (byte*,int,string)
UnityEngine.StackTraceUtility:ExtractStackTrace ()
UnityEngine.DebugLogHandler:Internal_Log (UnityEngine.LogType,UnityEngine.LogOption,string,UnityEngine.Object)
UnityEngine.DebugLogHandler:LogFormat (UnityEngine.LogType,UnityEngine.Object,string,object[])
UnityEngine.Logger:Log (UnityEngine.LogType,object)
UnityEngine.Debug:Log (object)
UpIzUpMini.EditorTools.Mini120HitDetectionCheck:Run () (at Assets/UpIzUpMini/Editor/Mini120HitDetectionCheck.cs:44)

(Filename: Assets/UpIzUpMini/Editor/Mini120HitDetectionCheck.cs Line: 44)

MINI-120 HIT CHECK:   lateral=0.90m @ 1.0m ahead -> hit=False
UnityEngine.Debug:ExtractStackTraceNoAlloc (byte*,int,string)
UnityEngine.StackTraceUtility:ExtractStackTrace ()
UnityEngine.DebugLogHandler:Internal_Log (UnityEngine.LogType,UnityEngine.LogOption,string,UnityEngine.Object)
UnityEngine.DebugLogHandler:LogFormat (UnityEngine.LogType,UnityEngine.Object,string,object[])
UnityEngine.Logger:Log (UnityEngine.LogType,object)
UnityEngine.Debug:Log (object)
UpIzUpMini.EditorTools.Mini120HitDetectionCheck:Run () (at Assets/UpIzUpMini/Editor/Mini120HitDetectionCheck.cs:44)

(Filename: Assets/UpIzUpMini/Editor/Mini120HitDetectionCheck.cs Line: 44)

MINI-120 HIT CHECK:   lateral=1.05m @ 1.0m ahead -> hit=False
UnityEngine.Debug:ExtractStackTraceNoAlloc (byte*,int,string)
UnityEngine.StackTraceUtility:ExtractStackTrace ()
UnityEngine.DebugLogHandler:Internal_Log (UnityEngine.LogType,UnityEngine.LogOption,string,UnityEngine.Object)
UnityEngine.DebugLogHandler:LogFormat (UnityEngine.LogType,UnityEngine.Object,string,object[])
UnityEngine.Logger:Log (UnityEngine.LogType,object)
UnityEngine.Debug:Log (object)
UpIzUpMini.EditorTools.Mini120HitDetectionCheck:Run () (at Assets/UpIzUpMini/Editor/Mini120HitDetectionCheck.cs:44)

(Filename: Assets/UpIzUpMini/Editor/Mini120HitDetectionCheck.cs Line: 44)

MINI-120 HIT CHECK:   lateral=1.20m @ 1.0m ahead -> hit=False
UnityEngine.Debug:ExtractStackTraceNoAlloc (byte*,int,string)
UnityEngine.StackTraceUtility:ExtractStackTrace ()
UnityEngine.DebugLogHandler:Internal_Log (UnityEngine.LogType,UnityEngine.LogOption,string,UnityEngine.Object)
UnityEngine.DebugLogHandler:LogFormat (UnityEngine.LogType,UnityEngine.Object,string,object[])
UnityEngine.Logger:Log (UnityEngine.LogType,object)
UnityEngine.Debug:Log (object)
UpIzUpMini.EditorTools.Mini120HitDetectionCheck:Run () (at Assets/UpIzUpMini/Editor/Mini120HitDetectionCheck.cs:44)

(Filename: Assets/UpIzUpMini/Editor/Mini120HitDetectionCheck.cs Line: 44)

MINI-120 HIT CHECK: done (read-only, no scene touched).
UnityEngine.Debug:ExtractStackTraceNoAlloc (byte*,int,string)
UnityEngine.StackTraceUtility:ExtractStackTrace ()
UnityEngine.DebugLogHandler:Internal_Log (UnityEngine.LogType,UnityEngine.LogOption,string,UnityEngine.Object)
UnityEngine.DebugLogHandler:LogFormat (UnityEngine.LogType,UnityEngine.Object,string,object[])
UnityEngine.Logger:Log (UnityEngine.LogType,object)
UnityEngine.Debug:Log (object)
UpIzUpMini.EditorTools.Mini120HitDetectionCheck:Run () (at Assets/UpIzUpMini/Editor/Mini120HitDetectionCheck.cs:49)

(Filename: Assets/UpIzUpMini/Editor/Mini120HitDetectionCheck.cs Line: 49)

Batchmode quit successfully invoked - shutting down!
Curl error 42: Callback aborted
[Physics::Module] Cleanup current backend.
[Physics::Module] Id: 0xf2b8ea05
Input System module state changed to: ShutdownInProgress.
Input System polling thread exited.
Input System module state changed to: Shutdown.
[Licensing::IpcConnector] LicenseClient-PCSS-PC-notifications channel disconnected successfully.
[Licensing::IpcConnector] LicenseClient-PCSS-PC channel disconnected successfully.
AcceleratorClientConnectionCallback - disconnected - :0
Shut down.
Cleanup mono
abort_threads: Failed aborting id: 0000000000005804, mono_thread_manage will ignore it

abort_threads: Failed aborting id: 0000000000000194, mono_thread_manage will ignore it

abort_threads: Failed aborting id: 0000000000005804, mono_thread_manage will ignore it

abort_threads: Failed aborting id: 0000000000000194, mono_thread_manage will ignore it

debugger-agent: Unable to listen on 3380
Exiting batchmode successfully now!
Exiting without the bug reporter. Application will terminate with return code 0