[Licensing::Module] Trying to connect to existing licensing client channel...
Built from '6000.3/staging' branch; Version is '6000.3.10f1 (e35f0c77bd8e) revision 14901004'; Using compiler version '194234433'; Build Type 'Release'
OS: 'Windows 11  (10.0.26200) Professional' Language: 'en' Physical Memory: 15826 MB
BatchMode: 1, IsHumanControllingUs: 0, StartBugReporterOnCrash: 0, Is64bit: 1
[Licensing::IpcConnector] Successfully connected to: "LicenseClient-PCSS-PC" at "2026-08-23T12:33:59.2587373Z"
System  architecture: x64
Process architecture: x64
Date: 2026-08-23T12:33:59Z

COMMAND LINE ARGUMENTS:
C:\Program Files\Unity\Hub\Editor\6000.3.10f1\Editor\Unity.exe
-batchmode
-nographics
-quit
-projectPath
E:/Unity/Up Iz Up Mini
-logFile
E:/Unity/Up Iz Up Mini/Tools/AIWorkflow/mini119r_settle2.log
-executeMethod
UpIzUpMini.EditorTools.Mini119SuperMotoSettleTest.Run
Successfully changed project path to: E:/Unity/Up Iz Up Mini
E:/Unity/Up Iz Up Mini
[UnityMemory] Configuration Parameters - Can be set up in boot.config
    "memorysetup-temp-allocator-size-nav-mesh-worker=65536"
    "memorysetup-temp-allocator-size-audio-worker=65536"
    "memorysetup-temp-allocator-size-gfx=262144"
    "memorysetup-allocator-temp-initial-block-size-main=262144"
    "memorysetup-allocator-temp-initial-block-size-worker=262144"
    "memorysetup-temp-allocator-size-background-worker=32768"
    "memorysetup-temp-allocator-size-job-worker=262144"
    "memorysetup-temp-allocator-size-preload-manager=33554432"
    "memorysetup-temp-allocator-size-gi-baking-worker=262144"
    "memorysetup-temp-allocator-size-gi-baking-worker=262144"
    "memorysetup-temp-allocator-size-gi-baking-worker=262144"
    "memorysetup-temp-allocator-size-gi-baking-worker=262144"
    "memorysetup-temp-allocator-size-gi-baking-worker=262144"
    "memorysetup-bucket-allocator-granularity=16"
    "memorysetup-bucket-allocator-bucket-count=8"
    "memorysetup-bucket-allocator-block-size=33554432"
    "memorysetup-bucket-allocator-block-count=8"
    "memorysetup-main-allocator-block-size=16777216"
    "memorysetup-thread-allocator-block-size=16777216"
    "memorysetup-gfx-main-allocator-block-size=16777216"
    "memorysetup-gfx-thread-allocator-block-size=16777216"
    "memorysetup-cache-allocator-block-size=4194304"
    "memorysetup-typetree-allocator-block-size=2097152"
    "memorysetup-profiler-bucket-allocator-granularity=16"
    "memorysetup-profiler-bucket-allocator-bucket-count=8"
    "memorysetup-profiler-bucket-allocator-block-size=33554432"
    "memorysetup-profiler-bucket-allocator-block-count=8"
    "memorysetup-profiler-allocator-block-size=16777216"
    "memorysetup-profiler-editor-allocator-block-size=1048576"
    "memorysetup-temp-allocator-size-main=16777216"
    "memorysetup-job-temp-allocator-block-size=2097152"
    "memorysetup-job-temp-allocator-block-size-background=1048576"
    "memorysetup-job-temp-allocator-reduction-small-platforms=262144"
    "memorysetup-temp-allocator-size-cloud-worker=32768"
Player connection [43776]  Target information:

Player connection [43776]  * "[IP] 192.168.108.205 [Port] 55504 [Flags] 2 [Guid] 4125179350 [EditorId] 4125179350 [Version] 1048832 [Id] WindowsEditor(7,PC-22) [Debug] 1 [PackageName] WindowsEditor [ProjectName] Editor" 

Player connection [43776]  * "[IP] 100.83.75.75 [Port] 55504 [Flags] 2 [Guid] 4125179350 [EditorId] 4125179350 [Version] 1048832 [Id] WindowsEditor(7,PC-22) [Debug] 1 [PackageName] WindowsEditor [ProjectName] Editor" 

Player connection [43776]  * "[IP] 192.168.137.1 [Port] 55504 [Flags] 2 [Guid] 4125179350 [EditorId] 4125179350 [Version] 1048832 [Id] WindowsEditor(7,PC-22) [Debug] 1 [PackageName] WindowsEditor [ProjectName] Editor" 

Player connection [43776] Host joined multi-casting on [225.0.0.222:54997]...
Player connection [43776] Host joined alternative multi-casting on [225.0.0.222:34997]...
Input System module state changed to: Initialized.
[Physics::Module] Initialized fallback backend.
[Physics::Module] Id: 0xdecafbad
[Package Manager] Connected to IPC stream "Upm-42200" after 1.6 seconds.
[Licensing::Module] Licensing is not yet initialized.
[Licensing::Client] Handshaking with LicensingClient:
  Version:                 1.17.4+4293ba1
  Session Id:              7a0310642a43468e928ad686434da076
  Correlation Id:          e00549e178f78246eeb9283def5eae31
  External correlation Id: 4355907340400556847
  Machine Id:              BSsZwx/0FUTXPDacKK/mAf12cyA=
[Licensing::Module] Successfully connected to LicensingClient on channel: "LicenseClient-PCSS-PC" (connect: 0.00s, validation: 0.01s, handshake: 11.94s)
[Licensing::IpcConnector] Successfully connected to: "LicenseClient-PCSS-PC-notifications" at "2026-08-23T12:34:11.2097309Z"
[Licensing::Module] Error: Access token is unavailable; failed to update
[Licensing::Client] Successfully resolved entitlement details
[Licensing::Module] License group:
  Id: F4-VZG9-MHCH-26WA-PBF7-XXXX
  Product: Unity Personal
  Type: ULF
  Expiration: Unlimited
[Licensing::Module] License group:
  Id: 1125343-UnityPersXXXX
  Product: Unity Personal
  Type: Assigned
  Expiration: Unlimited
[Licensing::Client] Successfully updated license, isAsync: True, time: 0.01
[Licensing::Client] Successfully resolved entitlement details
[Licensing::Module] License group:
  Id: F4-VZG9-MHCH-26WA-PBF7-XXXX
  Product: Unity Personal
  Type: ULF
  Expiration: Unlimited
[Licensing::Module] License group:
  Id: 1125343-UnityPersXXXX
  Product: Unity Personal
  Type: Assigned
  Expiration: Unlimited
[Licensing::Module] Licensing Background thread has ended after 12.00s
[Licensing::Module] Licensing is initialized (took 9.68s).
[Licensing::Client] Successfully resolved entitlement details
[Licensing::Module] License group:
  Id: F4-VZG9-MHCH-26WA-PBF7-XXXX
  Product: Unity Personal
  Type: ULF
  Expiration: Unlimited
[Licensing::Module] License group:
  Id: 1125343-UnityPersXXXX
  Product: Unity Personal
  Type: Assigned
  Expiration: Unlimited
Library Redirect Path: Library/
[Physics::Module] Selected backend.
[Physics::Module] Name: PhysX
[Physics::Module] Id: 0xf2b8ea05
[Physics::Module] SDK Version: 4.1.2
[Physics::Module] Integration Version: 1.0.0
[Physics::Module] Threading Mode: Multi-Threaded
Refreshing native plugins compatible for Editor in 0.06 ms, found 0 plugins.
Preloading 0 native plugins for Editor in 0.00 ms.
Initialize engine version: 6000.3.10f1 (e35f0c77bd8e)
[Subsystems] Discovering subsystems at path C:/Program Files/Unity/Hub/Editor/6000.3.10f1/Editor/Data/Resources/UnitySubsystems
[Subsystems] Discovering subsystems at path E:/Unity/Up Iz Up Mini/Assets
Forcing GfxDevice: Null
GfxDevice: creating device client; kGfxThreadingModeNonThreaded
NullGfxDevice:
    Version:  NULL 1.0 [1.0]
    Renderer: Null Device
    Vendor:   Unity Technologies
Initialize mono
Mono path[0] = 'C:/Program Files/Unity/Hub/Editor/6000.3.10f1/Editor/Data/Managed'
Mono path[1] = 'C:/Program Files/Unity/Hub/Editor/6000.3.10f1/Editor/Data/MonoBleedingEdge/lib/mono/unityjit-win32'
Mono config path = 'C:/Program Files/Unity/Hub/Editor/6000.3.10f1/Editor/Data/MonoBleedingEdge/etc'
Using monoOptions --debugger-agent=transport=dt_socket,embedding=1,server=y,suspend=n,address=127.0.0.1:56200
Using cacheserver namespaces - metadata:defaultmetadata, artifacts:defaultartifacts
Using cacheserver namespaces - metadata:defaultmetadata, artifacts:defaultartifacts
ImportWorker Server TCP listen port: 0
AcceleratorClientConnectionCallback - disconnected - :0
Begin MonoManager ReloadAssembly
Registering precompiled unity dll's ...
Register platform support module: C:/Program Files/Unity/Hub/Editor/6000.3.10f1/Editor/Data/PlaybackEngines/WebGLSupport/UnityEditor.WebGL.Extensions.dll
Register platform support module: C:/Program Files/Unity/Hub/Editor/6000.3.10f1/Editor/Data/PlaybackEngines/WindowsStandaloneSupport/UnityEditor.WindowsStandalone.Extensions.dll
Registered in 0.005060 seconds.
- Loaded All Assemblies, in  1.807 seconds
Native extension for WindowsStandalone target not found
Native extension for WebGL target not found
ScheduleIndexationOnStartup MainProcess:False IndexOnStartup:True
Mono: successfully reloaded assembly
- Finished resetting the current domain, in  0.851 seconds
Domain Reload Profiling: 2594ms
	BeginReloadAssembly (327ms)
		ExecutionOrderSort (0ms)
		DisableScriptedObjects (0ms)
		BackupInstance (0ms)
		ReleaseScriptingObjects (0ms)
		CreateAndSetChildDomain (20ms)
	RebuildCommonClasses (76ms)
	RebuildNativeTypeToScriptingClass (14ms)
	initialDomainReloadingComplete (260ms)
	LoadAllAssembliesAndSetupDomain (1065ms)
		LoadAssemblies (311ms)
		RebuildTransferFunctionScriptingTraits (0ms)
		AnalyzeDomain (1052ms)
			TypeCache.Refresh (1048ms)
				TypeCache.ScanAssembly (1015ms)
			BuildScriptInfoCaches (0ms)
			ResolveRequiredComponents (1ms)
	FinalizeReload (852ms)
		ReleaseScriptCaches (0ms)
		RebuildScriptCaches (0ms)
		SetupLoadedEditorAssemblies (797ms)
			LogAssemblyErrors (0ms)
			InitializePlatformSupportModulesInManaged (99ms)
			SetLoadedEditorAssemblies (5ms)
			BeforeProcessingInitializeOnLoad (133ms)
			ProcessInitializeOnLoadAttributes (278ms)
			ProcessInitializeOnLoadMethodAttributes (281ms)
			AfterProcessingInitializeOnLoad (0ms)
			EditorAssembliesLoaded (1ms)
		ExecutionOrderSort2 (0ms)
		AwakeInstancesAfterBackupRestoration (0ms)
[Licensing::Client] Successfully resolved entitlement details
[Licensing::Module] License group:
  Id: F4-VZG9-MHCH-26WA-PBF7-XXXX
  Product: Unity Personal
  Type: ULF
  Expiration: Unlimited
[Licensing::Module] License group:
  Id: 1125343-UnityPersXXXX
  Product: Unity Personal
  Type: Assigned
  Expiration: Unlimited
Application.AssetDatabase Initial Refresh Start
Package Manager log level set to [2]
[Package Manager] Restoring resolved packages state from cache
[Licensing::Client] Successfully resolved entitlement details
[Package Manager] Registered 52 packages:
  Packages from [https://packages.unity.com]:
    com.unity.ai.navigation@2.0.14 (location: E:\Unity\Up Iz Up Mini\Library\PackageCache\com.unity.ai.navigation@134dd6a3b97b)
    com.unity.cloud.gltfast@6.9.0 (location: E:\Unity\Up Iz Up Mini\Library\PackageCache\com.unity.cloud.gltfast@1bfd82b6f675)
    com.unity.animation.rigging@1.4.1 (location: E:\Unity\Up Iz Up Mini\Library\PackageCache\com.unity.animation.rigging@ae5f251e1ed4)
    com.unity.burst@1.8.28 (location: E:\Unity\Up Iz Up Mini\Library\PackageCache\com.unity.burst@07790c2d06d9)
    com.unity.collections@2.6.2 (location: E:\Unity\Up Iz Up Mini\Library\PackageCache\com.unity.collections@aea9d3bd5e19)
    com.unity.mathematics@1.3.3 (location: E:\Unity\Up Iz Up Mini\Library\PackageCache\com.unity.mathematics@19a9377c4ffa)
    com.unity.searcher@4.9.4 (location: E:\Unity\Up Iz Up Mini\Library\PackageCache\com.unity.searcher@d45a78918735)
    com.unity.nuget.mono-cecil@1.11.6 (location: E:\Unity\Up Iz Up Mini\Library\PackageCache\com.unity.nuget.mono-cecil@ecb9724e46ff)
    com.unity.test-framework.performance@3.2.0 (location: E:\Unity\Up Iz Up Mini\Library\PackageCache\com.unity.test-framework.performance@0840f58e4562)
  Built-in packages:
    com.unity.multiplayer.center@1.0.1 (location: E:\Unity\Up Iz Up Mini\Library\PackageCache\com.unity.multiplayer.center@f01f4ba8d00a)
    com.unity.shadergraph@17.3.0 (location: E:\Unity\Up Iz Up Mini\Library\PackageCache\com.unity.shadergraph@c8830f61858d)
    com.unity.ugui@2.0.0 (location: E:\Unity\Up Iz Up Mini\Library\PackageCache\com.unity.ugui@bb329a87fcdc)
    com.unity.modules.accessibility@1.0.0 (location: E:\Unity\Up Iz Up Mini\Library\PackageCache\com.unity.modules.accessibility)
    com.unity.modules.adaptiveperformance@1.0.0 (location: E:\Unity\Up Iz Up Mini\Library\PackageCache\com.unity.modules.adaptiveperformance)
    com.unity.modules.ai@1.0.0 (location: E:\Unity\Up Iz Up Mini\Library\PackageCache\com.unity.modules.ai)
    com.unity.modules.androidjni@1.0.0 (location: E:\Unity\Up Iz Up Mini\Library\PackageCache\com.unity.modules.androidjni)
    com.unity.modules.animation@1.0.0 (location: E:\Unity\Up Iz Up Mini\Library\PackageCache\com.unity.modules.animation)
    com.unity.modules.assetbundle@1.0.0 (location: E:\Unity\Up Iz Up Mini\Library\PackageCache\com.unity.modules.assetbundle)
    com.unity.modules.audio@1.0.0 (location: E:\Unity\Up Iz Up Mini\Library\PackageCache\com.unity.modules.audio)
    com.unity.modules.cloth@1.0.0 (location: E:\Unity\Up Iz Up Mini\Library\PackageCache\com.unity.modules.cloth)
    com.unity.modules.director@1.0.0 (location: E:\Unity\Up Iz Up Mini\Library\PackageCache\com.unity.modules.director)
    com.unity.modules.imageconversion@1.0.0 (location: E:\Unity\Up Iz Up Mini\Library\PackageCache\com.unity.modules.imageconversion)
    com.unity.modules.imgui@1.0.0 (location: E:\Unity\Up Iz Up Mini\Library\PackageCache\com.unity.modules.imgui)
    com.unity.modules.jsonserialize@1.0.0 (location: E:\Unity\Up Iz Up Mini\Library\PackageCache\com.unity.modules.jsonserialize)
    com.unity.modules.particlesystem@1.0.0 (location: E:\Unity\Up Iz Up Mini\Library\PackageCache\com.unity.modules.particlesystem)
    com.unity.modules.physics@1.0.0 (location: E:\Unity\Up Iz Up Mini\Library\PackageCache\com.unity.modules.physics)
    com.unity.modules.physics2d@1.0.0 (location: E:\Unity\Up Iz Up Mini\Library\PackageCache\com.unity.modules.physics2d)
    com.unity.modules.screencapture@1.0.0 (location: E:\Unity\Up Iz Up Mini\Library\PackageCache\com.unity.modules.screencapture)
    com.unity.modules.terrain@1.0.0 (location: E:\Unity\Up Iz Up Mini\Library\PackageCache\com.unity.modules.terrain)
    com.unity.modules.terrainphysics@1.0.0 (location: E:\Unity\Up Iz Up Mini\Library\PackageCache\com.unity.modules.terrainphysics)
    com.unity.modules.tilemap@1.0.0 (location: E:\Unity\Up Iz Up Mini\Library\PackageCache\com.unity.modules.tilemap)
    com.unity.modules.ui@1.0.0 (location: E:\Unity\Up Iz Up Mini\Library\PackageCache\com.unity.modules.ui)
    com.unity.modules.uielements@1.0.0 (location: E:\Unity\Up Iz Up Mini\Library\PackageCache\com.unity.modules.uielements)
    com.unity.modules.umbra@1.0.0 (location: E:\Unity\Up Iz Up Mini\Library\PackageCache\com.unity.modules.umbra)
    com.unity.modules.unityanalytics@1.0.0 (location: E:\Unity\Up Iz Up Mini\Library\PackageCache\com.unity.modules.unityanalytics)
    com.unity.modules.unitywebrequest@1.0.0 (location: E:\Unity\Up Iz Up Mini\Library\PackageCache\com.unity.modules.unitywebrequest)
    com.unity.modules.unitywebrequestassetbundle@1.0.0 (location: E:\Unity\Up Iz Up Mini\Library\PackageCache\com.unity.modules.unitywebrequestassetbundle)
    com.unity.modules.unitywebrequestaudio@1.0.0 (location: E:\Unity\Up Iz Up Mini\Library\PackageCache\com.unity.modules.unitywebrequestaudio)
    com.unity.modules.unitywebrequesttexture@1.0.0 (location: E:\Unity\Up Iz Up Mini\Library\PackageCache\com.unity.modules.unitywebrequesttexture)
    com.unity.modules.unitywebrequestwww@1.0.0 (location: E:\Unity\Up Iz Up Mini\Library\PackageCache\com.unity.modules.unitywebrequestwww)
    com.unity.modules.vectorgraphics@1.0.0 (location: E:\Unity\Up Iz Up Mini\Library\PackageCache\com.unity.modules.vectorgraphics)
    com.unity.modules.vehicles@1.0.0 (location: E:\Unity\Up Iz Up Mini\Library\PackageCache\com.unity.modules.vehicles)
    com.unity.modules.video@1.0.0 (location: E:\Unity\Up Iz Up Mini\Library\PackageCache\com.unity.modules.video)
    com.unity.modules.vr@1.0.0 (location: E:\Unity\Up Iz Up Mini\Library\PackageCache\com.unity.modules.vr)
    com.unity.modules.wind@1.0.0 (location: E:\Unity\Up Iz Up Mini\Library\PackageCache\com.unity.modules.wind)
    com.unity.modules.xr@1.0.0 (location: E:\Unity\Up Iz Up Mini\Library\PackageCache\com.unity.modules.xr)
    com.unity.modules.subsystems@1.0.0 (location: E:\Unity\Up Iz Up Mini\Library\PackageCache\com.unity.modules.subsystems)
    com.unity.modules.hierarchycore@1.0.0 (location: E:\Unity\Up Iz Up Mini\Library\PackageCache\com.unity.modules.hierarchycore)
    com.unity.render-pipelines.core@17.3.0 (location: E:\Unity\Up Iz Up Mini\Library\PackageCache\com.unity.render-pipelines.core@04ab0eefa0c3)
    com.unity.test-framework@1.6.0 (location: E:\Unity\Up Iz Up Mini\Library\PackageCache\com.unity.test-framework@0b7a23ab2e1d)
    com.unity.ext.nunit@2.0.5 (location: E:\Unity\Up Iz Up Mini\Library\PackageCache\com.unity.ext.nunit@d8c07649098d)
  Embedded packages:
    com.barmetler.roadsystem@file:E:\Unity\Up Iz Up Mini\Packages\com.barmetler.roadsystem (location: E:\Unity\Up Iz Up Mini\Packages\com.barmetler.roadsystem)
[Subsystems] No new subsystems found in resolved package list.
[Package Manager] Done registering packages in 0.17 seconds
info: Microsoft.Hosting.Lifetime[14]
      Now listening on: http://localhost:80
info: Microsoft.Hosting.Lifetime[0]
      Application started. Press Ctrl+C to shut down.
info: Microsoft.Hosting.Lifetime[0]
      Hosting environment: Production
info: Microsoft.Hosting.Lifetime[0]
      Content root path: E:\Unity\Up Iz Up Mini\
Connectivity with IL Post Processor runner cannot be established yet. Retrying.info: Microsoft.AspNetCore.Hosting.Diagnostics[1]
      Request starting HTTP/2 POST http://ilpp/UnityILPP.PostProcessing/Ping application/grpc -
info: Microsoft.AspNetCore.Routing.EndpointMiddleware[0]
      Executing endpoint 'gRPC - /UnityILPP.PostProcessing/Ping'
info: Microsoft.AspNetCore.Routing.EndpointMiddleware[1]
      Executed endpoint 'gRPC - /UnityILPP.PostProcessing/Ping'
info: Microsoft.AspNetCore.Hosting.Diagnostics[2]
      Request finished HTTP/2 POST http://ilpp/UnityILPP.PostProcessing/Ping application/grpc - - 200 - application/grpc 1339.3636ms
Starting: C:\Program Files\Unity\Hub\Editor\6000.3.10f1\Editor\Data\Tools\BuildPipeline\bee_backend.exe --ipc --defer-dag-verification --dagfile="Library/Bee/1900b0aE.dag" --continue-on-failure --profile="Library/Bee/backend1.traceevents" ScriptAssemblies
WorkingDir: E:/Unity/Up Iz Up Mini
DisplayProgressbar: Compiling Scripts
info: Microsoft.AspNetCore.Hosting.Diagnostics[1]
      Request starting HTTP/2 POST http://ilpp/UnityILPP.PostProcessing/ConfigurePostProcessors application/grpc -
info: Microsoft.AspNetCore.Routing.EndpointMiddleware[0]
      Executing endpoint 'gRPC - /UnityILPP.PostProcessing/ConfigurePostProcessors'
warn: Unity.ILPP.Runner.PostProcessingAssemblyLoadContext[0]
      Assembly system.runtime.interopservices.windowsruntime has duplicate hint path. Ignoring "C:\Program Files\Unity\Hub\Editor\6000.3.10f1\Editor\Data\UnityReferenceAssemblies\unity-4.8-api\Facades\System.Runtime.InteropServices.WindowsRuntime.dll" in favor of "C:\Program Files\Unity\Hub\Editor\6000.3.10f1\Editor\Data\NetStandard\Extensions\2.0.0\System.Runtime.InteropServices.WindowsRuntime.dll"
warn: Unity.ILPP.Runner.PostProcessingAssemblyLoadContext[0]
      Assembly system.componentmodel.composition has duplicate hint path. Ignoring "C:\Program Files\Unity\Hub\Editor\6000.3.10f1\Editor\Data\UnityReferenceAssemblies\unity-4.8-api\System.ComponentModel.Composition.dll" in favor of "C:\Program Files\Unity\Hub\Editor\6000.3.10f1\Editor\Data\NetStandard\compat\2.1.0\shims\netfx\System.ComponentModel.Composition.dll"
info: Unity.ILPP.Runner.PostProcessingAssemblyLoadContext[0]
      Resolved Unity.Burst.Cecil, Version=0.11.4.0, Culture=neutral, PublicKeyToken=50cebf1cceb9d05e with Library\PackageCache\com.unity.burst@07790c2d06d9\Unity.Burst.CodeGen\Unity.Burst.Cecil.dll
info: Unity.ILPP.Runner.PostProcessingAssemblyLoadContext[0]
      Resolved Mono.Cecil, Version=0.11.5.0, Culture=neutral, PublicKeyToken=50cebf1cceb9d05e with Library\PackageCache\com.unity.nuget.mono-cecil@ecb9724e46ff\Mono.Cecil.dll
info: Microsoft.AspNetCore.Routing.EndpointMiddleware[1]
      Executed endpoint 'gRPC - /UnityILPP.PostProcessing/ConfigurePostProcessors'
info: Microsoft.AspNetCore.Hosting.Diagnostics[2]
      Request finished HTTP/2 POST http://ilpp/UnityILPP.PostProcessing/ConfigurePostProcessors application/grpc - - 200 - application/grpc 1994.1017ms
Starting: C:\Program Files\Unity\Hub\Editor\6000.3.10f1\Editor\Data\netcorerun\netcorerun.exe "C:\Program Files\Unity\Hub\Editor\6000.3.10f1\Editor\Data\Tools\BuildPipeline\ScriptCompilationBuildProgram.exe" "Library/Bee/1900b0aE.dag.json" "Library/Bee/1900b0aE-inputdata.json" "Library\Bee\buildprogram0.traceevents"
WorkingDir: E:/Unity/Up Iz Up Mini
ExitCode: 4 Duration: 3s87ms
Rebuilding DAG because FileSignature timestamp changed: Library/Bee/1900b0aE-inputdata.json
[517/647    2s] ILPP-Configuration Library/ilpp-configuration.nevergeneratedoutput
*** Tundra requires additional run (2.95 seconds), 1 items updated, 516 evaluated
ExitCode: 0 Duration: 1s861ms
Starting: C:\Program Files\Unity\Hub\Editor\6000.3.10f1\Editor\Data\Tools\BuildPipeline\bee_backend.exe --ipc --defer-dag-verification --dagfile="Library/Bee/1900b0aE.dag" --continue-on-failure --dagfilejson="Library\Bee\1900b0aE.dag.json" --profile="Library/Bee/backend2.traceevents" ScriptAssemblies
WorkingDir: E:/Unity/Up Iz Up Mini
info: Microsoft.AspNetCore.Hosting.Diagnostics[1]
      Request starting HTTP/2 POST http://ilpp/UnityILPP.PostProcessing/ConfigurePostProcessors application/grpc -
info: Microsoft.AspNetCore.Routing.EndpointMiddleware[0]
      Executing endpoint 'gRPC - /UnityILPP.PostProcessing/ConfigurePostProcessors'
info: Unity.ILPP.Runner.PostProcessingAssemblyLoadContext[0]
      Current configuration matches the requested one, skipping
info: Microsoft.AspNetCore.Routing.EndpointMiddleware[1]
      Executed endpoint 'gRPC - /UnityILPP.PostProcessing/ConfigurePostProcessors'
info: Microsoft.AspNetCore.Hosting.Diagnostics[2]
      Request finished HTTP/2 POST http://ilpp/UnityILPP.PostProcessing/ConfigurePostProcessors application/grpc - - 200 - application/grpc 36.1479ms
info: Microsoft.AspNetCore.Hosting.Diagnostics[1]
      Request starting HTTP/2 POST http://ilpp/UnityILPP.PostProcessing/PostProcessAssembly application/grpc -
info: Microsoft.AspNetCore.Routing.EndpointMiddleware[0]
      Executing endpoint 'gRPC - /UnityILPP.PostProcessing/PostProcessAssembly'
info: Unity.ILPP.Runner.PostProcessingPipeline[0]
      Processing assembly Library/Bee/artifacts/1900b0aE.dag/Barmetler.RoadSystem.Runtime.dll, with 137 defines and 269 references
info: Unity.ILPP.Runner.PostProcessingPipeline[0]
      processors: Unity.Jobs.CodeGen.JobsILPostProcessor, zzzUnity.Burst.CodeGen.BurstILPostProcessor
info: Unity.ILPP.Runner.PostProcessingPipeline[0]
      running Unity.Jobs.CodeGen.JobsILPostProcessor
info: Unity.ILPP.Runner.PostProcessingAssemblyLoadContext[0]
      Resolved Unity.Collections, Version=0.0.0.0, Culture=neutral, PublicKeyToken=null with Library\Bee\artifacts\1900b0aE.dag\Unity.Collections.dll
info: Microsoft.AspNetCore.Hosting.Diagnostics[1]
      Request starting HTTP/2 POST http://ilpp/UnityILPP.PostProcessing/PostProcessAssembly application/grpc -
info: Microsoft.AspNetCore.Routing.EndpointMiddleware[0]
      Executing endpoint 'gRPC - /UnityILPP.PostProcessing/PostProcessAssembly'
info: Microsoft.AspNetCore.Hosting.Diagnostics[1]
      Request starting HTTP/2 POST http://ilpp/UnityILPP.PostProcessing/PostProcessAssembly application/grpc -
info: Microsoft.AspNetCore.Routing.EndpointMiddleware[0]
      Executing endpoint 'gRPC - /UnityILPP.PostProcessing/PostProcessAssembly'
info: Unity.ILPP.Runner.PostProcessingPipeline[0]
      Processing assembly Library/Bee/artifacts/1900b0aE.dag/Assembly-CSharp.dll, with 137 defines and 297 references
info: Unity.ILPP.Runner.PostProcessingPipeline[0]
      processors: Unity.Jobs.CodeGen.JobsILPostProcessor, zzzUnity.Burst.CodeGen.BurstILPostProcessor
info: Microsoft.AspNetCore.Hosting.Diagnostics[1]
      Request starting HTTP/2 POST http://ilpp/UnityILPP.PostProcessing/PostProcessAssembly application/grpc -
info: Microsoft.AspNetCore.Hosting.Diagnostics[1]
      Request starting HTTP/2 POST http://ilpp/UnityILPP.PostProcessing/PostProcessAssembly application/grpc -
info: Microsoft.AspNetCore.Routing.EndpointMiddleware[0]
      Executing endpoint 'gRPC - /UnityILPP.PostProcessing/PostProcessAssembly'
info: Microsoft.AspNetCore.Routing.EndpointMiddleware[0]
      Executing endpoint 'gRPC - /UnityILPP.PostProcessing/PostProcessAssembly'
info: Unity.ILPP.Runner.PostProcessingPipeline[0]
      Processing assembly Library/Bee/artifacts/1900b0aE.dag/Barmetler.RoadSystem.Editor.Tests.dll, with 135 defines and 271 references
info: Unity.ILPP.Runner.PostProcessingPipeline[0]
      Processing assembly Library/Bee/artifacts/1900b0aE.dag/Barmetler.RoadSystem.Runtime.Tests.dll, with 137 defines and 263 references
info: Unity.ILPP.Runner.PostProcessingPipeline[0]
      processors: Unity.Jobs.CodeGen.JobsILPostProcessor, zzzUnity.Burst.CodeGen.BurstILPostProcessor
info: Unity.ILPP.Runner.PostProcessingPipeline[0]
      processors: Unity.Jobs.CodeGen.JobsILPostProcessor, zzzUnity.Burst.CodeGen.BurstILPostProcessor
info: Unity.ILPP.Runner.PostProcessingPipeline[0]
      running Unity.Jobs.CodeGen.JobsILPostProcessor
info: Unity.ILPP.Runner.PostProcessingPipeline[0]
      running Unity.Jobs.CodeGen.JobsILPostProcessor
info: Unity.ILPP.Runner.PostProcessingPipeline[0]
      running zzzUnity.Burst.CodeGen.BurstILPostProcessor
info: Unity.ILPP.Runner.PostProcessingPipeline[0]
      running Unity.Jobs.CodeGen.JobsILPostProcessor
info: Unity.ILPP.Runner.PostProcessingPipeline[0]
      running zzzUnity.Burst.CodeGen.BurstILPostProcessor
info: Unity.ILPP.Runner.PostProcessingPipeline[0]
      Processing assembly Library/Bee/artifacts/1900b0aE.dag/Barmetler.RoadSystem.Editor.dll, with 135 defines and 277 references
info: Unity.ILPP.Runner.PostProcessingPipeline[0]
      processors: Unity.Jobs.CodeGen.JobsILPostProcessor, zzzUnity.Burst.CodeGen.BurstILPostProcessor
info: Unity.ILPP.Runner.PostProcessingPipeline[0]
      running Unity.Jobs.CodeGen.JobsILPostProcessor
info: Unity.ILPP.Runner.PostProcessingPipeline[0]
      running zzzUnity.Burst.CodeGen.BurstILPostProcessor
info: Microsoft.AspNetCore.Routing.EndpointMiddleware[1]
      Executed endpoint 'gRPC - /UnityILPP.PostProcessing/PostProcessAssembly'
info: Microsoft.AspNetCore.Hosting.Diagnostics[2]
      Request finished HTTP/2 POST http://ilpp/UnityILPP.PostProcessing/PostProcessAssembly application/grpc - - 200 - application/grpc 140.9549ms
info: Microsoft.AspNetCore.Routing.EndpointMiddleware[1]
      Executed endpoint 'gRPC - /UnityILPP.PostProcessing/PostProcessAssembly'
info: Microsoft.AspNetCore.Hosting.Diagnostics[2]
      Request finished HTTP/2 POST http://ilpp/UnityILPP.PostProcessing/PostProcessAssembly application/grpc - - 200 - application/grpc 1630.7496ms
info: Microsoft.AspNetCore.Hosting.Diagnostics[1]
      Request starting HTTP/2 POST http://ilpp/UnityILPP.PostProcessing/PostProcessAssembly application/grpc -
info: Microsoft.AspNetCore.Routing.EndpointMiddleware[0]
      Executing endpoint 'gRPC - /UnityILPP.PostProcessing/PostProcessAssembly'
info: Unity.ILPP.Runner.PostProcessingPipeline[0]
      Processing assembly Library/Bee/artifacts/1900b0aE.dag/Assembly-CSharp-Editor.dll, with 135 defines and 310 references
info: Unity.ILPP.Runner.PostProcessingPipeline[0]
      processors: Unity.Jobs.CodeGen.JobsILPostProcessor, zzzUnity.Burst.CodeGen.BurstILPostProcessor
info: Unity.ILPP.Runner.PostProcessingPipeline[0]
      running Unity.Jobs.CodeGen.JobsILPostProcessor
info: Unity.ILPP.Runner.PostProcessingAssemblyLoadContext[0]
      Resolved UnityEditor.CoreModule, Version=0.0.0.0, Culture=neutral, PublicKeyToken=null with C:\Program Files\Unity\Hub\Editor\6000.3.10f1\Editor\Data\Managed\UnityEngine\UnityEditor.CoreModule.dll
info: Unity.ILPP.Runner.PostProcessingAssemblyLoadContext[0]
      Resolved UnityEngine.CoreModule, Version=0.0.0.0, Culture=neutral, PublicKeyToken=null with C:\Program Files\Unity\Hub\Editor\6000.3.10f1\Editor\Data\Managed\UnityEngine\UnityEngine.CoreModule.dll
info: Unity.ILPP.Runner.PostProcessingAssemblyLoadContext[0]
      Resolved Unity.Burst.Cecil.Rocks, Version=0.11.4.0, Culture=neutral, PublicKeyToken=50cebf1cceb9d05e with Library\PackageCache\com.unity.burst@07790c2d06d9\Unity.Burst.CodeGen\Unity.Burst.Cecil.Rocks.dll
info: Unity.ILPP.Runner.PostProcessingAssemblyLoadContext[0]
      Resolved Mono.Cecil.Rocks, Version=0.11.5.0, Culture=neutral, PublicKeyToken=50cebf1cceb9d05e with Library\PackageCache\com.unity.nuget.mono-cecil@ecb9724e46ff\Mono.Cecil.Rocks.dll
info: Unity.ILPP.Runner.PostProcessingPipeline[0]
      running zzzUnity.Burst.CodeGen.BurstILPostProcessor
info: Unity.ILPP.Runner.PostProcessingPipeline[0]
      running zzzUnity.Burst.CodeGen.BurstILPostProcessor
info: Microsoft.AspNetCore.Routing.EndpointMiddleware[1]
      Executed endpoint 'gRPC - /UnityILPP.PostProcessing/PostProcessAssembly'
info: Microsoft.AspNetCore.Hosting.Diagnostics[2]
      Request finished HTTP/2 POST http://ilpp/UnityILPP.PostProcessing/PostProcessAssembly application/grpc - - 200 - application/grpc 10201.6204ms
info: Microsoft.AspNetCore.Routing.EndpointMiddleware[1]
      Executed endpoint 'gRPC - /UnityILPP.PostProcessing/PostProcessAssembly'
info: Microsoft.AspNetCore.Hosting.Diagnostics[2]
      Request finished HTTP/2 POST http://ilpp/UnityILPP.PostProcessing/PostProcessAssembly application/grpc - - 200 - application/grpc 4959.1690ms
info: Microsoft.AspNetCore.Routing.EndpointMiddleware[1]
      Executed endpoint 'gRPC - /UnityILPP.PostProcessing/PostProcessAssembly'
info: Microsoft.AspNetCore.Hosting.Diagnostics[2]
      Request finished HTTP/2 POST http://ilpp/UnityILPP.PostProcessing/PostProcessAssembly application/grpc - - 200 - application/grpc 13915.1699ms
info: Unity.ILPP.Runner.PostProcessingPipeline[0]
      running zzzUnity.Burst.CodeGen.BurstILPostProcessor
info: Microsoft.AspNetCore.Routing.EndpointMiddleware[1]
      Executed endpoint 'gRPC - /UnityILPP.PostProcessing/PostProcessAssembly'
info: Microsoft.AspNetCore.Hosting.Diagnostics[2]
      Request finished HTTP/2 POST http://ilpp/UnityILPP.PostProcessing/PostProcessAssembly application/grpc - - 200 - application/grpc 19990.1577ms
ExitCode: 0 Duration: 25s
Finished compiling graph: 690 nodes, 11528 flattened edges (9710 ToBuild, 102 ToUse), maximum node priority 702
[325/687    0s] WriteText Library/Bee/artifacts/1900b0aE.dag/Barmetler.RoadSystem.Runtime.UnityAdditionalFile.txt
[326/687    0s] WriteText Library/Bee/artifacts/1900b0aE.dag/Barmetler.RoadSystem.Editor.dll.mvfrm.rsp
[332/687    0s] WriteText Library/Bee/artifacts/1900b0aE.dag/Barmetler.RoadSystem.Runtime.rsp2
[333/687    0s] WriteText Library/Bee/artifacts/1900b0aE.dag/Barmetler.RoadSystem.Editor.rsp
[338/687    0s] WriteText Library/Bee/artifacts/1900b0aE.dag/Barmetler.RoadSystem.Runtime.dll.mvfrm.rsp
[339/687    0s] WriteText Library/Bee/artifacts/1900b0aE.dag/Assembly-CSharp.rsp
[340/687    0s] WriteText Library/Bee/artifacts/1900b0aE.dag/Barmetler.RoadSystem.Editor.UnityAdditionalFile.txt
[343/687    0s] WriteText Library/Bee/artifacts/1900b0aE.dag/Barmetler.RoadSystem.Editor.Tests.dll.mvfrm.rsp
[345/687    0s] WriteText Library/Bee/artifacts/1900b0aE.dag/Barmetler.RoadSystem.Runtime.Tests.dll.mvfrm.rsp
[353/687    0s] WriteText Library/Bee/artifacts/1900b0aE.dag/Barmetler.RoadSystem.Editor.rsp2
[363/687    0s] WriteText Library/Bee/artifacts/1900b0aE.dag/Barmetler.RoadSystem.Runtime.rsp
[368/687    0s] WriteText Library/Bee/artifacts/1900b0aE.dag/Barmetler.RoadSystem.Runtime.Tests.rsp2
[369/687    0s] WriteText Library/Bee/artifacts/1900b0aE.dag/Barmetler.RoadSystem.Runtime.Tests.UnityAdditionalFile.txt
[381/687    0s] WriteText Library/Bee/artifacts/1900b0aE.dag/Barmetler.RoadSystem.Editor.Tests.rsp2
[384/687    0s] WriteText Library/Bee/artifacts/1900b0aE.dag/Barmetler.RoadSystem.Editor.Tests.UnityAdditionalFile.txt
[393/687    0s] WriteText Library/Bee/artifacts/1900b0aE.dag/Assembly-CSharp-Editor.rsp
[394/687    0s] WriteText Library/Bee/artifacts/1900b0aE.dag/Barmetler.RoadSystem.Editor.Tests.rsp
[395/687    0s] WriteText Library/Bee/artifacts/1900b0aE.dag/Barmetler.RoadSystem.Runtime.Tests.rsp
[398/687    0s] WriteResponseFile Library/Bee/artifacts/rsp/3461445938592170825.rsp
[399/687    0s] WriteResponseFile Library/Bee/artifacts/rsp/11955058354504911926.rsp
[400/687    0s] WriteResponseFile Library/Bee/artifacts/rsp/9103919107093227295.rsp
[406/687    0s] WriteResponseFile Library/Bee/artifacts/rsp/2781082588993088484.rsp
[407/687    0s] WriteResponseFile Library/Bee/artifacts/rsp/10678863128556690338.rsp
[408/687    0s] WriteResponseFile Library/Bee/artifacts/rsp/9637690701522469074.rsp
[535/687    0s] ILPP-Configuration Library/ilpp-configuration.nevergeneratedoutput
[659/687    0s] MovedFromExtractor-Combine Library/Bee/artifacts/1900b0aE.dag/Barmetler.RoadSystem.Editor.dll.mvfrm
[660/687    0s] MovedFromExtractor-Combine Library/Bee/artifacts/1900b0aE.dag/Barmetler.RoadSystem.Runtime.Tests.dll.mvfrm
[661/687    0s] MovedFromExtractor-Combine Library/Bee/artifacts/1900b0aE.dag/Barmetler.RoadSystem.Runtime.dll.mvfrm
[662/687    0s] MovedFromExtractor-Combine Library/Bee/artifacts/1900b0aE.dag/Barmetler.RoadSystem.Editor.Tests.dll.mvfrm
[663/687    1s] Csc Library/Bee/artifacts/1900b0aE.dag/Barmetler.RoadSystem.Runtime.dll (+2 others)
[           0s] Csc Library/Bee/artifacts/1900b0aE.dag/Barmetler.RoadSystem.Runtime.dll (+2 others) [CacheWrite 00000000000000000000000000000005]
[664/687    0s] Csc Library/Bee/artifacts/1900b0aE.dag/Barmetler.RoadSystem.Runtime.Tests.dll (+2 others)
[           0s] Csc Library/Bee/artifacts/1900b0aE.dag/Barmetler.RoadSystem.Runtime.Tests.dll (+2 others) [CacheWrite 00000000000000000000000000000005]
[665/687    1s] Csc Library/Bee/artifacts/1900b0aE.dag/Barmetler.RoadSystem.Editor.dll (+2 others)
[           0s] Csc Library/Bee/artifacts/1900b0aE.dag/Barmetler.RoadSystem.Editor.dll (+2 others) [CacheWrite 00000000000000000000000000000005]
[666/687    1s] Csc Library/Bee/artifacts/1900b0aE.dag/Barmetler.RoadSystem.Editor.Tests.dll (+2 others)
[           0s] Csc Library/Bee/artifacts/1900b0aE.dag/Barmetler.RoadSystem.Editor.Tests.dll (+2 others) [CacheWrite 00000000000000000000000000000005]
[667/687    1s] Csc Library/Bee/artifacts/1900b0aE.dag/Assembly-CSharp.dll (+2 others)
Assets\UpIzUpMini\Scripts\Character\CharacterEquipment.cs(100,22): warning CS0414: The field 'CharacterEquipment._initialised' is assigned but its value is never used
[668/687    0s] ILPostProcess Library/Bee/artifacts/1900b0aE.dag/post-processed/Barmetler.RoadSystem.Editor.Tests.dll (+pdb)
Processing assembly Library/Bee/artifacts/1900b0aE.dag/Barmetler.RoadSystem.Editor.Tests.dll, with 135 defines and 271 references

processors: Unity.Jobs.CodeGen.JobsILPostProcessor, zzzUnity.Burst.CodeGen.BurstILPostProcessor

running Unity.Jobs.CodeGen.JobsILPostProcessor

running zzzUnity.Burst.CodeGen.BurstILPostProcessor
[669/687    0s] CopyFiles Library/ScriptAssemblies/Barmetler.RoadSystem.Editor.Tests.dll
[670/687    0s] CopyFiles Library/ScriptAssemblies/Barmetler.RoadSystem.Editor.Tests.pdb
[671/687    3s] ILPostProcess Library/Bee/artifacts/1900b0aE.dag/post-processed/Barmetler.RoadSystem.Editor.dll (+pdb)
Processing assembly Library/Bee/artifacts/1900b0aE.dag/Barmetler.RoadSystem.Editor.dll, with 135 defines and 277 references

processors: Unity.Jobs.CodeGen.JobsILPostProcessor, zzzUnity.Burst.CodeGen.BurstILPostProcessor

running Unity.Jobs.CodeGen.JobsILPostProcessor

running zzzUnity.Burst.CodeGen.BurstILPostProcessor
[672/687    0s] CopyFiles Library/ScriptAssemblies/Barmetler.RoadSystem.Editor.dll
[673/687    0s] CopyFiles Library/ScriptAssemblies/Barmetler.RoadSystem.Editor.pdb
[674/687    2s] Csc Library/Bee/artifacts/1900b0aE.dag/Assembly-CSharp-Editor.dll (+2 others)
Assets\UpIzUpMini\Editor\Mini065TmaxPhysicsTest.cs(174,17): warning CS0162: Unreachable code detected

Assets\UpIzUpMini\Editor\Mini011PhaseBSetup.cs(2203,17): warning CS0162: Unreachable code detected
[BUSY       7s] ILPostProcess Library/Bee/artifacts/1900b0aE.dag/post-processed/Assembly-CSharp.dll (+pdb)
[675/687   10s] ILPostProcess Library/Bee/artifacts/1900b0aE.dag/post-processed/Assembly-CSharp.dll (+pdb)
Processing assembly Library/Bee/artifacts/1900b0aE.dag/Assembly-CSharp.dll, with 137 defines and 297 references

processors: Unity.Jobs.CodeGen.JobsILPostProcessor, zzzUnity.Burst.CodeGen.BurstILPostProcessor

running Unity.Jobs.CodeGen.JobsILPostProcessor

running zzzUnity.Burst.CodeGen.BurstILPostProcessor
[676/687    0s] CopyFiles Library/ScriptAssemblies/Assembly-CSharp.pdb
[677/687    0s] CopyFiles Library/ScriptAssemblies/Assembly-CSharp.dll
[678/687    5s] ILPostProcess Library/Bee/artifacts/1900b0aE.dag/post-processed/Assembly-CSharp-Editor.dll (+pdb)
Processing assembly Library/Bee/artifacts/1900b0aE.dag/Assembly-CSharp-Editor.dll, with 135 defines and 310 references

processors: Unity.Jobs.CodeGen.JobsILPostProcessor, zzzUnity.Burst.CodeGen.BurstILPostProcessor

running Unity.Jobs.CodeGen.JobsILPostProcessor

running zzzUnity.Burst.CodeGen.BurstILPostProcessor
[679/687    0s] CopyFiles Library/ScriptAssemblies/Assembly-CSharp-Editor.pdb
[680/687   16s] ILPostProcess Library/Bee/artifacts/1900b0aE.dag/post-processed/Barmetler.RoadSystem.Runtime.Tests.dll (+pdb)
Processing assembly Library/Bee/artifacts/1900b0aE.dag/Barmetler.RoadSystem.Runtime.Tests.dll, with 137 defines and 263 references

processors: Unity.Jobs.CodeGen.JobsILPostProcessor, zzzUnity.Burst.CodeGen.BurstILPostProcessor

running Unity.Jobs.CodeGen.JobsILPostProcessor

running zzzUnity.Burst.CodeGen.BurstILPostProcessor
[681/687    0s] CopyFiles Library/ScriptAssemblies/Barmetler.RoadSystem.Runtime.Tests.pdb
[682/687    0s] CopyFiles Library/ScriptAssemblies/Barmetler.RoadSystem.Runtime.Tests.dll
[683/687    0s] CopyFiles Library/ScriptAssemblies/Assembly-CSharp-Editor.dll
[684/687   21s] ILPostProcess Library/Bee/artifacts/1900b0aE.dag/post-processed/Barmetler.RoadSystem.Runtime.dll (+pdb)
Processing assembly Library/Bee/artifacts/1900b0aE.dag/Barmetler.RoadSystem.Runtime.dll, with 137 defines and 269 references

processors: Unity.Jobs.CodeGen.JobsILPostProcessor, zzzUnity.Burst.CodeGen.BurstILPostProcessor

running Unity.Jobs.CodeGen.JobsILPostProcessor

running zzzUnity.Burst.CodeGen.BurstILPostProcessor
[685/687    0s] CopyFiles Library/ScriptAssemblies/Barmetler.RoadSystem.Runtime.pdb
[686/687    0s] CopyFiles Library/ScriptAssemblies/Barmetler.RoadSystem.Runtime.dll
*** Tundra build success (25.12 seconds), 53 items updated, 687 evaluated
Assets\UpIzUpMini\Scripts\Character\CharacterEquipment.cs(100,22): warning CS0414: The field 'CharacterEquipment._initialised' is assigned but its value is never used
Assets\UpIzUpMini\Editor\Mini065TmaxPhysicsTest.cs(174,17): warning CS0162: Unreachable code detected
Assets\UpIzUpMini\Editor\Mini011PhaseBSetup.cs(2203,17): warning CS0162: Unreachable code detected
AssetDatabase: script compilation time: 52.640302s
Begin MonoManager ReloadAssembly
- Loaded All Assemblies, in  5.625 seconds
Start importing Packages/com.barmetler.roadsystem using Guid(49db8f47fb35eecd219df7a93e467311) (DefaultImporter) -> (artifact id: 'ade951845e078bf42a56c5926ab721d2') in 0.0400435 seconds
Start importing Packages/com.barmetler.roadsystem/Assets using Guid(f1c04b6ab2d89f141ba359681b536d2d) (DefaultImporter) -> (artifact id: 'f2e57498ebb1744e6084cc7f857dcccc') in 0.0052437 seconds
Start importing Packages/com.barmetler.roadsystem/Tests using Guid(55749002a4dd5cb4a8732cc62721d366) (DefaultImporter) -> (artifact id: '540fbd491bf6666be34b36a0e7fbb461') in 0.0010648 seconds
Start importing Packages/com.barmetler.roadsystem/Runtime using Guid(ee1facb7f2c0f1a4b82c083027c57df1) (DefaultImporter) -> (artifact id: '5c2067cff0af882fc3776a9fd98da5b3') in 0.0010551 seconds
Start importing Packages/com.barmetler.roadsystem/Editor using Guid(1f65b7aaf4d07a944877dc843ed68fa0) (DefaultImporter) -> (artifact id: 'e1afca617ed1101023b35ebb1aae0b7e') in 0.0009576 seconds
Start importing Packages/com.barmetler.roadsystem/Runtime/Util using Guid(844c4d6faaf79174fb16c85c7fd1b3b3) (DefaultImporter) -> (artifact id: 'b2db06125a4ddb752eb4680689ece722') in 0.0007052 seconds
Start importing Packages/com.barmetler.roadsystem/Assets/Models using Guid(942b25fd4ea26d947b6aa7ad277fd046) (DefaultImporter) -> (artifact id: '8cba2165399a256d7a7a9bc3d53904f9') in 0.0011065 seconds
Start importing Packages/com.barmetler.roadsystem/Assets/Materials using Guid(89ebfc785681e444fa6fd175d4012360) (DefaultImporter) -> (artifact id: 'd22f35240f0de3f7b545cfecbe034c70') in 0.0007161 seconds
Start importing Packages/com.barmetler.roadsystem/Runtime/Path Finding using Guid(ad481a9cb9f7610449b7e91e600be637) (DefaultImporter) -> (artifact id: '5d213c23ecb53703e2e604f6c0f08c6b') in 0.0006163 seconds
Start importing Packages/com.barmetler.roadsystem/Editor/Settings using Guid(ad7b614ff1c821d4981276cd7a39e293) (DefaultImporter) -> (artifact id: '866c2e3bd603672f4f18d00867bf98b3') in 0.0005682 seconds
Start importing Packages/com.barmetler.roadsystem/Tests/Runtime using Guid(9e933e482c0741b4a8fe3204674a1668) (DefaultImporter) -> (artifact id: '3f4610f77026f6ccaecf2a357f833335') in 0.0005991 seconds
Start importing Packages/com.barmetler.roadsystem/Tests/Editor using Guid(1f36167a99c50ef4ba0b3d25fcdac817) (DefaultImporter) -> (artifact id: '0718b220b976a2c17a78646c2b919b19') in 0.0007929 seconds
Start importing Packages/com.barmetler.roadsystem/Assets/Resources using Guid(5fee7915ba7fe84459eed88a721cf0f1) (DefaultImporter) -> (artifact id: '4bbf2debab83b22768d5ae5e7a4a2036') in 0.0009011 seconds
Start importing Packages/com.barmetler.roadsystem/Editor/Splines using Guid(bf75a2aa2aad7d64380bcd848056946e) (DefaultImporter) -> (artifact id: 'b717019c5cbc8f6be2285116457800cc') in 0.0005659 seconds
Start importing Packages/com.barmetler.roadsystem/Assets/Resources/Icons using Guid(2d069ebc5fc359444b04429b1f421390) (DefaultImporter) -> (artifact id: '306bee4800cec3ff0c8a162227c7251f') in 0.0006863 seconds
Start importing Packages/com.barmetler.roadsystem/Runtime/Barmetler.RoadSystem.Runtime.asmdef using Guid(13bb748a4cdc23745900902b3024379d) (AssemblyDefinitionImporter) -> (artifact id: '24ee6e282db7c053606aeb05f730c500') in 0.0025215 seconds
Start importing Packages/com.barmetler.roadsystem/Tests/Editor/Barmetler.RoadSystem.Editor.Tests.asmdef using Guid(e710aff673bf64241930da623b44a43a) (AssemblyDefinitionImporter) -> (artifact id: '1156dae3b839df6af7dae0ff02a01e43') in 0.0015731 seconds
Start importing Packages/com.barmetler.roadsystem/Tests/Runtime/Barmetler.RoadSystem.Runtime.Tests.asmdef using Guid(5aab4a6d24a67e244b5fdce4f54fc8fd) (AssemblyDefinitionImporter) -> (artifact id: '112dae30f42a23e2d9c45db651fd26d6') in 0.001789 seconds
Start importing Packages/com.barmetler.roadsystem/Editor/Barmetler.RoadSystem.Editor.asmdef using Guid(8bb96ce17270ded4a96c7b866742d37c) (AssemblyDefinitionImporter) -> (artifact id: '09b683e887a63ac3d7a19b766f664360') in 0.0015788 seconds
Refreshing native plugins compatible for Editor in 0.60 ms, found 0 plugins.
Native extension for WindowsStandalone target not found
Native extension for WebGL target not found
[Licensing::Client] Successfully resolved entitlement details
[Licensing::Module] License group:
  Id: F4-VZG9-MHCH-26WA-PBF7-XXXX
  Product: Unity Personal
  Type: ULF
  Expiration: Unlimited
[Licensing::Module] License group:
  Id: 1125343-UnityPersXXXX
  Product: Unity Personal
  Type: Assigned
  Expiration: Unlimited
[MODES] ModeService[none].Initialize
[MODES] ModeService[none].LoadModes
[MODES] Loading mode Default (0) for mode-current-id-Up Iz Up Mini
ScheduleIndexationOnStartup MainProcess:True IndexOnStartup:True
Mono: successfully reloaded assembly
- Finished resetting the current domain, in  9.828 seconds
Domain Reload Profiling: 15453ms
	BeginReloadAssembly (1021ms)
		ExecutionOrderSort (0ms)
		DisableScriptedObjects (16ms)
		BackupInstance (0ms)
		ReleaseScriptingObjects (0ms)
		CreateAndSetChildDomain (270ms)
	RebuildCommonClasses (52ms)
	RebuildNativeTypeToScriptingClass (66ms)
	initialDomainReloadingComplete (210ms)
	LoadAllAssembliesAndSetupDomain (4275ms)
		LoadAssemblies (4083ms)
		RebuildTransferFunctionScriptingTraits (0ms)
		AnalyzeDomain (682ms)
			TypeCache.Refresh (519ms)
				TypeCache.ScanAssembly (468ms)
			BuildScriptInfoCaches (93ms)
			ResolveRequiredComponents (47ms)
	FinalizeReload (9828ms)
		ReleaseScriptCaches (0ms)
		RebuildScriptCaches (0ms)
		SetupLoadedEditorAssemblies (9195ms)
			LogAssemblyErrors (0ms)
			InitializePlatformSupportModulesInManaged (182ms)
			SetLoadedEditorAssemblies (22ms)
			BeforeProcessingInitializeOnLoad (251ms)
			ProcessInitializeOnLoadAttributes (8570ms)
			ProcessInitializeOnLoadMethodAttributes (158ms)
			AfterProcessingInitializeOnLoad (11ms)
			EditorAssembliesLoaded (0ms)
		ExecutionOrderSort2 (0ms)
		AwakeInstancesAfterBackupRestoration (19ms)
Start importing Packages/com.barmetler.roadsystem/Assets/Resources/Icons/Extrude.png using Guid(f168ed1d1a19da448b0c21ac1bd4a6b8) (TextureImporter) -> (artifact id: 'a5d0ac8a13ec4f7ad30f4155115e9cef') in 0.0244002 seconds
Start importing Packages/com.barmetler.roadsystem/Assets/Resources/Icons/RemovePoint.png using Guid(e647d3427eb0ab24087b54ec6f1ec690) (TextureImporter) -> (artifact id: '23e9fe71eee069db1e929a9dbf084701') in 0.0055076 seconds
Start importing Packages/com.barmetler.roadsystem/Assets/Resources/Icons/Intersection.png using Guid(0b28b4268b6c0484bb018572bb0236e3) (TextureImporter) -> (artifact id: 'b4a3d663675eb6ef21d66e565c41e6c9') in 0.0044957 seconds
Start importing Packages/com.barmetler.roadsystem/Assets/Resources/Icons/Road.png using Guid(6b439cebbe078144486dceec8b3b8fcd) (TextureImporter) -> (artifact id: '054be61af1c98d9b4319c1453b9f4d43') in 0.0031739 seconds
Start importing Packages/com.barmetler.roadsystem/Assets/Materials/ArrowMat.mat using Guid(fb6211d333b404c40b2bd199fc489c33) (NativeFormatImporter) -> (artifact id: '53db5840f287ab4cfb40b2b85542d515') in 0.0114844 seconds
Start importing Packages/com.barmetler.roadsystem/Assets/Models/ArrowHorizontal.fbx using Guid(b2ecefbbf9a4d4c4fa6bb984aa773aaf) (FBXImporter) -> (artifact id: '6e1cf77a2af4a885b85e6a09dcf84fcd') in 0.078264 seconds
Start importing Packages/com.barmetler.roadsystem/Assets/Models/ArrowVertical.fbx using Guid(a7c3fd4b45be99042a910c01e5ba2118) (FBXImporter) -> (artifact id: '5de8f8b1fdd5fbf9ab3e3073ad824c76') in 0.0163964 seconds
Start importing Packages/com.unity.render-pipelines.core/Tests/Editor/UnifiedRayTracing/TraceRays.urtshader using Guid(1142bbad8b9e8c44c83a9775ff120d37) (ScriptedImporter)Launched and connected shader compiler UnityShaderCompiler.exe after 0.05 seconds

Compiling Ray Tracing Shader "TraceRays.urtshader", keywords = <no keywords>
    finished in 0.02 seconds. Local cache hits 1, remote cache hits 0, compiled 0 platform variants
 -> (artifact id: '11a5f153906246a58ca613cbdb6aebc2') in 0.1479781 seconds
Start importing Packages/com.barmetler.roadsystem/CHANGELOG.md using Guid(4158eae70d5fdb34ba14dac171ff50a5) (TextScriptImporter) -> (artifact id: '27f1eefe6a1c5a089cb0de8889278a4f') in 0.0022349 seconds
Start importing Packages/com.barmetler.roadsystem/TODO.md using Guid(53c94c6e60b34de0a5fc054d9d9bc13a) (TextScriptImporter) -> (artifact id: 'fd75480369bb8ca251eb359347172616') in 0.0014364 seconds
Start importing Packages/com.barmetler.roadsystem/LICENSE.md using Guid(e31aa51d43842b245ba0583dc1fed1b7) (TextScriptImporter) -> (artifact id: '9a2e5d7b9ef597bac14c1d37f9189298') in 0.0013323 seconds
Start importing Packages/com.unity.render-pipelines.core/Editor/Lighting/ProbeVolume/RenderingLayerMask/TraceRenderingLayerMask.urtshader using Guid(94a070d33e408384bafc1dea4a565df9) (ScriptedImporter)
Compiling Ray Tracing Shader "TraceRenderingLayerMask.urtshader", keywords = <no keywords>
    finished in 0.00 seconds. Local cache hits 1, remote cache hits 0, compiled 0 platform variants
 -> (artifact id: '8b76c8e97fad63d67d18c5940b1f8ec1') in 0.0175352 seconds
Start importing Packages/com.unity.render-pipelines.core/Tests/Editor/UnifiedRayTracing/TraceTransparentRays.urtshader using Guid(6513c3b892e933c4f8d00c19d5c47532) (ScriptedImporter)
Compiling Ray Tracing Shader "TraceTransparentRays.urtshader", keywords = <no keywords>
    finished in 0.00 seconds. Local cache hits 1, remote cache hits 0, compiled 0 platform variants
 -> (artifact id: '4587e460a051e207e3eb2ea89d94589a') in 0.0074607 seconds
Start importing Packages/com.barmetler.roadsystem/Assets/Resources/Icons/Road.svg using Guid(d6451007467ec1245bd174f589b8ab3a) (ScriptedImporter) -> (artifact id: '3a3fe8b122915759b14f385438200060') in 0.3070355 seconds
Start importing Packages/com.barmetler.roadsystem/Assets/Resources/Icons/Extrude.svg using Guid(395f74c98a5050c4da99e482292ce221) (ScriptedImporter) -> (artifact id: '037aaffe3124fa400f26072ee5d180b5') in 0.0232678 seconds
Start importing Packages/com.barmetler.roadsystem/package.json using Guid(a939067d0871af54eafe719eeda8d2a7) (PackageManifestImporter) -> (artifact id: '9afd396e9a7cc4bfcf0b201445528599') in 0.0017823 seconds
Start importing Packages/com.unity.render-pipelines.core/Editor/Lighting/ProbeVolume/DynamicGI/DynamicGISkyOcclusion.urtshader using Guid(5a2a534753fbdb44e96c3c78b5a6999d) (ScriptedImporter)
Compiling Ray Tracing Shader "DynamicGISkyOcclusion.urtshader", keywords = <no keywords>
    finished in 0.00 seconds. Local cache hits 1, remote cache hits 0, compiled 0 platform variants
 -> (artifact id: 'd987f13957106750053921bd5df91ec7') in 0.0108094 seconds
Start importing Packages/com.barmetler.roadsystem/Assets/Resources/Icons/Intersection.svg using Guid(7b008f8adba240c7a277f84084c54d91) (ScriptedImporter) -> (artifact id: 'd4eb448d177aae076c805a264ff482cc') in 0.0165863 seconds
Start importing Packages/com.unity.render-pipelines.core/Tests/Editor/UnifiedRayTracing/TraceRaysAndFetchAttributes.urtshader using Guid(fbc59f55df2416344b008dc23753cae2) (ScriptedImporter)
Compiling Ray Tracing Shader "TraceRaysAndFetchAttributes.urtshader", keywords = <no keywords>
    finished in 0.00 seconds. Local cache hits 1, remote cache hits 0, compiled 0 platform variants
 -> (artifact id: 'c3b509f4c4e6515e608dd3f2d6e35678') in 0.006507 seconds
Start importing Packages/com.barmetler.roadsystem/Assets/Resources/Icons/RemovePoint.svg using Guid(9d690cbc4f14dc94f993df641748c244) (ScriptedImporter) -> (artifact id: '11165f57456e7cc74729b67d46496cf3') in 0.0264472 seconds
Start importing Packages/com.barmetler.roadsystem/README.md using Guid(fe92bb621f951bb4bbaa3133ee732153) (TextScriptImporter) -> (artifact id: '3765d70dd904b6cc849c77d43645113f') in 0.001906 seconds
Start importing Packages/com.unity.render-pipelines.core/Editor/Lighting/ProbeVolume/VirtualOffset/TraceVirtualOffset.urtshader using Guid(ff2cbab5da58bf04d82c5f34037ed123) (ScriptedImporter)
Compiling Ray Tracing Shader "TraceVirtualOffset.urtshader", keywords = <no keywords>
    finished in 0.00 seconds. Local cache hits 1, remote cache hits 0, compiled 0 platform variants
 -> (artifact id: '290c95a690f17b21ff8dc2b57a7bf608') in 0.0120407 seconds
Refreshing native plugins compatible for Editor in 3.58 ms, found 0 plugins.
Preloading 0 native plugins for Editor in 0.00 ms.
Loaded 1 ExamplePackConfig assets
UnityEngine.Debug:ExtractStackTraceNoAlloc (byte*,int,string)
UnityEngine.StackTraceUtility:ExtractStackTrace ()
UnityEngine.DebugLogHandler:Internal_Log (UnityEngine.LogType,UnityEngine.LogOption,string,UnityEngine.Object)
UnityEngine.DebugLogHandler:LogFormat (UnityEngine.LogType,UnityEngine.Object,string,object[])
UnityEngine.Logger:Log (UnityEngine.LogType,object)
UnityEngine.Debug:Log (object)
SyntyPackageHelper:LoadSyntyPackageHelperConfigs () (at Assets/Synty/SyntyPackageHelper/Editor/SyntyPackageHelper.cs:46)
SyntyPackageHelper:OnProjectChanged () (at Assets/Synty/SyntyPackageHelper/Editor/SyntyPackageHelper.cs:55)
UnityEditor.EditorApplication:Internal_CallProjectHasChanged ()

(Filename: Assets/Synty/SyntyPackageHelper/Editor/SyntyPackageHelper.cs Line: 46)

Asset Pipeline Refresh (id=06ba6f918ac6cf1418a35f51178952de): Total: 71.286 seconds - Initiated by InitialRefreshV2(ForceSynchronousImport)
	Summary:
		Imports: total=41 (actual=41, local cache=0, cache server=0)
		Asset DB Process Time: managed=16 ms, native=12055 ms
		Asset DB Callback time: managed=501 ms, native=358 ms
		Scripting: domain reloads=1, domain reload time=5630 ms, compile time=52643 ms, other=81 ms
		Project Asset Count: scripts=1005, non-scripts=3649
		Asset File Changes: new=0, changed=0, moved=0, deleted=0
		Scan Filter Count: 0
	InvokeCustomDependenciesCallbacks: 0.003ms
	InvokePackagesCallback: 194.716ms
	ApplyChangesToAssetFolders: 1.768ms
	Scan: 438.136ms
	OnSourceAssetsModified: 0.003ms
	CategorizeAssetsWithTransientArtifact: 30.091ms
	ProcessAssetsWithTransientArtifactChanges: 323.774ms
	CategorizeAssets: 87.354ms
	ImportOutOfDateAssets: 10679.834ms (-42808.109ms without children)
		ImportManagerImport: 840.293ms (9.159ms without children)
			ImportInProcess: 830.372ms
			UpdateCategorizedAssets: 0.762ms
		CompileScripts: 52642.846ms
		ReloadNativeAssets: 0.013ms
		UnloadImportedAssets: 0.786ms
		ReloadImportedAssets: 0.006ms
		EnsureUptoDateAssetsAreRegisteredWithGuidPM: 1.248ms
		InitializingProgressBar: 0.013ms
		PostProcessAllAssetNotificationsAddChangedAssets: 0.001ms
		OnDemandSchedulerStart: 2.738ms
	PostProcessAllAssets: 638.829ms
	Hotreload: 66.415ms
	GatherAllCurrentPrimaryArtifactRevisions: 0.490ms
	UnloadStreamsBegin: 2.282ms
	PersistCurrentRevisions: 0.813ms
	UnloadStreamsEnd: 0.003ms
	GenerateScriptTypeHashes: 4.274ms
	Untracked: 58821.751ms

Application.AssetDatabase Initial Refresh End
Scanning for USB devices : 4.265ms
Initializing Unity extensions:
Unloading 48 Unused Serialized files (Serialized files now loaded: 0)
Unloading 3393 unused Assets / (16.9 MB). Loaded Objects now: 3983.
Memory consumption went from 189.8 MB to 172.9 MB.
Total: 32.737900 ms (FindLiveObjects: 0.383300 ms CreateObjectMapping: 0.266300 ms MarkObjects: 7.444100 ms  DeleteObjects: 24.641600 ms)

Opening scene 'Assets/UpIzUpMini/Scenes/GrandBayProof.unity'
[Licensing::Client] Successfully resolved entitlement details
[Licensing::Module] License group:
  Id: F4-VZG9-MHCH-26WA-PBF7-XXXX
  Product: Unity Personal
  Type: ULF
  Expiration: Unlimited
[Licensing::Module] License group:
  Id: 1125343-UnityPersXXXX
  Product: Unity Personal
  Type: Assigned
  Expiration: Unlimited
Unloading 54 Unused Serialized files (Serialized files now loaded: 0)
Loaded scene 'Assets/UpIzUpMini/Scenes/GrandBayProof.unity'
	Deserialize:            122.214 ms
	Integration:            850.401 ms
	Integration of assets:  45.017 ms
	Thread Wait Time:       -17.452 ms
	Total Operation Time:   1000.179 ms
Unloading 1 unused Assets / (0.5 KB). Loaded Objects now: 15693.
Memory consumption went from 205.9 MB to 205.9 MB.
Total: 12.750200 ms (FindLiveObjects: 1.127500 ms CreateObjectMapping: 0.311400 ms MarkObjects: 11.254300 ms  DeleteObjects: 0.055200 ms)

MINI-119 SETTLE TEST: measured wheelBottomOffset=0.636m (rearBottomY=-0.598, frontBottomY=-0.636, both relative to root at world origin).
UnityEngine.Debug:ExtractStackTraceNoAlloc (byte*,int,string)
UnityEngine.StackTraceUtility:ExtractStackTrace ()
UnityEngine.DebugLogHandler:Internal_Log (UnityEngine.LogType,UnityEngine.LogOption,string,UnityEngine.Object)
UnityEngine.DebugLogHandler:LogFormat (UnityEngine.LogType,UnityEngine.Object,string,object[])
UnityEngine.Logger:Log (UnityEngine.LogType,object)
UnityEngine.Debug:Log (object)
UpIzUpMini.EditorTools.Mini119SuperMotoSettleTest:Run () (at Assets/UpIzUpMini/Editor/Mini119SuperMotoSettleTest.cs:64)

(Filename: Assets/UpIzUpMini/Editor/Mini119SuperMotoSettleTest.cs Line: 64)

MINI-119 SETTLE TEST: after 5.0s - roll=64.2deg, pitch=0.3deg, upright dot=0.44 (1=perfectly upright, <0.5 means fallen over), position=(47.53, 7.65, -153.28)
UnityEngine.Debug:ExtractStackTraceNoAlloc (byte*,int,string)
UnityEngine.StackTraceUtility:ExtractStackTrace ()
UnityEngine.DebugLogHandler:Internal_Log (UnityEngine.LogType,UnityEngine.LogOption,string,UnityEngine.Object)
UnityEngine.DebugLogHandler:LogFormat (UnityEngine.LogType,UnityEngine.Object,string,object[])
UnityEngine.Logger:Log (UnityEngine.LogType,object)
UnityEngine.Debug:Log (object)
UpIzUpMini.EditorTools.Mini119SuperMotoSettleTest:Run () (at Assets/UpIzUpMini/Editor/Mini119SuperMotoSettleTest.cs:86)

(Filename: Assets/UpIzUpMini/Editor/Mini119SuperMotoSettleTest.cs Line: 86)


=================================================================
	Native Crash Reporting
=================================================================
Got a UNKNOWN while executing native code. This usually indicates
a fatal error in the mono runtime or one of the native libraries 
used by your application.
=================================================================

=================================================================
	Managed Stacktrace:
=================================================================
	  at <unknown> <0xffffffff>
	  at UnityEngine.Camera:Render_Injected <0x00069>
	  at UnityEngine.Camera:Render <0x0009a>
	  at UpIzUpMini.EditorTools.Mini119SuperMotoSettleTest:Run <0x02172>
	  at System.Object:runtime_invoke_void <0x00084>
=================================================================
Crash!!!
SymInit: Symbol-SearchPath: 'C:/Program Files/Unity/Hub/Editor/6000.3.10f1/Editor/Data/Mono;.;E:\Unity\Up Iz Up Mini;E:\Unity\Up Iz Up Mini\Library\BurstCache\JIT;C:\Program Files\Unity\Hub\Editor\6000.3.10f1\Editor;C:\windows;C:\windows\system32;', symOptions: 534, UserName: 'PCSS-PC'
OS-Version: 10.0.0
C:\Program Files\Unity\Hub\Editor\6000.3.10f1\Editor\Unity.exe:Unity.exe (00007FF700F40000), size: 290816 (result: 0), SymType: '-deferred-', PDB: '', fileVersion: 6000.3.10.24332
C:\windows\SYSTEM32\ntdll.dll:ntdll.dll (00007FFEB3F60000), size: 2514944 (result: 0), SymType: '-deferred-', PDB: '', fileVersion: 10.0.26100.8972
C:\windows\System32\KERNEL32.DLL:KERNEL32.DLL (00007FFEB2830000), size: 823296 (result: 0), SymType: '-deferred-', PDB: '', fileVersion: 10.0.26100.9168
C:\windows\System32\KERNELBASE.dll:KERNELBASE.dll (00007FFEB15C0000), size: 4190208 (result: 0), SymType: '-deferred-', PDB: '', fileVersion: 10.0.26100.9168
C:\windows\System32\USER32.dll:USER32.dll (00007FFEB3B20000), size: 1859584 (result: 0), SymType: '-deferred-', PDB: '', fileVersion: 10.0.26100.8972
C:\windows\System32\win32u.dll:win32u.dll (00007FFEB1440000), size: 159744 (result: 0), SymType: '-deferred-', PDB: '', fileVersion: 10.0.26100.9168
C:\windows\System32\GDI32.dll:GDI32.dll (00007FFEB2910000), size: 176128 (result: 0), SymType: '-deferred-', PDB: '', fileVersion: 10.0.26100.8328
C:\windows\System32\gdi32full.dll:gdi32full.dll (00007FFEB1B60000), size: 1216512 (result: 0), SymType: '-deferred-', PDB: '', fileVersion: 10.0.26100.9168
C:\windows\System32\msvcp_win.dll:msvcp_win.dll (00007FFEB1170000), size: 667648 (result: 0), SymType: '-deferred-', PDB: '', fileVersion: 10.0.26100.8875
C:\windows\System32\ucrtbase.dll:ucrtbase.dll (00007FFEB1220000), size: 1359872 (result: 0), SymType: '-deferred-', PDB: '', fileVersion: 10.0.26100.8875
C:\windows\System32\IMM32.DLL:IMM32.DLL (00007FFEB3CF0000), size: 204800 (result: 0), SymType: '-deferred-', PDB: '', fileVersion: 10.0.26100.8521
C:\Program Files\Unity\Hub\Editor\6000.3.10f1\Editor\Unity.dll:Unity.dll (00007FFD66200000), size: 91828224 (result: 0), SymType: '-deferred-', PDB: '', fileVersion: 6000.3.10.24332
C:\windows\System32\CRYPT32.dll:CRYPT32.dll (00007FFEB19D0000), size: 1564672 (result: 0), SymType: '-deferred-', PDB: '', fileVersion: 10.0.26100.8972
C:\windows\System32\ADVAPI32.dll:ADVAPI32.dll (00007FFEB2A50000), size: 770048 (result: 0), SymType: '-deferred-', PDB: '', fileVersion: 10.0.26100.9168
C:\windows\System32\msvcrt.dll:msvcrt.dll (00007FFEB3A70000), size: 692224 (result: 0), SymType: '-deferred-', PDB: '', fileVersion: 7.0.26100.8875
C:\windows\System32\sechost.dll:sechost.dll (00007FFEB3860000), size: 696320 (result: 0), SymType: '-deferred-', PDB: '', fileVersion: 10.0.26100.9168
C:\windows\System32\RPCRT4.dll:RPCRT4.dll (00007FFEB2DB0000), size: 1146880 (result: 0), SymType: '-deferred-', PDB: '', fileVersion: 10.0.26100.9168
C:\windows\System32\ole32.dll:ole32.dll (00007FFEB1C90000), size: 1675264 (result: 0), SymType: '-deferred-', PDB: '', fileVersion: 10.0.26100.8972
C:\windows\System32\combase.dll:combase.dll (00007FFEB24A0000), size: 3690496 (result: 0), SymType: '-deferred-', PDB: '', fileVersion: 10.0.26100.9168
C:\windows\System32\SETUPAPI.dll:SETUPAPI.dll (00007FFEB1FF0000), size: 4747264 (result: 0), SymType: '-deferred-', PDB: '', fileVersion: 10.0.26100.8972
C:\Program Files\Unity\Hub\Editor\6000.3.10f1\Editor\s3tcompress.dll:s3tcompress.dll (00007FFE80C90000), size: 180224 (result: 0), SymType: '-deferred-', PDB: ''
C:\windows\System32\SHELL32.dll:SHELL32.dll (00007FFEB2ED0000), size: 7897088 (result: 0), SymType: '-deferred-', PDB: '', fileVersion: 10.0.26100.9168
C:\windows\System32\SHLWAPI.dll:SHLWAPI.dll (00007FFEB29E0000), size: 417792 (result: 0), SymType: '-deferred-', PDB: '', fileVersion: 10.0.26100.8972
C:\windows\System32\WS2_32.dll:WS2_32.dll (00007FFEB2950000), size: 532480 (result: 0), SymType: '-deferred-', PDB: '', fileVersion: 10.0.26100.8972
C:\windows\System32\OLEAUT32.dll:OLEAUT32.dll (00007FFEB2BB0000), size: 888832 (result: 0), SymType: '-deferred-', PDB: '', fileVersion: 10.0.26100.8972
C:\windows\System32\WINTRUST.dll:WINTRUST.dll (00007FFEB1470000), size: 536576 (result: 0), SymType: '-deferred-', PDB: '', fileVersion: 10.0.26100.8972
C:\Program Files\Unity\Hub\Editor\6000.3.10f1\Editor\libfbxsdk.dll:libfbxsdk.dll (00007FFD8F3A0000), size: 8019968 (result: 0), SymType: '-deferred-', PDB: '', fileVersion: 2020.3.7.0
C:\Program Files\Unity\Hub\Editor\6000.3.10f1\Editor\etccompress.dll:etccompress.dll (00007FFD8EEC0000), size: 5070848 (result: 0), SymType: '-deferred-', PDB: ''
C:\Program Files\Unity\Hub\Editor\6000.3.10f1\Editor\FreeImage.dll:FreeImage.dll (0000000180000000), size: 5332992 (result: 0), SymType: '-deferred-', PDB: '', fileVersion: 3.18.0.0
C:\Program Files\Unity\Hub\Editor\6000.3.10f1\Editor\ispc_texcomp.dll:ispc_texcomp.dll (00007FFDA9E40000), size: 1826816 (result: 0), SymType: '-deferred-', PDB: ''
C:\Program Files\Unity\Hub\Editor\6000.3.10f1\Editor\WinPixEventRuntime.dll:WinPixEventRuntime.dll (00007FFEA4F50000), size: 57344 (result: 0), SymType: '-deferred-', PDB: '', fileVersion: 1.0.2403.8001
C:\Program Files\Unity\Hub\Editor\6000.3.10f1\Editor\compress_bc7e.dll:compress_bc7e.dll (00007FFE38400000), size: 1433600 (result: 0), SymType: '-deferred-', PDB: ''
C:\windows\SYSTEM32\bcrypt.dll:bcrypt.dll (00007FFEB1060000), size: 172032 (result: 0), SymType: '-deferred-', PDB: '', fileVersion: 10.0.26100.9168
C:\windows\SYSTEM32\d3d11.dll:d3d11.dll (00007FFEACD40000), size: 2490368 (result: 0), SymType: '-deferred-', PDB: '', fileVersion: 10.0.26100.8972
C:\windows\SYSTEM32\dwmapi.dll:dwmapi.dll (00007FFEAE4C0000), size: 192512 (result: 0), SymType: '-deferred-', PDB: '', fileVersion: 10.0.26100.8972
C:\windows\SYSTEM32\dxgi.dll:dxgi.dll (00007FFEAE360000), size: 1286144 (result: 0), SymType: '-deferred-', PDB: '', fileVersion: 10.0.26100.9168
C:\windows\WinSxS\amd64_microsoft.windows.common-controls_6595b64144ccf1df_6.0.26100.8972_none_3e0da176e32f9d4b\COMCTL32.dll:COMCTL32.dll (00007FFE8E4E0000), size: 2691072 (result: 0), SymType: '-deferred-', PDB: '', fileVersion: 6.10.26100.8972
C:\windows\SYSTEM32\HID.DLL:HID.DLL (00007FFEAF480000), size: 61440 (result: 0), SymType: '-deferred-', PDB: '', fileVersion: 10.0.26100.1150
C:\windows\SYSTEM32\IPHLPAPI.DLL:IPHLPAPI.DLL (00007FFEAF820000), size: 208896 (result: 0), SymType: '-deferred-', PDB: '', fileVersion: 10.0.26100.8972
C:\windows\SYSTEM32\OPENGL32.dll:OPENGL32.dll (00007FFE3E560000), size: 1097728 (result: 0), SymType: '-deferred-', PDB: '', fileVersion: 10.0.26100.8972
C:\windows\SYSTEM32\WINHTTP.dll:WINHTTP.dll (00007FFEAA3A0000), size: 1212416 (result: 0), SymType: '-deferred-', PDB: '', fileVersion: 10.0.26100.9168
C:\windows\SYSTEM32\WINMM.dll:WINMM.dll (00007FFEA6270000), size: 221184 (result: 0), SymType: '-deferred-', PDB: '', fileVersion: 10.0.26100.8972
C:\Program Files\Unity\Hub\Editor\6000.3.10f1\Editor\SketchUpAPI.dll:SketchUpAPI.dll (00007FFD889C0000), size: 8990720 (result: 0), SymType: '-deferred-', PDB: '', fileVersion: 23.0.0.0
C:\Program Files\Unity\Hub\Editor\6000.3.10f1\Editor\umbraoptimizer64.dll:umbraoptimizer64.dll (00007FFD9AE20000), size: 1187840 (result: 0), SymType: '-deferred-', PDB: ''
C:\windows\SYSTEM32\d3d12.dll:d3d12.dll (00007FFE74560000), size: 143360 (result: 0), SymType: '-deferred-', PDB: '', fileVersion: 10.0.26100.8972
C:\Program Files\Unity\Hub\Editor\6000.3.10f1\Editor\NativeProxyHelper.dll:NativeProxyHelper.dll (00007FFD996A0000), size: 1789952 (result: 0), SymType: '-deferred-', PDB: ''
C:\windows\SYSTEM32\WSOCK32.dll:WSOCK32.dll (00007FFEA59F0000), size: 40960 (result: 0), SymType: '-deferred-', PDB: '', fileVersion: 10.0.26100.1
C:\windows\SYSTEM32\VCRUNTIME140.dll:VCRUNTIME140.dll (00007FFEA49D0000), size: 122880 (result: 0), SymType: '-deferred-', PDB: '', fileVersion: 14.50.35719.0
C:\windows\SYSTEM32\VCRUNTIME140_1.dll:VCRUNTIME140_1.dll (00007FFEA4D50000), size: 45056 (result: 0), SymType: '-deferred-', PDB: '', fileVersion: 14.50.35719.0
C:\windows\SYSTEM32\GLU32.dll:GLU32.dll (00007FFEA4520000), size: 184320 (result: 0), SymType: '-deferred-', PDB: '', fileVersion: 10.0.26100.1150
C:\windows\SYSTEM32\MSVCP140.dll:MSVCP140.dll (00007FFEA49F0000), size: 557056 (result: 0), SymType: '-deferred-', PDB: '', fileVersion: 14.50.35719.0
C:\windows\SYSTEM32\powrprof.dll:powrprof.dll (00007FFEB0F20000), size: 385024 (result: 0), SymType: '-deferred-', PDB: '', fileVersion: 10.0.26100.3912
C:\windows\SYSTEM32\VERSION.dll:VERSION.dll (00007FFEA9130000), size: 45056 (result: 0), SymType: '-deferred-', PDB: '', fileVersion: 10.0.26100.1150
C:\Program Files\Unity\Hub\Editor\6000.3.10f1\Editor\SketchUpCommonPreferences.dll:SketchUpCommonPreferences.dll (00007FFE0B8F0000), size: 499712 (result: 0), SymType: '-deferred-', PDB: '', fileVersion: 23.0.0.0
C:\windows\SYSTEM32\Secur32.dll:Secur32.dll (00007FFEAE130000), size: 53248 (result: 0), SymType: '-deferred-', PDB: '', fileVersion: 10.0.26100.7705
C:\windows\SYSTEM32\dxcore.dll:dxcore.dll (00007FFEAE310000), size: 282624 (result: 0), SymType: '-deferred-', PDB: '', fileVersion: 10.0.26100.8972
C:\windows\SYSTEM32\SSPICLI.DLL:SSPICLI.DLL (00007FFEB00D0000), size: 299008 (result: 0), SymType: '-deferred-', PDB: '', fileVersion: 10.0.26100.8972
C:\Program Files\Unity\Hub\Editor\6000.3.10f1\Editor\OpenRL.dll:OpenRL.dll (000002B39E320000), size: 12779520 (result: 0), SymType: '-deferred-', PDB: '', fileVersion: 1.5.0.2907
C:\windows\SYSTEM32\MSVCP100.dll:MSVCP100.dll (0000000073B00000), size: 622592 (result: 0), SymType: '-deferred-', PDB: '', fileVersion: 10.0.40219.325
C:\windows\SYSTEM32\MSVCR100.dll:MSVCR100.dll (0000000073BA0000), size: 860160 (result: 0), SymType: '-deferred-', PDB: '', fileVersion: 10.0.40219.325
C:\Program Files\Unity\Hub\Editor\6000.3.10f1\Editor\embree.dll:embree.dll (00007FFD65210000), size: 16711680 (result: 0), SymType: '-deferred-', PDB: '', fileVersion: 2.14.0.0
C:\Program Files\Unity\Hub\Editor\6000.3.10f1\Editor\tbb.dll:tbb.dll (00007FFE6E9F0000), size: 303104 (result: 0), SymType: '-deferred-', PDB: '', fileVersion: 2020.3.2022.1111
C:\windows\SYSTEM32\cfgmgr32.DLL:cfgmgr32.DLL (00007FFEB0D40000), size: 335872 (result: 0), SymType: '-deferred-', PDB: '', fileVersion: 10.0.26100.8972
C:\windows\SYSTEM32\MSWSOCK.DLL:MSWSOCK.DLL (00007FFEB03B0000), size: 442368 (result: 0), SymType: '-deferred-', PDB: '', fileVersion: 10.0.26100.9168
C:\Program Files\Unity\Hub\Editor\6000.3.10f1\Editor\OpenRL_pthread.dll:OpenRL_pthread.dll (000002B39EF70000), size: 61440 (result: 0), SymType: '-deferred-', PDB: '', fileVersion: 2.9.0.0
C:\windows\SYSTEM32\UMPDC.dll:UMPDC.dll (00007FFEB0DF0000), size: 86016 (result: 0), SymType: '-deferred-', PDB: '', fileVersion: 10.0.26100.8972
C:\windows\SYSTEM32\MSASN1.dll:MSASN1.dll (00007FFEB0840000), size: 77824 (result: 0), SymType: '-deferred-', PDB: '', fileVersion: 10.0.26100.8875
C:\windows\System32\bcryptprimitives.dll:bcryptprimitives.dll (00007FFEB1500000), size: 704512 (result: 0), SymType: '-deferred-', PDB: '', fileVersion: 10.0.26100.9168
C:\windows\SYSTEM32\kernel.appcore.dll:kernel.appcore.dll (00007FFEAFE20000), size: 110592 (result: 0), SymType: '-deferred-', PDB: '', fileVersion: 10.0.26100.8737
C:\windows\system32\uxtheme.dll:uxtheme.dll (00007FFEAC4C0000), size: 688128 (result: 0), SymType: '-deferred-', PDB: '', fileVersion: 10.0.26100.8972
C:\windows\SYSTEM32\windows.storage.dll:windows.storage.dll (00007FFEAEBE0000), size: 9023488 (result: 0), SymType: '-deferred-', PDB: '', fileVersion: 10.0.26100.9168
C:\windows\System32\SHCORE.dll:SHCORE.dll (00007FFEB3970000), size: 1019904 (result: 0), SymType: '-deferred-', PDB: '', fileVersion: 10.0.26100.9168
C:\windows\SYSTEM32\profapi.dll:profapi.dll (00007FFEB1090000), size: 167936 (result: 0), SymType: '-deferred-', PDB: '', fileVersion: 10.0.26100.9168
C:\windows\System32\clbcatq.dll:clbcatq.dll (00007FFEB1F30000), size: 712704 (result: 0), SymType: '-deferred-', PDB: '', fileVersion: 2001.12.10941.16384
C:\windows\system32\IconCodecService.dll:IconCodecService.dll (00007FFE73CC0000), size: 45056 (result: 0), SymType: '-deferred-', PDB: '', fileVersion: 10.0.26100.1
C:\windows\SYSTEM32\WindowsCodecs.dll:WindowsCodecs.dll (00007FFEAC7B0000), size: 2281472 (result: 0), SymType: '-deferred-', PDB: '', fileVersion: 10.0.26100.9168
C:\windows\SYSTEM32\CRYPTSP.dll:CRYPTSP.dll (00007FFEB07D0000), size: 110592 (result: 0), SymType: '-deferred-', PDB: '', fileVersion: 10.0.26100.8875
C:\windows\system32\rsaenh.dll:rsaenh.dll (00007FFEAFD80000), size: 233472 (result: 0), SymType: '-deferred-', PDB: '', fileVersion: 10.0.26100.7705
C:\windows\system32\wbem\wbemprox.dll:wbemprox.dll (00007FFE80940000), size: 73728 (result: 0), SymType: '-deferred-', PDB: '', fileVersion: 10.0.26100.8972
C:\windows\SYSTEM32\wbemcomn.dll:wbemcomn.dll (00007FFE81660000), size: 499712 (result: 0), SymType: '-deferred-', PDB: '', fileVersion: 10.0.26100.7920
C:\windows\SYSTEM32\CRYPTBASE.dll:CRYPTBASE.dll (00007FFEB0610000), size: 49152 (result: 0), SymType: '-deferred-', PDB: '', fileVersion: 10.0.26100.8875
C:\windows\System32\netprofm.dll:netprofm.dll (00007FFEABDE0000), size: 446464 (result: 0), SymType: '-deferred-', PDB: '', fileVersion: 10.0.26100.8972
C:\windows\System32\imagehlp.dll:imagehlp.dll (00007FFEB3D30000), size: 131072 (result: 0), SymType: '-deferred-', PDB: '', fileVersion: 10.0.26100.4202
C:\windows\system32\wbem\wbemsvc.dll:wbemsvc.dll (00007FFE7F660000), size: 86016 (result: 0), SymType: '-deferred-', PDB: '', fileVersion: 10.0.26100.8972
C:\windows\System32\npmproxy.dll:npmproxy.dll (00007FFEA6360000), size: 102400 (result: 0), SymType: '-deferred-', PDB: '', fileVersion: 10.0.26100.8328
C:\windows\system32\wbem\fastprox.dll:fastprox.dll (00007FFE7ED20000), size: 999424 (result: 0), SymType: '-deferred-', PDB: '', fileVersion: 10.0.26100.8972
C:\windows\SYSTEM32\amsi.dll:amsi.dll (00007FFE7E320000), size: 118784 (result: 0), SymType: '-deferred-', PDB: '', fileVersion: 10.0.26100.7309
C:\windows\SYSTEM32\USERENV.dll:USERENV.dll (00007FFEB0460000), size: 204800 (result: 0), SymType: '-deferred-', PDB: '', fileVersion: 10.0.26100.9168
C:\ProgramData\Microsoft\Windows Defender\Platform\4.18.26070.9-0\MpOav.dll:MpOav.dll (00007FFE7E270000), size: 667648 (result: 0), SymType: '-deferred-', PDB: '', fileVersion: 4.18.26070.9
C:\windows\SYSTEM32\gpapi.dll:gpapi.dll (00007FFEB0430000), size: 151552 (result: 0), SymType: '-deferred-', PDB: '', fileVersion: 10.0.26100.8972
C:\Windows\System32\cryptnet.dll:cryptnet.dll (00007FFE7FE10000), size: 241664 (result: 0), SymType: '-deferred-', PDB: '', fileVersion: 10.0.26100.8972
C:\windows\SYSTEM32\WINNSI.DLL:WINNSI.DLL (00007FFEAE2F0000), size: 57344 (result: 0), SymType: '-deferred-', PDB: '', fileVersion: 10.0.26100.8875
C:\windows\System32\NSI.dll:NSI.dll (00007FFEB2940000), size: 40960 (result: 0), SymType: '-deferred-', PDB: '', fileVersion: 10.0.26100.8875
C:\windows\SYSTEM32\dhcpcsvc6.DLL:dhcpcsvc6.DLL (00007FFEAA500000), size: 118784 (result: 0), SymType: '-deferred-', PDB: '', fileVersion: 10.0.26100.9168
C:\windows\SYSTEM32\dhcpcsvc.DLL:dhcpcsvc.DLL (00007FFEAA4D0000), size: 151552 (result: 0), SymType: '-deferred-', PDB: '', fileVersion: 10.0.26100.9168
C:\windows\SYSTEM32\DNSAPI.dll:DNSAPI.dll (00007FFEAF8C0000), size: 1409024 (result: 0), SymType: '-deferred-', PDB: '', fileVersion: 10.0.26100.9168
C:\windows\SYSTEM32\DSPARSE.dll:DSPARSE.dll (00007FFEB01B0000), size: 53248 (result: 0), SymType: '-deferred-', PDB: '', fileVersion: 10.0.26100.1
C:\windows\system32\napinsp.dll:napinsp.dll (00007FFEA5A10000), size: 98304 (result: 0), SymType: '-deferred-', PDB: '', fileVersion: 10.0.26100.1150
C:\windows\System32\winrnr.dll:winrnr.dll (00007FFEA5400000), size: 77824 (result: 0), SymType: '-deferred-', PDB: '', fileVersion: 10.0.26100.8737
C:\windows\system32\nlansp_c.dll:nlansp_c.dll (00007FFEA53D0000), size: 139264 (result: 0), SymType: '-deferred-', PDB: '', fileVersion: 10.0.26100.8972
C:\windows\system32\wshbth.dll:wshbth.dll (00007FFEA65A0000), size: 90112 (result: 0), SymType: '-deferred-', PDB: '', fileVersion: 10.0.26100.8875
C:\windows\System32\fwpuclnt.dll:fwpuclnt.dll (00007FFEAA900000), size: 548864 (result: 0), SymType: '-deferred-', PDB: '', fileVersion: 10.0.26100.8972
C:\Windows\System32\rasadhlp.dll:rasadhlp.dll (00007FFEA9120000), size: 45056 (result: 0), SymType: '-deferred-', PDB: '', fileVersion: 10.0.26100.7920
C:\Program Files\Unity\Hub\Editor\6000.3.10f1\Editor\AMDUnityPlugin.DLL:AMDUnityPlugin.DLL (00007FFD88150000), size: 8843264 (result: 0), SymType: '-deferred-', PDB: ''
C:\Program Files\Unity\Hub\Editor\6000.3.10f1\Editor\NVUnityPlugin.DLL:NVUnityPlugin.DLL (00007FFD993D0000), size: 1638400 (result: 0), SymType: '-deferred-', PDB: ''
C:\Program Files\Unity\Hub\Editor\6000.3.10f1\Editor\Data\Tools\astcenc-avx2.dll:astcenc-avx2.dll (00007FFE63F80000), size: 352256 (result: 0), SymType: '-deferred-', PDB: ''
C:\windows\SYSTEM32\mfplat.dll:mfplat.dll (00007FFEA65D0000), size: 2244608 (result: 0), SymType: '-deferred-', PDB: '', fileVersion: 10.0.26100.8972
C:\windows\SYSTEM32\RTWorkQ.DLL:RTWorkQ.DLL (00007FFEA6560000), size: 241664 (result: 0), SymType: '-deferred-', PDB: '', fileVersion: 10.0.26100.8972
C:\windows\SYSTEM32\mfreadwrite.dll:mfreadwrite.dll (00007FFDF2730000), size: 864256 (result: 0), SymType: '-deferred-', PDB: '', fileVersion: 10.0.26100.8972
C:\windows\SYSTEM32\Mf.dll:Mf.dll (00007FFEA8C20000), size: 622592 (result: 0), SymType: '-deferred-', PDB: '', fileVersion: 10.0.26100.8972
C:\windows\SYSTEM32\MFCORE.DLL:MFCORE.DLL (00007FFEA6A50000), size: 4296704 (result: 0), SymType: '-deferred-', PDB: '', fileVersion: 10.0.26100.9168
C:\windows\SYSTEM32\CompPkgSup.DLL:CompPkgSup.DLL (00007FFEA2170000), size: 204800 (result: 0), SymType: '-deferred-', PDB: '', fileVersion: 10.0.26100.8521
C:\Windows\System32\Windows.Media.dll:Windows.Media.dll (00007FFE90B00000), size: 6926336 (result: 0), SymType: '-deferred-', PDB: '', fileVersion: 10.0.26100.8972
C:\Windows\System32\Windows.StateRepositoryPS.dll:Windows.StateRepositoryPS.dll (00007FFE78FC0000), size: 802816 (result: 0), SymType: '-deferred-', PDB: '', fileVersion: 10.0.26100.8972
C:\Windows\System32\Windows.ApplicationModel.dll:Windows.ApplicationModel.dll (00007FFE92090000), size: 884736 (result: 0), SymType: '-deferred-', PDB: '', fileVersion: 10.0.26100.8972
C:\windows\SYSTEM32\wintypes.dll:wintypes.dll (00007FFEAAE00000), size: 1482752 (result: 0), SymType: '-deferred-', PDB: '', fileVersion: 10.0.26100.9168
C:\Windows\System32\AppXDeploymentClient.dll:AppXDeploymentClient.dll (00007FFEA68D0000), size: 1511424 (result: 0), SymType: '-deferred-', PDB: '', fileVersion: 10.0.26100.8972
C:\windows\SYSTEM32\windows.staterepositoryclient.dll:windows.staterepositoryclient.dll (00007FFE7E390000), size: 278528 (result: 0), SymType: '-deferred-', PDB: '', fileVersion: 10.0.26100.8972
C:\windows\SYSTEM32\windows.staterepositorycore.dll:windows.staterepositorycore.dll (00007FFE7E3E0000), size: 126976 (result: 0), SymType: '-deferred-', PDB: '', fileVersion: 10.0.26100.8972
C:\windows\System32\MMDevApi.dll:MMDevApi.dll (00007FFEA96F0000), size: 679936 (result: 0), SymType: '-deferred-', PDB: '', fileVersion: 10.0.26100.8972
C:\windows\System32\DEVOBJ.dll:DEVOBJ.dll (00007FFEB0D00000), size: 192512 (result: 0), SymType: '-deferred-', PDB: '', fileVersion: 10.0.26100.8972
C:\windows\SYSTEM32\AUDIOSES.DLL:AUDIOSES.DLL (00007FFEA1F80000), size: 1798144 (result: 0), SymType: '-deferred-', PDB: '', fileVersion: 10.0.26100.8972
C:\windows\SYSTEM32\resourcepolicyclient.dll:resourcepolicyclient.dll (00007FFEAE860000), size: 81920 (result: 0), SymType: '-deferred-', PDB: '', fileVersion: 10.0.26100.8115
C:\windows\SYSTEM32\opencl.dll:opencl.dll (00007FFE80CD0000), size: 118784 (result: 0), SymType: '-deferred-', PDB: '', fileVersion: 3.0.8.0
C:\Program Files\Unity\Hub\Editor\6000.3.10f1\Editor\radeonrays.dll:radeonrays.dll (00007FFE63EF0000), size: 344064 (result: 0), SymType: '-deferred-', PDB: ''
C:\Program Files\Unity\Hub\Editor\6000.3.10f1\Editor\Data\MonoBleedingEdge\EmbedRuntime\mono-2.0-bdwgc.dll:mono-2.0-bdwgc.dll (00007FFD5FE10000), size: 10756096 (result: 0), SymType: '-deferred-', PDB: ''
E:\Unity\Up Iz Up Mini\Library\PackageCache\com.unity.burst@07790c2d06d9\.Runtime\MonoDebuggerHandling.dll:MonoDebuggerHandling.dll (00007FFDAA5D0000), size: 368640 (result: 0), SymType: '-deferred-', PDB: ''
C:\windows\SYSTEM32\dbghelp.dll:dbghelp.dll (00007FFEA5FF0000), size: 2367488 (result: 0), SymType: '-deferred-', PDB: '', fileVersion: 10.0.26100.8328

========== OUTPUTTING STACK TRACE ==================

0x00007FFD66CD1F0F (Unity) GfxDevice::DrawSharedGeometryJobs
0x00007FFD66D5EA01 (Unity) GfxDeviceClient::DrawSharedGeometryJobs
0x00007FFD66D1650C (Unity) RenderDynamicBatch
0x00007FFD66D1708D (Unity) RenderMultipleMeshes
0x00007FFD66C75EE9 (Unity) BatchRenderer::RenderBatch
0x00007FFD66C71A43 (Unity) BatchRenderer::Flush
0x00007FFD66C6C499 (Unity) BatchRenderer::Add
0x00007FFD66B8C3F9 (Unity) RenderCasters
0x00007FFD66B90CAE (Unity) ShadowMapJob
0x00007FFD66CD2B53 (Unity) GfxDevice::ExecuteAsync
0x00007FFD66D604D9 (Unity) GfxDeviceClient::ExecuteAsync
0x00007FFD66B8E3B2 (Unity) RenderShadowMaps
0x00007FFD66C76AF9 (Unity) ForwardShaderRenderLoop::RenderLightShadowMaps
0x00007FFD66C749C4 (Unity) ForwardShaderRenderLoop::PerformRendering
0x00007FFD66C70B18 (Unity) DoForwardShaderRenderLoop
0x00007FFD66C606AE (Unity) DoRenderLoop
0x00007FFD66BB276C (Unity) Camera::DoRender
0x00007FFD66BB1F22 (Unity) Camera::CustomRender
0x00007FFD66BBFD6D (Unity) Camera::StandaloneCustomRender
0x00007FFD66BBFF08 (Unity) Camera::StandaloneRender
0x00007FFD66BB990F (Unity) CameraScripting::Render
0x00007FFD667CA149 (Unity) Camera_CUSTOM_Render
0x000002B663AEAD6A (Mono JIT Code) (wrapper managed-to-native) UnityEngine.Camera:Render_Injected (intptr)
0x000002B663AEACAB (Mono JIT Code) UnityEngine.Camera:Render ()
0x000002B623A37E83 (Mono JIT Code) [E:\Unity\Up Iz Up Mini\Assets\UpIzUpMini\Editor\Mini119SuperMotoSettleTest.cs:102] UpIzUpMini.EditorTools.Mini119SuperMotoSettleTest:Run () 
0x000002B5AD4732A5 (Mono JIT Code) (wrapper runtime-invoke) object:runtime_invoke_void (object,intptr,intptr,intptr)
0x00007FFD60096C0E (mono-2.0-bdwgc) [C:\build\output\Unity-Technologies\mono\mono\mini\mini-runtime.c:3445] mono_jit_runtime_invoke 
0x00007FFD5FFD8984 (mono-2.0-bdwgc) [C:\build\output\Unity-Technologies\mono\mono\metadata\object.c:3068] do_runtime_invoke 
0x00007FFD5FFD8A70 (mono-2.0-bdwgc) [C:\build\output\Unity-Technologies\mono\mono\metadata\object.c:3115] mono_runtime_invoke 
0x00007FFD671E9E34 (Unity) scripting_method_invoke
0x00007FFD671F0CF3 (Unity) ScriptingInvocation::Invoke
0x00007FFD67A1BE8A (Unity) Application::ParseARGVCommands
0x00007FFD67A11E79 (Unity) Application::FinishLoadingProject
0x00007FFD6780CE1C (Unity) UnityMain
0x00007FF700F42F2A (Unity) __scrt_common_main_seh
0x00007FFEB285CCB7 (KERNEL32) BaseThreadInitThunk
0x00007FFEB400AD6C (ntdll) RtlUserThreadStart

========== END OF STACKTRACE ===========

A crash has been intercepted by the crash handler. For call stack and other details, see the latest crash report generated in:
 * C:/Users/PCSS-PC/AppData/Local/Temp/Unity/Editor/Crashes
