[Licensing::Module] Trying to connect to existing licensing client channel...
[Licensing::IpcConnector] Channel LicenseClient-PCSS-PC doesn't exist
Built from '6000.3/staging' branch; Version is '6000.3.10f1 (e35f0c77bd8e) revision 14901004'; Using compiler version '194234433'; Build Type 'Release'
OS: 'Windows 11  (10.0.26200) Professional' Language: 'en' Physical Memory: 15826 MB
BatchMode: 1, IsHumanControllingUs: 0, StartBugReporterOnCrash: 0, Is64bit: 1
System  architecture: x64
Process architecture: x64
Date: 2026-08-29T13:01:19Z
[Licensing::Module] Successfully launched the LicensingClient (PId: 4928)
Starting IPC server.
Waiting for clients to connect on \\.\pipe\Unity-LicenseClient-PCSS-PC, press Ctrl-C to exit.
[Licensing::IpcConnector] Successfully connected to: "LicenseClient-PCSS-PC" at "2026-08-29T13:01:19.3456616Z"

COMMAND LINE ARGUMENTS:
C:\Program Files\Unity\Hub\Editor\6000.3.10f1\Editor\Unity.exe
-batchmode
-nographics
-quit
-projectPath
E:\Unity\Up Iz Up Mini
-executeMethod
UpIzUpMini.EditorTools.Mini120SetupMixamoPunch.RunCombo
-logFile
Tools/AIWorkflow/mini120kick_setup.log
Successfully changed project path to: E:\Unity\Up Iz Up Mini
E:/Unity/Up Iz Up Mini
[UnityMemory] Configuration Parameters - Can be set up in boot.config
    "memorysetup-temp-allocator-size-nav-mesh-worker=65536"
    "memorysetup-temp-allocator-size-audio-worker=65536"
    "memorysetup-temp-allocator-size-gfx=262144"
    "memorysetup-allocator-temp-initial-block-size-main=262144"
    "memorysetup-allocator-temp-initial-block-size-worker=262144"
    "memorysetup-temp-allocator-size-background-worker=32768"
    "memorysetup-temp-allocator-size-job-worker=262144"
    "memorysetup-temp-allocator-size-preload-manager=33554432"
    "memorysetup-temp-allocator-size-gi-baking-worker=262144"
    "memorysetup-temp-allocator-size-gi-baking-worker=262144"
    "memorysetup-temp-allocator-size-gi-baking-worker=262144"
    "memorysetup-temp-allocator-size-gi-baking-worker=262144"
    "memorysetup-temp-allocator-size-gi-baking-worker=262144"
    "memorysetup-bucket-allocator-granularity=16"
    "memorysetup-bucket-allocator-bucket-count=8"
    "memorysetup-bucket-allocator-block-size=33554432"
    "memorysetup-bucket-allocator-block-count=8"
    "memorysetup-main-allocator-block-size=16777216"
    "memorysetup-thread-allocator-block-size=16777216"
    "memorysetup-gfx-main-allocator-block-size=16777216"
    "memorysetup-gfx-thread-allocator-block-size=16777216"
    "memorysetup-cache-allocator-block-size=4194304"
    "memorysetup-typetree-allocator-block-size=2097152"
    "memorysetup-profiler-bucket-allocator-granularity=16"
    "memorysetup-profiler-bucket-allocator-bucket-count=8"
    "memorysetup-profiler-bucket-allocator-block-size=33554432"
    "memorysetup-profiler-bucket-allocator-block-count=8"
    "memorysetup-profiler-allocator-block-size=16777216"
    "memorysetup-profiler-editor-allocator-block-size=1048576"
    "memorysetup-temp-allocator-size-main=16777216"
    "memorysetup-job-temp-allocator-block-size=2097152"
    "memorysetup-job-temp-allocator-block-size-background=1048576"
    "memorysetup-job-temp-allocator-reduction-small-platforms=262144"
    "memorysetup-temp-allocator-size-cloud-worker=32768"
Player connection [40672]  Target information:

Player connection [40672]  * "[IP] 192.168.108.205 [Port] 55504 [Flags] 2 [Guid] 3206824827 [EditorId] 3206824827 [Version] 1048832 [Id] WindowsEditor(7,PC-22) [Debug] 1 [PackageName] WindowsEditor [ProjectName] Editor" 

Player connection [40672]  * "[IP] 100.83.75.75 [Port] 55504 [Flags] 2 [Guid] 3206824827 [EditorId] 3206824827 [Version] 1048832 [Id] WindowsEditor(7,PC-22) [Debug] 1 [PackageName] WindowsEditor [ProjectName] Editor" 

Player connection [40672]  * "[IP] 192.168.137.1 [Port] 55504 [Flags] 2 [Guid] 3206824827 [EditorId] 3206824827 [Version] 1048832 [Id] WindowsEditor(7,PC-22) [Debug] 1 [PackageName] WindowsEditor [ProjectName] Editor" 

Player connection [40672] Host joined multi-casting on [225.0.0.222:54997]...
Player connection [40672] Host joined alternative multi-casting on [225.0.0.222:34997]...
Input System module state changed to: Initialized.
[Physics::Module] Initialized fallback backend.
[Physics::Module] Id: 0xdecafbad
[Package Manager] Connected to IPC stream "Upm-45676" after 0.2 seconds.
[Licensing::Module] Licensing is not yet initialized.
[Licensing::Client] Handshaking with LicensingClient:
  Version:                 1.17.4+4293ba1
  Session Id:              a30f2a7857e5494384d351ff6abbc1b6
  Correlation Id:          26688af332aac239145c7c6e0f94c396
  External correlation Id: 1048445204338169493
  Machine Id:              BSsZwx/0FUTXPDacKK/mAf12cyA=
[Licensing::Module] Successfully connected to LicensingClient on channel: "LicenseClient-PCSS-PC" (connect: 0.25s, validation: 0.05s, handshake: 1.56s)
[Licensing::IpcConnector] Successfully connected to: "LicenseClient-PCSS-PC-notifications" at "2026-08-29T13:01:20.9585199Z"
[Licensing::Module] Connected to LicensingClient (PId: 4928, launch time: 0.01, total connection time: 1.86s)
[Licensing::Module] Error: Access token is unavailable; failed to update
[Licensing::Client] Successfully resolved entitlement details
[Licensing::Module] License group:
  Id: F4-VZG9-MHCH-26WA-PBF7-XXXX
  Product: Unity Personal
  Type: ULF
  Expiration: Unlimited
[Licensing::Module] License group:
  Id: 1125343-UnityPersXXXX
  Product: Unity Personal
  Type: Assigned
  Expiration: Unlimited
[Licensing::Client] Successfully updated license, isAsync: True, time: 0.01
[Licensing::Client] Successfully resolved entitlement details
[Licensing::Module] License group:
  Id: F4-VZG9-MHCH-26WA-PBF7-XXXX
  Product: Unity Personal
  Type: ULF
  Expiration: Unlimited
[Licensing::Module] License group:
  Id: 1125343-UnityPersXXXX
  Product: Unity Personal
  Type: Assigned
  Expiration: Unlimited
[Licensing::Module] Licensing Background thread has ended after 1.89s
[Licensing::Module] Licensing is initialized (took 1.30s).
[Licensing::Client] Successfully resolved entitlement details
[Licensing::Module] License group:
  Id: F4-VZG9-MHCH-26WA-PBF7-XXXX
  Product: Unity Personal
  Type: ULF
  Expiration: Unlimited
[Licensing::Module] License group:
  Id: 1125343-UnityPersXXXX
  Product: Unity Personal
  Type: Assigned
  Expiration: Unlimited
Library Redirect Path: Library/
[Physics::Module] Selected backend.
[Physics::Module] Name: PhysX
[Physics::Module] Id: 0xf2b8ea05
[Physics::Module] SDK Version: 4.1.2
[Physics::Module] Integration Version: 1.0.0
[Physics::Module] Threading Mode: Multi-Threaded
Refreshing native plugins compatible for Editor in 0.04 ms, found 0 plugins.
Preloading 0 native plugins for Editor in 0.00 ms.
Initialize engine version: 6000.3.10f1 (e35f0c77bd8e)
[Subsystems] Discovering subsystems at path C:/Program Files/Unity/Hub/Editor/6000.3.10f1/Editor/Data/Resources/UnitySubsystems
[Subsystems] Discovering subsystems at path E:/Unity/Up Iz Up Mini/Assets
Forcing GfxDevice: Null
GfxDevice: creating device client; kGfxThreadingModeNonThreaded
NullGfxDevice:
    Version:  NULL 1.0 [1.0]
    Renderer: Null Device
    Vendor:   Unity Technologies
Initialize mono
Mono path[0] = 'C:/Program Files/Unity/Hub/Editor/6000.3.10f1/Editor/Data/Managed'
Mono path[1] = 'C:/Program Files/Unity/Hub/Editor/6000.3.10f1/Editor/Data/MonoBleedingEdge/lib/mono/unityjit-win32'
Mono config path = 'C:/Program Files/Unity/Hub/Editor/6000.3.10f1/Editor/Data/MonoBleedingEdge/etc'
Using monoOptions --debugger-agent=transport=dt_socket,embedding=1,server=y,suspend=n,address=127.0.0.1:56676
Using cacheserver namespaces - metadata:defaultmetadata, artifacts:defaultartifacts
Using cacheserver namespaces - metadata:defaultmetadata, artifacts:defaultartifacts
ImportWorker Server TCP listen port: 0
AcceleratorClientConnectionCallback - disconnected - :0
Begin MonoManager ReloadAssembly
Registering precompiled unity dll's ...
Register platform support module: C:/Program Files/Unity/Hub/Editor/6000.3.10f1/Editor/Data/PlaybackEngines/WebGLSupport/UnityEditor.WebGL.Extensions.dll
Register platform support module: C:/Program Files/Unity/Hub/Editor/6000.3.10f1/Editor/Data/PlaybackEngines/WindowsStandaloneSupport/UnityEditor.WindowsStandalone.Extensions.dll
Registered in 0.001999 seconds.
- Loaded All Assemblies, in  0.314 seconds
Native extension for WindowsStandalone target not found
Native extension for WebGL target not found
ScheduleIndexationOnStartup MainProcess:False IndexOnStartup:True
Mono: successfully reloaded assembly
- Finished resetting the current domain, in  0.290 seconds
Domain Reload Profiling: 602ms
	BeginReloadAssembly (108ms)
		ExecutionOrderSort (0ms)
		DisableScriptedObjects (0ms)
		BackupInstance (0ms)
		ReleaseScriptingObjects (0ms)
		CreateAndSetChildDomain (2ms)
	RebuildCommonClasses (27ms)
	RebuildNativeTypeToScriptingClass (9ms)
	initialDomainReloadingComplete (38ms)
	LoadAllAssembliesAndSetupDomain (130ms)
		LoadAssemblies (104ms)
		RebuildTransferFunctionScriptingTraits (0ms)
		AnalyzeDomain (128ms)
			TypeCache.Refresh (126ms)
				TypeCache.ScanAssembly (113ms)
			BuildScriptInfoCaches (0ms)
			ResolveRequiredComponents (0ms)
	FinalizeReload (291ms)
		ReleaseScriptCaches (0ms)
		RebuildScriptCaches (0ms)
		SetupLoadedEditorAssemblies (263ms)
			LogAssemblyErrors (0ms)
			InitializePlatformSupportModulesInManaged (39ms)
			SetLoadedEditorAssemblies (3ms)
			BeforeProcessingInitializeOnLoad (58ms)
			ProcessInitializeOnLoadAttributes (108ms)
			ProcessInitializeOnLoadMethodAttributes (55ms)
			AfterProcessingInitializeOnLoad (0ms)
			EditorAssembliesLoaded (0ms)
		ExecutionOrderSort2 (0ms)
		AwakeInstancesAfterBackupRestoration (0ms)
[Licensing::Client] Successfully resolved entitlement details
[Licensing::Module] License group:
  Id: F4-VZG9-MHCH-26WA-PBF7-XXXX
  Product: Unity Personal
  Type: ULF
  Expiration: Unlimited
[Licensing::Module] License group:
  Id: 1125343-UnityPersXXXX
  Product: Unity Personal
  Type: Assigned
  Expiration: Unlimited
Application.AssetDatabase Initial Refresh Start
Package Manager log level set to [2]
[Package Manager] Restoring resolved packages state from cache
[Licensing::Client] Successfully resolved entitlement details
[Package Manager] Registered 52 packages:
  Packages from [https://packages.unity.com]:
    com.unity.ai.navigation@2.0.14 (location: E:\Unity\Up Iz Up Mini\Library\PackageCache\com.unity.ai.navigation@134dd6a3b97b)
    com.unity.cloud.gltfast@6.9.0 (location: E:\Unity\Up Iz Up Mini\Library\PackageCache\com.unity.cloud.gltfast@1bfd82b6f675)
    com.unity.animation.rigging@1.4.1 (location: E:\Unity\Up Iz Up Mini\Library\PackageCache\com.unity.animation.rigging@ae5f251e1ed4)
    com.unity.burst@1.8.28 (location: E:\Unity\Up Iz Up Mini\Library\PackageCache\com.unity.burst@07790c2d06d9)
    com.unity.collections@2.6.2 (location: E:\Unity\Up Iz Up Mini\Library\PackageCache\com.unity.collections@aea9d3bd5e19)
    com.unity.mathematics@1.3.3 (location: E:\Unity\Up Iz Up Mini\Library\PackageCache\com.unity.mathematics@19a9377c4ffa)
    com.unity.searcher@4.9.4 (location: E:\Unity\Up Iz Up Mini\Library\PackageCache\com.unity.searcher@d45a78918735)
    com.unity.nuget.mono-cecil@1.11.6 (location: E:\Unity\Up Iz Up Mini\Library\PackageCache\com.unity.nuget.mono-cecil@ecb9724e46ff)
    com.unity.test-framework.performance@3.2.0 (location: E:\Unity\Up Iz Up Mini\Library\PackageCache\com.unity.test-framework.performance@0840f58e4562)
  Built-in packages:
    com.unity.multiplayer.center@1.0.1 (location: E:\Unity\Up Iz Up Mini\Library\PackageCache\com.unity.multiplayer.center@f01f4ba8d00a)
    com.unity.shadergraph@17.3.0 (location: E:\Unity\Up Iz Up Mini\Library\PackageCache\com.unity.shadergraph@c8830f61858d)
    com.unity.ugui@2.0.0 (location: E:\Unity\Up Iz Up Mini\Library\PackageCache\com.unity.ugui@bb329a87fcdc)
    com.unity.modules.accessibility@1.0.0 (location: E:\Unity\Up Iz Up Mini\Library\PackageCache\com.unity.modules.accessibility)
    com.unity.modules.adaptiveperformance@1.0.0 (location: E:\Unity\Up Iz Up Mini\Library\PackageCache\com.unity.modules.adaptiveperformance)
    com.unity.modules.ai@1.0.0 (location: E:\Unity\Up Iz Up Mini\Library\PackageCache\com.unity.modules.ai)
    com.unity.modules.androidjni@1.0.0 (location: E:\Unity\Up Iz Up Mini\Library\PackageCache\com.unity.modules.androidjni)
    com.unity.modules.animation@1.0.0 (location: E:\Unity\Up Iz Up Mini\Library\PackageCache\com.unity.modules.animation)
    com.unity.modules.assetbundle@1.0.0 (location: E:\Unity\Up Iz Up Mini\Library\PackageCache\com.unity.modules.assetbundle)
    com.unity.modules.audio@1.0.0 (location: E:\Unity\Up Iz Up Mini\Library\PackageCache\com.unity.modules.audio)
    com.unity.modules.cloth@1.0.0 (location: E:\Unity\Up Iz Up Mini\Library\PackageCache\com.unity.modules.cloth)
    com.unity.modules.director@1.0.0 (location: E:\Unity\Up Iz Up Mini\Library\PackageCache\com.unity.modules.director)
    com.unity.modules.imageconversion@1.0.0 (location: E:\Unity\Up Iz Up Mini\Library\PackageCache\com.unity.modules.imageconversion)
    com.unity.modules.imgui@1.0.0 (location: E:\Unity\Up Iz Up Mini\Library\PackageCache\com.unity.modules.imgui)
    com.unity.modules.jsonserialize@1.0.0 (location: E:\Unity\Up Iz Up Mini\Library\PackageCache\com.unity.modules.jsonserialize)
    com.unity.modules.particlesystem@1.0.0 (location: E:\Unity\Up Iz Up Mini\Library\PackageCache\com.unity.modules.particlesystem)
    com.unity.modules.physics@1.0.0 (location: E:\Unity\Up Iz Up Mini\Library\PackageCache\com.unity.modules.physics)
    com.unity.modules.physics2d@1.0.0 (location: E:\Unity\Up Iz Up Mini\Library\PackageCache\com.unity.modules.physics2d)
    com.unity.modules.screencapture@1.0.0 (location: E:\Unity\Up Iz Up Mini\Library\PackageCache\com.unity.modules.screencapture)
    com.unity.modules.terrain@1.0.0 (location: E:\Unity\Up Iz Up Mini\Library\PackageCache\com.unity.modules.terrain)
    com.unity.modules.terrainphysics@1.0.0 (location: E:\Unity\Up Iz Up Mini\Library\PackageCache\com.unity.modules.terrainphysics)
    com.unity.modules.tilemap@1.0.0 (location: E:\Unity\Up Iz Up Mini\Library\PackageCache\com.unity.modules.tilemap)
    com.unity.modules.ui@1.0.0 (location: E:\Unity\Up Iz Up Mini\Library\PackageCache\com.unity.modules.ui)
    com.unity.modules.uielements@1.0.0 (location: E:\Unity\Up Iz Up Mini\Library\PackageCache\com.unity.modules.uielements)
    com.unity.modules.umbra@1.0.0 (location: E:\Unity\Up Iz Up Mini\Library\PackageCache\com.unity.modules.umbra)
    com.unity.modules.unityanalytics@1.0.0 (location: E:\Unity\Up Iz Up Mini\Library\PackageCache\com.unity.modules.unityanalytics)
    com.unity.modules.unitywebrequest@1.0.0 (location: E:\Unity\Up Iz Up Mini\Library\PackageCache\com.unity.modules.unitywebrequest)
    com.unity.modules.unitywebrequestassetbundle@1.0.0 (location: E:\Unity\Up Iz Up Mini\Library\PackageCache\com.unity.modules.unitywebrequestassetbundle)
    com.unity.modules.unitywebrequestaudio@1.0.0 (location: E:\Unity\Up Iz Up Mini\Library\PackageCache\com.unity.modules.unitywebrequestaudio)
    com.unity.modules.unitywebrequesttexture@1.0.0 (location: E:\Unity\Up Iz Up Mini\Library\PackageCache\com.unity.modules.unitywebrequesttexture)
    com.unity.modules.unitywebrequestwww@1.0.0 (location: E:\Unity\Up Iz Up Mini\Library\PackageCache\com.unity.modules.unitywebrequestwww)
    com.unity.modules.vectorgraphics@1.0.0 (location: E:\Unity\Up Iz Up Mini\Library\PackageCache\com.unity.modules.vectorgraphics)
    com.unity.modules.vehicles@1.0.0 (location: E:\Unity\Up Iz Up Mini\Library\PackageCache\com.unity.modules.vehicles)
    com.unity.modules.video@1.0.0 (location: E:\Unity\Up Iz Up Mini\Library\PackageCache\com.unity.modules.video)
    com.unity.modules.vr@1.0.0 (location: E:\Unity\Up Iz Up Mini\Library\PackageCache\com.unity.modules.vr)
    com.unity.modules.wind@1.0.0 (location: E:\Unity\Up Iz Up Mini\Library\PackageCache\com.unity.modules.wind)
    com.unity.modules.xr@1.0.0 (location: E:\Unity\Up Iz Up Mini\Library\PackageCache\com.unity.modules.xr)
    com.unity.modules.subsystems@1.0.0 (location: E:\Unity\Up Iz Up Mini\Library\PackageCache\com.unity.modules.subsystems)
    com.unity.modules.hierarchycore@1.0.0 (location: E:\Unity\Up Iz Up Mini\Library\PackageCache\com.unity.modules.hierarchycore)
    com.unity.render-pipelines.core@17.3.0 (location: E:\Unity\Up Iz Up Mini\Library\PackageCache\com.unity.render-pipelines.core@04ab0eefa0c3)
    com.unity.test-framework@1.6.0 (location: E:\Unity\Up Iz Up Mini\Library\PackageCache\com.unity.test-framework@0b7a23ab2e1d)
    com.unity.ext.nunit@2.0.5 (location: E:\Unity\Up Iz Up Mini\Library\PackageCache\com.unity.ext.nunit@d8c07649098d)
  Embedded packages:
    com.barmetler.roadsystem@file:E:\Unity\Up Iz Up Mini\Packages\com.barmetler.roadsystem (location: E:\Unity\Up Iz Up Mini\Packages\com.barmetler.roadsystem)
[Subsystems] No new subsystems found in resolved package list.
[Package Manager] Done registering packages in 0.02 seconds
info: Microsoft.Hosting.Lifetime[14]
      Now listening on: http://localhost:80
info: Microsoft.Hosting.Lifetime[0]
      Application started. Press Ctrl+C to shut down.
info: Microsoft.Hosting.Lifetime[0]
      Hosting environment: Production
info: Microsoft.Hosting.Lifetime[0]
      Content root path: E:\Unity\Up Iz Up Mini\
info: Microsoft.AspNetCore.Hosting.Diagnostics[1]
      Request starting HTTP/2 POST http://ilpp/UnityILPP.PostProcessing/Ping application/grpc -
info: Microsoft.AspNetCore.Routing.EndpointMiddleware[0]
      Executing endpoint 'gRPC - /UnityILPP.PostProcessing/Ping'
info: Microsoft.AspNetCore.Routing.EndpointMiddleware[1]
      Executed endpoint 'gRPC - /UnityILPP.PostProcessing/Ping'
info: Microsoft.AspNetCore.Hosting.Diagnostics[2]
      Request finished HTTP/2 POST http://ilpp/UnityILPP.PostProcessing/Ping application/grpc - - 200 - application/grpc 29.3916ms
Starting: C:\Program Files\Unity\Hub\Editor\6000.3.10f1\Editor\Data\Tools\BuildPipeline\bee_backend.exe --ipc --defer-dag-verification --dagfile="Library/Bee/1900b0aE.dag" --continue-on-failure --profile="Library/Bee/backend1.traceevents" ScriptAssemblies
WorkingDir: E:/Unity/Up Iz Up Mini
DisplayProgressbar: Compiling Scripts
info: Microsoft.AspNetCore.Hosting.Diagnostics[1]
      Request starting HTTP/2 POST http://ilpp/UnityILPP.PostProcessing/ConfigurePostProcessors application/grpc -
info: Microsoft.AspNetCore.Routing.EndpointMiddleware[0]
      Executing endpoint 'gRPC - /UnityILPP.PostProcessing/ConfigurePostProcessors'
warn: Unity.ILPP.Runner.PostProcessingAssemblyLoadContext[0]
      Assembly system.runtime.interopservices.windowsruntime has duplicate hint path. Ignoring "C:\Program Files\Unity\Hub\Editor\6000.3.10f1\Editor\Data\UnityReferenceAssemblies\unity-4.8-api\Facades\System.Runtime.InteropServices.WindowsRuntime.dll" in favor of "C:\Program Files\Unity\Hub\Editor\6000.3.10f1\Editor\Data\NetStandard\Extensions\2.0.0\System.Runtime.InteropServices.WindowsRuntime.dll"
warn: Unity.ILPP.Runner.PostProcessingAssemblyLoadContext[0]
      Assembly system.componentmodel.composition has duplicate hint path. Ignoring "C:\Program Files\Unity\Hub\Editor\6000.3.10f1\Editor\Data\UnityReferenceAssemblies\unity-4.8-api\System.ComponentModel.Composition.dll" in favor of "C:\Program Files\Unity\Hub\Editor\6000.3.10f1\Editor\Data\NetStandard\compat\2.1.0\shims\netfx\System.ComponentModel.Composition.dll"
info: Unity.ILPP.Runner.PostProcessingAssemblyLoadContext[0]
      Resolved Unity.Burst.Cecil, Version=0.11.4.0, Culture=neutral, PublicKeyToken=50cebf1cceb9d05e with Library\PackageCache\com.unity.burst@07790c2d06d9\Unity.Burst.CodeGen\Unity.Burst.Cecil.dll
info: Unity.ILPP.Runner.PostProcessingAssemblyLoadContext[0]
      Resolved Mono.Cecil, Version=0.11.5.0, Culture=neutral, PublicKeyToken=50cebf1cceb9d05e with Library\PackageCache\com.unity.nuget.mono-cecil@ecb9724e46ff\Mono.Cecil.dll
info: Microsoft.AspNetCore.Routing.EndpointMiddleware[1]
      Executed endpoint 'gRPC - /UnityILPP.PostProcessing/ConfigurePostProcessors'
info: Microsoft.AspNetCore.Hosting.Diagnostics[2]
      Request finished HTTP/2 POST http://ilpp/UnityILPP.PostProcessing/ConfigurePostProcessors application/grpc - - 200 - application/grpc 48.5558ms
ExitCode: 0 Duration: 0s220ms
[545/687    0s] ILPP-Configuration Library/ilpp-configuration.nevergeneratedoutput
*** Tundra build success (0.18 seconds), 1 items updated, 687 evaluated
AssetDatabase: script compilation time: 0.632890s
Begin MonoManager ReloadAssembly
- Loaded All Assemblies, in  0.573 seconds
Refreshing native plugins compatible for Editor in 0.18 ms, found 0 plugins.
Native extension for WindowsStandalone target not found
Native extension for WebGL target not found
[MODES] ModeService[none].Initialize
[MODES] ModeService[none].LoadModes
[MODES] Loading mode Default (0) for mode-current-id-Up Iz Up Mini
ScheduleIndexationOnStartup MainProcess:True IndexOnStartup:True
Mono: successfully reloaded assembly
- Finished resetting the current domain, in  1.631 seconds
Domain Reload Profiling: 2201ms
	BeginReloadAssembly (274ms)
		ExecutionOrderSort (0ms)
		DisableScriptedObjects (8ms)
		BackupInstance (0ms)
		ReleaseScriptingObjects (0ms)
		CreateAndSetChildDomain (159ms)
	RebuildCommonClasses (25ms)
	RebuildNativeTypeToScriptingClass (9ms)
	initialDomainReloadingComplete (26ms)
	LoadAllAssembliesAndSetupDomain (236ms)
		LoadAssemblies (236ms)
		RebuildTransferFunctionScriptingTraits (0ms)
		AnalyzeDomain (84ms)
			TypeCache.Refresh (57ms)
				TypeCache.ScanAssembly (50ms)
			BuildScriptInfoCaches (21ms)
			ResolveRequiredComponents (3ms)
	FinalizeReload (1631ms)
		ReleaseScriptCaches (0ms)
		RebuildScriptCaches (0ms)
		SetupLoadedEditorAssemblies (1524ms)
			LogAssemblyErrors (0ms)
			InitializePlatformSupportModulesInManaged (22ms)
			SetLoadedEditorAssemblies (2ms)
			BeforeProcessingInitializeOnLoad (104ms)
			ProcessInitializeOnLoadAttributes (1314ms)
			ProcessInitializeOnLoadMethodAttributes (70ms)
			AfterProcessingInitializeOnLoad (11ms)
			EditorAssembliesLoaded (0ms)
		ExecutionOrderSort2 (0ms)
		AwakeInstancesAfterBackupRestoration (8ms)
Asset Pipeline Refresh (id=8be44ec4e01e0ab4fba97bd9006617cd): Total: 3.235 seconds - Initiated by InitialRefreshV2(ForceSynchronousImport)
	Summary:
		Imports: total=0 (actual=0, local cache=0, cache server=0)
		Asset DB Process Time: managed=0 ms, native=1966 ms
		Asset DB Callback time: managed=12 ms, native=22 ms
		Scripting: domain reloads=1, domain reload time=573 ms, compile time=635 ms, other=26 ms
		Project Asset Count: scripts=1052, non-scripts=3905
		Asset File Changes: new=0, changed=0, moved=0, deleted=0
		Scan Filter Count: 0
	InvokeCustomDependenciesCallbacks: 0.002ms
	InvokePackagesCallback: 23.155ms
	ApplyChangesToAssetFolders: 0.498ms
	Scan: 165.957ms
	OnSourceAssetsModified: 0.002ms
	CategorizeAssetsWithTransientArtifact: 15.315ms
	ProcessAssetsWithTransientArtifactChanges: 31.638ms
	CategorizeAssets: 41.741ms
	ImportOutOfDateAssets: 1635.388ms (999.184ms without children)
		CompileScripts: 634.624ms
		ReloadNativeAssets: 0.001ms
		UnloadImportedAssets: 0.406ms
		EnsureUptoDateAssetsAreRegisteredWithGuidPM: 0.535ms
		InitializingProgressBar: 0.001ms
		PostProcessAllAssetNotificationsAddChangedAssets: 0.000ms
		OnDemandSchedulerStart: 0.636ms
	PostProcessAllAssets: 12.312ms
	GatherAllCurrentPrimaryArtifactRevisions: 0.002ms
	UnloadStreamsBegin: 1.148ms
	PersistCurrentRevisions: 0.137ms
	UnloadStreamsEnd: 0.002ms
	GenerateScriptTypeHashes: 2.886ms
	Untracked: 1307.577ms

Application.AssetDatabase Initial Refresh End
Scanning for USB devices : 0.627ms
Initializing Unity extensions:
Unloading 48 Unused Serialized files (Serialized files now loaded: 0)
Unloading 3451 unused Assets / (17.0 MB). Loaded Objects now: 4055.
Memory consumption went from 177.0 MB to 160.0 MB.
Total: 9.638600 ms (FindLiveObjects: 0.326300 ms CreateObjectMapping: 0.236900 ms MarkObjects: 4.788400 ms  DeleteObjects: 4.285800 ms)

Start importing Assets/Mixamo/Animations/Mixamo_JabPunch.fbx using Guid(744493f133fc431489404bbf813369b4) (FBXImporter)Launched and connected shader compiler UnityShaderCompiler.exe after 0.04 seconds
Keyframe reduction: Ratio: 35.594410%;
 -> (artifact id: '4c1bfb28429d76347c3e4d8ab2268a78') in 0.7070105 seconds
Refreshing native plugins compatible for Editor in 0.37 ms, found 0 plugins.
Preloading 0 native plugins for Editor in 0.00 ms.
Asset Pipeline Refresh (id=e5da26262df0ca047b7cd04872fe954a): Total: 0.893 seconds - Initiated by StopAssetImportingV2(NoUpdateAssetOptions)
	Summary:
		Imports: total=1 (actual=1, local cache=0, cache server=0)
		Asset DB Process Time: managed=22 ms, native=716 ms
		Asset DB Callback time: managed=144 ms, native=9 ms
		Scripting: domain reloads=0, domain reload time=0 ms, compile time=0 ms, other=0 ms
		Project Asset Count: scripts=1052, non-scripts=3905
		Asset File Changes: new=0, changed=0, moved=0, deleted=0
		Scan Filter Count: 4
	InvokeCustomDependenciesCallbacks: 0.001ms
	InvokePackagesCallback: 0.001ms
	ApplyChangesToAssetFolders: 0.111ms
	Scan: 14.600ms
	OnSourceAssetsModified: 0.001ms
	CategorizeAssetsWithTransientArtifact: 0.018ms
	ProcessAssetsWithTransientArtifactChanges: 0.067ms
	CategorizeAssets: 2.369ms
	ImportOutOfDateAssets: 713.348ms (0.359ms without children)
		ImportManagerImport: 711.814ms (1.874ms without children)
			ImportInProcess: 709.693ms
			UpdateCategorizedAssets: 0.248ms
		ReloadNativeAssets: 0.001ms
		UnloadImportedAssets: 0.260ms
		ReloadImportedAssets: 0.000ms
		EnsureUptoDateAssetsAreRegisteredWithGuidPM: 0.479ms
		InitializingProgressBar: 0.009ms
		PostProcessAllAssetNotificationsAddChangedAssets: 0.000ms
		OnDemandSchedulerStart: 0.424ms
	PostProcessAllAssets: 153.725ms
	Hotreload: 0.840ms
	GatherAllCurrentPrimaryArtifactRevisions: 0.159ms
	UnloadStreamsBegin: 0.851ms
	PersistCurrentRevisions: 0.158ms
	UnloadStreamsEnd: 0.001ms
	Untracked: 7.201ms

Start importing Assets/Mixamo/Animations/Mixamo_JabPunch.fbx using Guid(744493f133fc431489404bbf813369b4) (FBXImporter)Keyframe reduction: Ratio: 35.594406%;
 -> (artifact id: '4c1bfb28429d76347c3e4d8ab2268a78') in 0.1469629 seconds
Refreshing native plugins compatible for Editor in 0.56 ms, found 0 plugins.
Preloading 0 native plugins for Editor in 0.00 ms.
Asset Pipeline Refresh (id=b5008065dcf9f73469fb75eb3afee120): Total: 0.164 seconds - Initiated by StopAssetImportingV2(NoUpdateAssetOptions)
MINI-120 SETUP: [Assets/Mixamo/Animations/Mixamo_JabPunch.fbx] found clip 'mixamo.com', length=1.03s, frameRate=30, isHumanMotion=True, isLooping=False
UnityEngine.Debug:ExtractStackTraceNoAlloc (byte*,int,string)
UnityEngine.StackTraceUtility:ExtractStackTrace ()
UnityEngine.DebugLogHandler:Internal_Log (UnityEngine.LogType,UnityEngine.LogOption,string,UnityEngine.Object)
UnityEngine.DebugLogHandler:LogFormat (UnityEngine.LogType,UnityEngine.Object,string,object[])
UnityEngine.Logger:Log (UnityEngine.LogType,object)
UnityEngine.Debug:Log (object)
UpIzUpMini.EditorTools.Mini120SetupMixamoPunch:SetupOne (string) (at Assets/UpIzUpMini/Editor/Mini120SetupMixamoPunch.cs:67)
UpIzUpMini.EditorTools.Mini120SetupMixamoPunch:RunCombo () (at Assets/UpIzUpMini/Editor/Mini120SetupMixamoPunch.cs:44)

(Filename: Assets/UpIzUpMini/Editor/Mini120SetupMixamoPunch.cs Line: 67)

MINI-120 SETUP: [Assets/Mixamo/Animations/Mixamo_JabPunch.fbx] import done. animationType=Human, avatar valid=True, avatar isHuman=True, clips found=1.
UnityEngine.Debug:ExtractStackTraceNoAlloc (byte*,int,string)
UnityEngine.StackTraceUtility:ExtractStackTrace ()
UnityEngine.DebugLogHandler:Internal_Log (UnityEngine.LogType,UnityEngine.LogOption,string,UnityEngine.Object)
UnityEngine.DebugLogHandler:LogFormat (UnityEngine.LogType,UnityEngine.Object,string,object[])
UnityEngine.Logger:Log (UnityEngine.LogType,object)
UnityEngine.Debug:Log (object)
UpIzUpMini.EditorTools.Mini120SetupMixamoPunch:SetupOne (string) (at Assets/UpIzUpMini/Editor/Mini120SetupMixamoPunch.cs:73)
UpIzUpMini.EditorTools.Mini120SetupMixamoPunch:RunCombo () (at Assets/UpIzUpMini/Editor/Mini120SetupMixamoPunch.cs:44)

(Filename: Assets/UpIzUpMini/Editor/Mini120SetupMixamoPunch.cs Line: 73)

Start importing Assets/Mixamo/Animations/Mixamo_Hook.fbx using Guid(abe3530a988224d4486bd85f53878470) (FBXImporter)Keyframe reduction: Ratio: 46.698364%;
 -> (artifact id: '777f8429b24f0019ee6e2cc0f46c71ed') in 0.0677787 seconds
Refreshing native plugins compatible for Editor in 0.37 ms, found 0 plugins.
Preloading 0 native plugins for Editor in 0.00 ms.
Asset Pipeline Refresh (id=f7f399c8737e9374da19ccd57ef6223c): Total: 0.091 seconds - Initiated by StopAssetImportingV2(NoUpdateAssetOptions)
Start importing Assets/Mixamo/Animations/Mixamo_Hook.fbx using Guid(abe3530a988224d4486bd85f53878470) (FBXImporter)Keyframe reduction: Ratio: 46.698360%;
 -> (artifact id: '777f8429b24f0019ee6e2cc0f46c71ed') in 0.0484973 seconds
Refreshing native plugins compatible for Editor in 0.27 ms, found 0 plugins.
Preloading 0 native plugins for Editor in 0.00 ms.
Asset Pipeline Refresh (id=43d25557769be914dadcc23ac0de1556): Total: 0.061 seconds - Initiated by StopAssetImportingV2(NoUpdateAssetOptions)
MINI-120 SETUP: [Assets/Mixamo/Animations/Mixamo_Hook.fbx] found clip 'mixamo.com', length=2.93s, frameRate=30, isHumanMotion=True, isLooping=False
UnityEngine.Debug:ExtractStackTraceNoAlloc (byte*,int,string)
UnityEngine.StackTraceUtility:ExtractStackTrace ()
UnityEngine.DebugLogHandler:Internal_Log (UnityEngine.LogType,UnityEngine.LogOption,string,UnityEngine.Object)
UnityEngine.DebugLogHandler:LogFormat (UnityEngine.LogType,UnityEngine.Object,string,object[])
UnityEngine.Logger:Log (UnityEngine.LogType,object)
UnityEngine.Debug:Log (object)
UpIzUpMini.EditorTools.Mini120SetupMixamoPunch:SetupOne (string) (at Assets/UpIzUpMini/Editor/Mini120SetupMixamoPunch.cs:67)
UpIzUpMini.EditorTools.Mini120SetupMixamoPunch:RunCombo () (at Assets/UpIzUpMini/Editor/Mini120SetupMixamoPunch.cs:44)

(Filename: Assets/UpIzUpMini/Editor/Mini120SetupMixamoPunch.cs Line: 67)

MINI-120 SETUP: [Assets/Mixamo/Animations/Mixamo_Hook.fbx] import done. animationType=Human, avatar valid=True, avatar isHuman=True, clips found=1.
UnityEngine.Debug:ExtractStackTraceNoAlloc (byte*,int,string)
UnityEngine.StackTraceUtility:ExtractStackTrace ()
UnityEngine.DebugLogHandler:Internal_Log (UnityEngine.LogType,UnityEngine.LogOption,string,UnityEngine.Object)
UnityEngine.DebugLogHandler:LogFormat (UnityEngine.LogType,UnityEngine.Object,string,object[])
UnityEngine.Logger:Log (UnityEngine.LogType,object)
UnityEngine.Debug:Log (object)
UpIzUpMini.EditorTools.Mini120SetupMixamoPunch:SetupOne (string) (at Assets/UpIzUpMini/Editor/Mini120SetupMixamoPunch.cs:73)
UpIzUpMini.EditorTools.Mini120SetupMixamoPunch:RunCombo () (at Assets/UpIzUpMini/Editor/Mini120SetupMixamoPunch.cs:44)

(Filename: Assets/UpIzUpMini/Editor/Mini120SetupMixamoPunch.cs Line: 73)

Start importing Assets/Mixamo/Animations/Mixamo_RightHook.fbx using Guid(978d679cfc601914bac436c209e6a6cd) (FBXImporter)Keyframe reduction: Ratio: 63.167419%;
 -> (artifact id: '46ad779fec96fc05b0048652025ab402') in 0.0620562 seconds
Refreshing native plugins compatible for Editor in 0.30 ms, found 0 plugins.
Preloading 0 native plugins for Editor in 0.00 ms.
Asset Pipeline Refresh (id=5d180ef736eb06648aafb0b482c39dc1): Total: 0.091 seconds - Initiated by StopAssetImportingV2(NoUpdateAssetOptions)
Start importing Assets/Mixamo/Animations/Mixamo_RightHook.fbx using Guid(978d679cfc601914bac436c209e6a6cd) (FBXImporter)Keyframe reduction: Ratio: 63.167419%;
 -> (artifact id: '46ad779fec96fc05b0048652025ab402') in 0.0520006 seconds
Refreshing native plugins compatible for Editor in 0.22 ms, found 0 plugins.
Preloading 0 native plugins for Editor in 0.00 ms.
Asset Pipeline Refresh (id=d50e8bf6ad8b3804eafb0fe732fc5ef5): Total: 0.064 seconds - Initiated by StopAssetImportingV2(NoUpdateAssetOptions)
MINI-120 SETUP: [Assets/Mixamo/Animations/Mixamo_RightHook.fbx] found clip 'mixamo.com', length=1.10s, frameRate=30, isHumanMotion=True, isLooping=False
UnityEngine.Debug:ExtractStackTraceNoAlloc (byte*,int,string)
UnityEngine.StackTraceUtility:ExtractStackTrace ()
UnityEngine.DebugLogHandler:Internal_Log (UnityEngine.LogType,UnityEngine.LogOption,string,UnityEngine.Object)
UnityEngine.DebugLogHandler:LogFormat (UnityEngine.LogType,UnityEngine.Object,string,object[])
UnityEngine.Logger:Log (UnityEngine.LogType,object)
UnityEngine.Debug:Log (object)
UpIzUpMini.EditorTools.Mini120SetupMixamoPunch:SetupOne (string) (at Assets/UpIzUpMini/Editor/Mini120SetupMixamoPunch.cs:67)
UpIzUpMini.EditorTools.Mini120SetupMixamoPunch:RunCombo () (at Assets/UpIzUpMini/Editor/Mini120SetupMixamoPunch.cs:44)

(Filename: Assets/UpIzUpMini/Editor/Mini120SetupMixamoPunch.cs Line: 67)

MINI-120 SETUP: [Assets/Mixamo/Animations/Mixamo_RightHook.fbx] import done. animationType=Human, avatar valid=True, avatar isHuman=True, clips found=1.
UnityEngine.Debug:ExtractStackTraceNoAlloc (byte*,int,string)
UnityEngine.StackTraceUtility:ExtractStackTrace ()
UnityEngine.DebugLogHandler:Internal_Log (UnityEngine.LogType,UnityEngine.LogOption,string,UnityEngine.Object)
UnityEngine.DebugLogHandler:LogFormat (UnityEngine.LogType,UnityEngine.Object,string,object[])
UnityEngine.Logger:Log (UnityEngine.LogType,object)
UnityEngine.Debug:Log (object)
UpIzUpMini.EditorTools.Mini120SetupMixamoPunch:SetupOne (string) (at Assets/UpIzUpMini/Editor/Mini120SetupMixamoPunch.cs:73)
UpIzUpMini.EditorTools.Mini120SetupMixamoPunch:RunCombo () (at Assets/UpIzUpMini/Editor/Mini120SetupMixamoPunch.cs:44)

(Filename: Assets/UpIzUpMini/Editor/Mini120SetupMixamoPunch.cs Line: 73)

Start importing Assets/Mixamo/Animations/Mixamo_PunchCombo4.fbx using Guid(ebfccf379f2542f4eab146aaeda7f846) (FBXImporter)Keyframe reduction: Ratio: 54.389141%;
 -> (artifact id: '0c876578c10a3c96b51c8bb92a814966') in 0.7832474 seconds
Refreshing native plugins compatible for Editor in 0.29 ms, found 0 plugins.
Preloading 0 native plugins for Editor in 0.00 ms.
Asset Pipeline Refresh (id=d38ac57506a8dae48bde1ffa4e63d742): Total: 0.810 seconds - Initiated by StopAssetImportingV2(NoUpdateAssetOptions)
	Summary:
		Imports: total=1 (actual=1, local cache=0, cache server=0)
		Asset DB Process Time: managed=0 ms, native=797 ms
		Asset DB Callback time: managed=1 ms, native=9 ms
		Scripting: domain reloads=0, domain reload time=0 ms, compile time=0 ms, other=0 ms
		Project Asset Count: scripts=1052, non-scripts=3905
		Asset File Changes: new=0, changed=0, moved=0, deleted=0
		Scan Filter Count: 4
	InvokeCustomDependenciesCallbacks: 0.001ms
	InvokePackagesCallback: 0.001ms
	ApplyChangesToAssetFolders: 0.131ms
	Scan: 4.711ms
	OnSourceAssetsModified: 0.000ms
	CategorizeAssetsWithTransientArtifact: 0.014ms
	ProcessAssetsWithTransientArtifactChanges: 0.043ms
	CategorizeAssets: 2.494ms
	ImportOutOfDateAssets: 788.254ms (1.512ms without children)
		ImportManagerImport: 785.254ms (0.331ms without children)
			ImportInProcess: 784.895ms
			UpdateCategorizedAssets: 0.027ms
		ReloadNativeAssets: 0.004ms
		UnloadImportedAssets: 0.451ms
		ReloadImportedAssets: 0.000ms
		EnsureUptoDateAssetsAreRegisteredWithGuidPM: 0.640ms
		InitializingProgressBar: 0.014ms
		PostProcessAllAssetNotificationsAddChangedAssets: 0.001ms
		OnDemandSchedulerStart: 0.378ms
	PostProcessAllAssets: 11.083ms
	Hotreload: 0.522ms
	GatherAllCurrentPrimaryArtifactRevisions: 0.377ms
	UnloadStreamsBegin: 0.072ms
	PersistCurrentRevisions: 0.136ms
	UnloadStreamsEnd: 0.001ms
	Untracked: 1.928ms

Start importing Assets/Mixamo/Animations/Mixamo_PunchCombo4.fbx using Guid(ebfccf379f2542f4eab146aaeda7f846) (FBXImporter)Keyframe reduction: Ratio: 54.389141%;
 -> (artifact id: '3a17cb75b24f4123eefc3a8429e66420') in 0.0369637 seconds
Refreshing native plugins compatible for Editor in 0.29 ms, found 0 plugins.
Preloading 0 native plugins for Editor in 0.00 ms.
Asset Pipeline Refresh (id=8559ec9b62ac8984296292133df86f4c): Total: 0.084 seconds - Initiated by StopAssetImportingV2(NoUpdateAssetOptions)
MINI-120 SETUP: [Assets/Mixamo/Animations/Mixamo_PunchCombo4.fbx] found clip 'mixamo.com', length=1.10s, frameRate=30, isHumanMotion=True, isLooping=False
UnityEngine.Debug:ExtractStackTraceNoAlloc (byte*,int,string)
UnityEngine.StackTraceUtility:ExtractStackTrace ()
UnityEngine.DebugLogHandler:Internal_Log (UnityEngine.LogType,UnityEngine.LogOption,string,UnityEngine.Object)
UnityEngine.DebugLogHandler:LogFormat (UnityEngine.LogType,UnityEngine.Object,string,object[])
UnityEngine.Logger:Log (UnityEngine.LogType,object)
UnityEngine.Debug:Log (object)
UpIzUpMini.EditorTools.Mini120SetupMixamoPunch:SetupOne (string) (at Assets/UpIzUpMini/Editor/Mini120SetupMixamoPunch.cs:67)
UpIzUpMini.EditorTools.Mini120SetupMixamoPunch:RunCombo () (at Assets/UpIzUpMini/Editor/Mini120SetupMixamoPunch.cs:44)

(Filename: Assets/UpIzUpMini/Editor/Mini120SetupMixamoPunch.cs Line: 67)

MINI-120 SETUP: [Assets/Mixamo/Animations/Mixamo_PunchCombo4.fbx] import done. animationType=Human, avatar valid=True, avatar isHuman=True, clips found=1.
UnityEngine.Debug:ExtractStackTraceNoAlloc (byte*,int,string)
UnityEngine.StackTraceUtility:ExtractStackTrace ()
UnityEngine.DebugLogHandler:Internal_Log (UnityEngine.LogType,UnityEngine.LogOption,string,UnityEngine.Object)
UnityEngine.DebugLogHandler:LogFormat (UnityEngine.LogType,UnityEngine.Object,string,object[])
UnityEngine.Logger:Log (UnityEngine.LogType,object)
UnityEngine.Debug:Log (object)
UpIzUpMini.EditorTools.Mini120SetupMixamoPunch:SetupOne (string) (at Assets/UpIzUpMini/Editor/Mini120SetupMixamoPunch.cs:73)
UpIzUpMini.EditorTools.Mini120SetupMixamoPunch:RunCombo () (at Assets/UpIzUpMini/Editor/Mini120SetupMixamoPunch.cs:44)

(Filename: Assets/UpIzUpMini/Editor/Mini120SetupMixamoPunch.cs Line: 73)

Start importing Assets/Mixamo/Animations/Mixamo_ComboPunch8.fbx using Guid(2140fefd2cdb91a46a4b9800081e0f2f) (FBXImporter)Keyframe reduction: Ratio: 41.649570%;
 -> (artifact id: 'e2de9387f39b6412973de86cb5caa145') in 0.40364 seconds
Refreshing native plugins compatible for Editor in 1.01 ms, found 0 plugins.
Preloading 0 native plugins for Editor in 0.00 ms.
Asset Pipeline Refresh (id=538b8366a22b58a42b874fa99fa75b56): Total: 0.429 seconds - Initiated by StopAssetImportingV2(NoUpdateAssetOptions)
	Summary:
		Imports: total=1 (actual=1, local cache=0, cache server=0)
		Asset DB Process Time: managed=0 ms, native=419 ms
		Asset DB Callback time: managed=0 ms, native=8 ms
		Scripting: domain reloads=0, domain reload time=0 ms, compile time=0 ms, other=0 ms
		Project Asset Count: scripts=1052, non-scripts=3905
		Asset File Changes: new=0, changed=0, moved=0, deleted=0
		Scan Filter Count: 4
	InvokeCustomDependenciesCallbacks: 0.002ms
	InvokePackagesCallback: 0.002ms
	ApplyChangesToAssetFolders: 0.083ms
	Scan: 4.212ms
	OnSourceAssetsModified: 0.000ms
	CategorizeAssetsWithTransientArtifact: 0.011ms
	ProcessAssetsWithTransientArtifactChanges: 0.135ms
	CategorizeAssets: 2.594ms
	ImportOutOfDateAssets: 409.988ms (0.353ms without children)
		ImportManagerImport: 408.305ms (0.359ms without children)
			ImportInProcess: 407.893ms
			UpdateCategorizedAssets: 0.054ms
		ReloadNativeAssets: 0.001ms
		UnloadImportedAssets: 0.298ms
		ReloadImportedAssets: 0.000ms
		EnsureUptoDateAssetsAreRegisteredWithGuidPM: 0.511ms
		InitializingProgressBar: 0.010ms
		PostProcessAllAssetNotificationsAddChangedAssets: 0.001ms
		OnDemandSchedulerStart: 0.508ms
	PostProcessAllAssets: 7.457ms
	Hotreload: 1.447ms
	GatherAllCurrentPrimaryArtifactRevisions: 0.317ms
	UnloadStreamsBegin: 0.059ms
	PersistCurrentRevisions: 0.148ms
	UnloadStreamsEnd: 0.002ms
	Untracked: 2.814ms

Start importing Assets/Mixamo/Animations/Mixamo_ComboPunch8.fbx using Guid(2140fefd2cdb91a46a4b9800081e0f2f) (FBXImporter)Keyframe reduction: Ratio: 41.649570%;
 -> (artifact id: 'a043dceebc6411b3384a3e6aabb9865a') in 0.040749 seconds
Refreshing native plugins compatible for Editor in 0.22 ms, found 0 plugins.
Preloading 0 native plugins for Editor in 0.00 ms.
Asset Pipeline Refresh (id=6196da2101987224fb1b3aab541335f8): Total: 0.071 seconds - Initiated by StopAssetImportingV2(NoUpdateAssetOptions)
MINI-120 SETUP: [Assets/Mixamo/Animations/Mixamo_ComboPunch8.fbx] found clip 'mixamo.com', length=2.97s, frameRate=30, isHumanMotion=True, isLooping=False
UnityEngine.Debug:ExtractStackTraceNoAlloc (byte*,int,string)
UnityEngine.StackTraceUtility:ExtractStackTrace ()
UnityEngine.DebugLogHandler:Internal_Log (UnityEngine.LogType,UnityEngine.LogOption,string,UnityEngine.Object)
UnityEngine.DebugLogHandler:LogFormat (UnityEngine.LogType,UnityEngine.Object,string,object[])
UnityEngine.Logger:Log (UnityEngine.LogType,object)
UnityEngine.Debug:Log (object)
UpIzUpMini.EditorTools.Mini120SetupMixamoPunch:SetupOne (string) (at Assets/UpIzUpMini/Editor/Mini120SetupMixamoPunch.cs:67)
UpIzUpMini.EditorTools.Mini120SetupMixamoPunch:RunCombo () (at Assets/UpIzUpMini/Editor/Mini120SetupMixamoPunch.cs:44)

(Filename: Assets/UpIzUpMini/Editor/Mini120SetupMixamoPunch.cs Line: 67)

MINI-120 SETUP: [Assets/Mixamo/Animations/Mixamo_ComboPunch8.fbx] import done. animationType=Human, avatar valid=True, avatar isHuman=True, clips found=1.
UnityEngine.Debug:ExtractStackTraceNoAlloc (byte*,int,string)
UnityEngine.StackTraceUtility:ExtractStackTrace ()
UnityEngine.DebugLogHandler:Internal_Log (UnityEngine.LogType,UnityEngine.LogOption,string,UnityEngine.Object)
UnityEngine.DebugLogHandler:LogFormat (UnityEngine.LogType,UnityEngine.Object,string,object[])
UnityEngine.Logger:Log (UnityEngine.LogType,object)
UnityEngine.Debug:Log (object)
UpIzUpMini.EditorTools.Mini120SetupMixamoPunch:SetupOne (string) (at Assets/UpIzUpMini/Editor/Mini120SetupMixamoPunch.cs:73)
UpIzUpMini.EditorTools.Mini120SetupMixamoPunch:RunCombo () (at Assets/UpIzUpMini/Editor/Mini120SetupMixamoPunch.cs:44)

(Filename: Assets/UpIzUpMini/Editor/Mini120SetupMixamoPunch.cs Line: 73)

Start importing Assets/Mixamo/Animations/Mixamo_KickSacat.fbx using Guid(d1a8615490bfd15438730c5a84666670) (FBXImporter)Keyframe reduction: Ratio: 67.281715%;
 -> (artifact id: 'da6e47c172c447e345d10c47e4adf18a') in 0.0377777 seconds
Refreshing native plugins compatible for Editor in 0.22 ms, found 0 plugins.
Preloading 0 native plugins for Editor in 0.00 ms.
Asset Pipeline Refresh (id=88544f06efc531744aaca48e966fc661): Total: 0.052 seconds - Initiated by StopAssetImportingV2(NoUpdateAssetOptions)
Start importing Assets/Mixamo/Animations/Mixamo_KickSacat.fbx using Guid(d1a8615490bfd15438730c5a84666670) (FBXImporter)Keyframe reduction: Ratio: 29.533798%;
 -> (artifact id: 'c96767a81627b2dfca80708ca8491991') in 0.2064771 seconds
Refreshing native plugins compatible for Editor in 0.22 ms, found 0 plugins.
Preloading 0 native plugins for Editor in 0.00 ms.
Loaded 1 ExamplePackConfig assets
UnityEngine.Debug:ExtractStackTraceNoAlloc (byte*,int,string)
UnityEngine.StackTraceUtility:ExtractStackTrace ()
UnityEngine.DebugLogHandler:Internal_Log (UnityEngine.LogType,UnityEngine.LogOption,string,UnityEngine.Object)
UnityEngine.DebugLogHandler:LogFormat (UnityEngine.LogType,UnityEngine.Object,string,object[])
UnityEngine.Logger:Log (UnityEngine.LogType,object)
UnityEngine.Debug:Log (object)
SyntyPackageHelper:LoadSyntyPackageHelperConfigs () (at Assets/Synty/SyntyPackageHelper/Editor/SyntyPackageHelper.cs:46)
SyntyPackageHelper:OnProjectChanged () (at Assets/Synty/SyntyPackageHelper/Editor/SyntyPackageHelper.cs:55)
UnityEditor.EditorApplication:Internal_CallProjectHasChanged ()
UnityEditor.AssetDatabase:ImportAsset (string,UnityEditor.ImportAssetOptions)
UnityEditor.AssetDatabase:ImportAsset (string)
UnityEditor.AssetImporter:SaveAndReimport ()
UpIzUpMini.EditorTools.Mini120SetupMixamoPunch:SetupOne (string) (at Assets/UpIzUpMini/Editor/Mini120SetupMixamoPunch.cs:59)
UpIzUpMini.EditorTools.Mini120SetupMixamoPunch:RunCombo () (at Assets/UpIzUpMini/Editor/Mini120SetupMixamoPunch.cs:44)

(Filename: Assets/Synty/SyntyPackageHelper/Editor/SyntyPackageHelper.cs Line: 46)

Asset Pipeline Refresh (id=a17786f8533927546bb7e6f3fc4e154c): Total: 0.274 seconds - Initiated by StopAssetImportingV2(NoUpdateAssetOptions)
MINI-120 SETUP: [Assets/Mixamo/Animations/Mixamo_KickSacat.fbx] found clip 'mixamo.com', length=2.17s, frameRate=30, isHumanMotion=True, isLooping=False
UnityEngine.Debug:ExtractStackTraceNoAlloc (byte*,int,string)
UnityEngine.StackTraceUtility:ExtractStackTrace ()
UnityEngine.DebugLogHandler:Internal_Log (UnityEngine.LogType,UnityEngine.LogOption,string,UnityEngine.Object)
UnityEngine.DebugLogHandler:LogFormat (UnityEngine.LogType,UnityEngine.Object,string,object[])
UnityEngine.Logger:Log (UnityEngine.LogType,object)
UnityEngine.Debug:Log (object)
UpIzUpMini.EditorTools.Mini120SetupMixamoPunch:SetupOne (string) (at Assets/UpIzUpMini/Editor/Mini120SetupMixamoPunch.cs:67)
UpIzUpMini.EditorTools.Mini120SetupMixamoPunch:RunCombo () (at Assets/UpIzUpMini/Editor/Mini120SetupMixamoPunch.cs:44)

(Filename: Assets/UpIzUpMini/Editor/Mini120SetupMixamoPunch.cs Line: 67)

MINI-120 SETUP: [Assets/Mixamo/Animations/Mixamo_KickSacat.fbx] import done. animationType=Human, avatar valid=True, avatar isHuman=True, clips found=1.
UnityEngine.Debug:ExtractStackTraceNoAlloc (byte*,int,string)
UnityEngine.StackTraceUtility:ExtractStackTrace ()
UnityEngine.DebugLogHandler:Internal_Log (UnityEngine.LogType,UnityEngine.LogOption,string,UnityEngine.Object)
UnityEngine.DebugLogHandler:LogFormat (UnityEngine.LogType,UnityEngine.Object,string,object[])
UnityEngine.Logger:Log (UnityEngine.LogType,object)
UnityEngine.Debug:Log (object)
UpIzUpMini.EditorTools.Mini120SetupMixamoPunch:SetupOne (string) (at Assets/UpIzUpMini/Editor/Mini120SetupMixamoPunch.cs:73)
UpIzUpMini.EditorTools.Mini120SetupMixamoPunch:RunCombo () (at Assets/UpIzUpMini/Editor/Mini120SetupMixamoPunch.cs:44)

(Filename: Assets/UpIzUpMini/Editor/Mini120SetupMixamoPunch.cs Line: 73)

Start importing Assets/Mixamo/Animations/Mixamo_KickFranki.fbx using Guid(16c8c6ccd91742e43a665cf364700a7b) (FBXImporter)Keyframe reduction: Ratio: 17.740959%;
 -> (artifact id: 'f013ff2268f033a6f1d432945ebb7905') in 0.0388072 seconds
Refreshing native plugins compatible for Editor in 0.19 ms, found 0 plugins.
Preloading 0 native plugins for Editor in 0.00 ms.
Asset Pipeline Refresh (id=0a7e91b4308b4e24c89eb4393016fed2): Total: 0.050 seconds - Initiated by StopAssetImportingV2(NoUpdateAssetOptions)
Start importing Assets/Mixamo/Animations/Mixamo_KickFranki.fbx using Guid(16c8c6ccd91742e43a665cf364700a7b) (FBXImporter)Keyframe reduction: Ratio: 50.533756%;
 -> (artifact id: 'e3d3a6016fa649d92b1ca752e92dab65') in 0.193852 seconds
Refreshing native plugins compatible for Editor in 0.31 ms, found 0 plugins.
Preloading 0 native plugins for Editor in 0.00 ms.
Asset Pipeline Refresh (id=0ace4e7d5a8bd1148b344024ee063906): Total: 0.230 seconds - Initiated by StopAssetImportingV2(NoUpdateAssetOptions)
MINI-120 SETUP: [Assets/Mixamo/Animations/Mixamo_KickFranki.fbx] found clip 'mixamo.com', length=1.60s, frameRate=30, isHumanMotion=True, isLooping=False
UnityEngine.Debug:ExtractStackTraceNoAlloc (byte*,int,string)
UnityEngine.StackTraceUtility:ExtractStackTrace ()
UnityEngine.DebugLogHandler:Internal_Log (UnityEngine.LogType,UnityEngine.LogOption,string,UnityEngine.Object)
UnityEngine.DebugLogHandler:LogFormat (UnityEngine.LogType,UnityEngine.Object,string,object[])
UnityEngine.Logger:Log (UnityEngine.LogType,object)
UnityEngine.Debug:Log (object)
UpIzUpMini.EditorTools.Mini120SetupMixamoPunch:SetupOne (string) (at Assets/UpIzUpMini/Editor/Mini120SetupMixamoPunch.cs:67)
UpIzUpMini.EditorTools.Mini120SetupMixamoPunch:RunCombo () (at Assets/UpIzUpMini/Editor/Mini120SetupMixamoPunch.cs:44)

(Filename: Assets/UpIzUpMini/Editor/Mini120SetupMixamoPunch.cs Line: 67)

MINI-120 SETUP: [Assets/Mixamo/Animations/Mixamo_KickFranki.fbx] import done. animationType=Human, avatar valid=True, avatar isHuman=True, clips found=1.
UnityEngine.Debug:ExtractStackTraceNoAlloc (byte*,int,string)
UnityEngine.StackTraceUtility:ExtractStackTrace ()
UnityEngine.DebugLogHandler:Internal_Log (UnityEngine.LogType,UnityEngine.LogOption,string,UnityEngine.Object)
UnityEngine.DebugLogHandler:LogFormat (UnityEngine.LogType,UnityEngine.Object,string,object[])
UnityEngine.Logger:Log (UnityEngine.LogType,object)
UnityEngine.Debug:Log (object)
UpIzUpMini.EditorTools.Mini120SetupMixamoPunch:SetupOne (string) (at Assets/UpIzUpMini/Editor/Mini120SetupMixamoPunch.cs:73)
UpIzUpMini.EditorTools.Mini120SetupMixamoPunch:RunCombo () (at Assets/UpIzUpMini/Editor/Mini120SetupMixamoPunch.cs:44)

(Filename: Assets/UpIzUpMini/Editor/Mini120SetupMixamoPunch.cs Line: 73)

Batchmode quit successfully invoked - shutting down!
[Physics::Module] Cleanup current backend.
[Physics::Module] Id: 0xf2b8ea05
Input System module state changed to: ShutdownInProgress.
Input System polling thread exited.
Input System module state changed to: Shutdown.
[Licensing::IpcConnector] LicenseClient-PCSS-PC-notifications channel disconnected successfully.
[Licensing::IpcConnector] LicenseClient-PCSS-PC channel disconnected successfully.
AcceleratorClientConnectionCallback - disconnected - :0
Shut down.
Cleanup mono
abort_threads: Failed aborting id: 0000000000002AAC, mono_thread_manage will ignore it

abort_threads: Failed aborting id: 0000000000008928, mono_thread_manage will ignore it

abort_threads: Failed aborting id: 0000000000002AAC, mono_thread_manage will ignore it

abort_threads: Failed aborting id: 0000000000008928, mono_thread_manage will ignore it

debugger-agent: Unable to listen on 3408
Exiting batchmode successfully now!
Exiting without the bug reporter. Application will terminate with return code 0