[Licensing::Module] Trying to connect to existing licensing client channel...
Built from '6000.3/staging' branch; Version is '6000.3.10f1 (e35f0c77bd8e) revision 14901004'; Using compiler version '194234433'; Build Type 'Release'
OS: 'Windows 11  (10.0.26200) Professional' Language: 'en' Physical Memory: 15826 MB
BatchMode: 1, IsHumanControllingUs: 0, StartBugReporterOnCrash: 0, Is64bit: 1
[Licensing::IpcConnector] Channel LicenseClient-PCSS-PC doesn't exist
System  architecture: x64
Process architecture: x64
Date: 2026-08-28T13:38:37Z
[Licensing::Module] Successfully launched the LicensingClient (PId: 10396)

COMMAND LINE ARGUMENTS:
C:\Program Files\Unity\Hub\Editor\6000.3.10f1\Editor\Unity.exe
-batchmode
-nographics
-quit
-projectPath
E:\Unity\Up Iz Up Mini
-executeMethod
UpIzUpMini.EditorTools.Mini119FarmHedgeCheck.Run
-logFile
Tools/AIWorkflow/mini119hedge_run2.log
Successfully changed project path to: E:\Unity\Up Iz Up Mini
E:/Unity/Up Iz Up Mini
[UnityMemory] Configuration Parameters - Can be set up in boot.config
    "memorysetup-temp-allocator-size-nav-mesh-worker=65536"
    "memorysetup-temp-allocator-size-audio-worker=65536"
    "memorysetup-temp-allocator-size-gfx=262144"
    "memorysetup-allocator-temp-initial-block-size-main=262144"
    "memorysetup-allocator-temp-initial-block-size-worker=262144"
    "memorysetup-temp-allocator-size-background-worker=32768"
    "memorysetup-temp-allocator-size-job-worker=262144"
    "memorysetup-temp-allocator-size-preload-manager=33554432"
    "memorysetup-temp-allocator-size-gi-baking-worker=262144"
    "memorysetup-temp-allocator-size-gi-baking-worker=262144"
    "memorysetup-temp-allocator-size-gi-baking-worker=262144"
    "memorysetup-temp-allocator-size-gi-baking-worker=262144"
    "memorysetup-temp-allocator-size-gi-baking-worker=262144"
    "memorysetup-bucket-allocator-granularity=16"
    "memorysetup-bucket-allocator-bucket-count=8"
    "memorysetup-bucket-allocator-block-size=33554432"
    "memorysetup-bucket-allocator-block-count=8"
    "memorysetup-main-allocator-block-size=16777216"
    "memorysetup-thread-allocator-block-size=16777216"
    "memorysetup-gfx-main-allocator-block-size=16777216"
    "memorysetup-gfx-thread-allocator-block-size=16777216"
    "memorysetup-cache-allocator-block-size=4194304"
    "memorysetup-typetree-allocator-block-size=2097152"
    "memorysetup-profiler-bucket-allocator-granularity=16"
    "memorysetup-profiler-bucket-allocator-bucket-count=8"
    "memorysetup-profiler-bucket-allocator-block-size=33554432"
    "memorysetup-profiler-bucket-allocator-block-count=8"
    "memorysetup-profiler-allocator-block-size=16777216"
    "memorysetup-profiler-editor-allocator-block-size=1048576"
    "memorysetup-temp-allocator-size-main=16777216"
    "memorysetup-job-temp-allocator-block-size=2097152"
    "memorysetup-job-temp-allocator-block-size-background=1048576"
    "memorysetup-job-temp-allocator-reduction-small-platforms=262144"
    "memorysetup-temp-allocator-size-cloud-worker=32768"
Player connection [26456]  Target information:

Player connection [26456]  * "[IP] 192.168.108.205 [Port] 55504 [Flags] 2 [Guid] 2508190015 [EditorId] 2508190015 [Version] 1048832 [Id] WindowsEditor(7,PC-22) [Debug] 1 [PackageName] WindowsEditor [ProjectName] Editor" 

Player connection [26456]  * "[IP] 100.83.75.75 [Port] 55504 [Flags] 2 [Guid] 2508190015 [EditorId] 2508190015 [Version] 1048832 [Id] WindowsEditor(7,PC-22) [Debug] 1 [PackageName] WindowsEditor [ProjectName] Editor" 

Player connection [26456]  * "[IP] 192.168.137.1 [Port] 55504 [Flags] 2 [Guid] 2508190015 [EditorId] 2508190015 [Version] 1048832 [Id] WindowsEditor(7,PC-22) [Debug] 1 [PackageName] WindowsEditor [ProjectName] Editor" 

Player connection [26456] Host joined multi-casting on [225.0.0.222:54997]...
Player connection [26456] Host joined alternative multi-casting on [225.0.0.222:34997]...
Input System module state changed to: Initialized.
[Physics::Module] Initialized fallback backend.
[Physics::Module] Id: 0xdecafbad
Starting IPC server.
Waiting for clients to connect on \\.\pipe\Unity-LicenseClient-PCSS-PC, press Ctrl-C to exit.
[Licensing::IpcConnector] Successfully connected to: "LicenseClient-PCSS-PC" at "2026-08-28T13:38:37.7834156Z"
[Package Manager] Connected to IPC stream "Upm-29484" after 0.2 seconds.
[Licensing::Module] Licensing is not yet initialized.
[Licensing::Client] Handshaking with LicensingClient:
  Version:                 1.17.4+4293ba1
  Session Id:              a8bf14cdca2f4d118ada632c525459a4
  Correlation Id:          1419fbaa1a56b9b18cfe1adf2d736d6c
  External correlation Id: 463483299162639623
  Machine Id:              BSsZwx/0FUTXPDacKK/mAf12cyA=
[Licensing::Module] Successfully connected to LicensingClient on channel: "LicenseClient-PCSS-PC" (connect: 0.25s, validation: 0.04s, handshake: 1.47s)
[Licensing::IpcConnector] Successfully connected to: "LicenseClient-PCSS-PC-notifications" at "2026-08-28T13:38:39.2960816Z"
[Licensing::Module] Connected to LicensingClient (PId: 10396, launch time: 0.01, total connection time: 1.76s)
[Licensing::Module] Error: Access token is unavailable; failed to update
[Licensing::Client] Successfully resolved entitlement details
[Licensing::Module] License group:
  Id: F4-VZG9-MHCH-26WA-PBF7-XXXX
  Product: Unity Personal
  Type: ULF
  Expiration: Unlimited
[Licensing::Module] License group:
  Id: 1125343-UnityPersXXXX
  Product: Unity Personal
  Type: Assigned
  Expiration: Unlimited
[Licensing::Client] Successfully updated license, isAsync: True, time: 0.01
[Licensing::Client] Successfully resolved entitlement details
[Licensing::Module] License group:
  Id: F4-VZG9-MHCH-26WA-PBF7-XXXX
  Product: Unity Personal
  Type: ULF
  Expiration: Unlimited
[Licensing::Module] License group:
  Id: 1125343-UnityPersXXXX
  Product: Unity Personal
  Type: Assigned
  Expiration: Unlimited
[Licensing::Module] Licensing Background thread has ended after 1.78s
[Licensing::Module] Licensing is initialized (took 1.41s).
[Licensing::Client] Successfully resolved entitlement details
[Licensing::Module] License group:
  Id: F4-VZG9-MHCH-26WA-PBF7-XXXX
  Product: Unity Personal
  Type: ULF
  Expiration: Unlimited
[Licensing::Module] License group:
  Id: 1125343-UnityPersXXXX
  Product: Unity Personal
  Type: Assigned
  Expiration: Unlimited
Library Redirect Path: Library/
[Physics::Module] Selected backend.
[Physics::Module] Name: PhysX
[Physics::Module] Id: 0xf2b8ea05
[Physics::Module] SDK Version: 4.1.2
[Physics::Module] Integration Version: 1.0.0
[Physics::Module] Threading Mode: Multi-Threaded
Refreshing native plugins compatible for Editor in 0.05 ms, found 0 plugins.
Preloading 0 native plugins for Editor in 0.00 ms.
Initialize engine version: 6000.3.10f1 (e35f0c77bd8e)
[Subsystems] Discovering subsystems at path C:/Program Files/Unity/Hub/Editor/6000.3.10f1/Editor/Data/Resources/UnitySubsystems
[Subsystems] Discovering subsystems at path E:/Unity/Up Iz Up Mini/Assets
Forcing GfxDevice: Null
GfxDevice: creating device client; kGfxThreadingModeNonThreaded
NullGfxDevice:
    Version:  NULL 1.0 [1.0]
    Renderer: Null Device
    Vendor:   Unity Technologies
Initialize mono
Mono path[0] = 'C:/Program Files/Unity/Hub/Editor/6000.3.10f1/Editor/Data/Managed'
Mono path[1] = 'C:/Program Files/Unity/Hub/Editor/6000.3.10f1/Editor/Data/MonoBleedingEdge/lib/mono/unityjit-win32'
Mono config path = 'C:/Program Files/Unity/Hub/Editor/6000.3.10f1/Editor/Data/MonoBleedingEdge/etc'
Using monoOptions --debugger-agent=transport=dt_socket,embedding=1,server=y,suspend=n,address=127.0.0.1:56484
Using cacheserver namespaces - metadata:defaultmetadata, artifacts:defaultartifacts
Using cacheserver namespaces - metadata:defaultmetadata, artifacts:defaultartifacts
ImportWorker Server TCP listen port: 0
AcceleratorClientConnectionCallback - disconnected - :0
Begin MonoManager ReloadAssembly
Registering precompiled unity dll's ...
Register platform support module: C:/Program Files/Unity/Hub/Editor/6000.3.10f1/Editor/Data/PlaybackEngines/WebGLSupport/UnityEditor.WebGL.Extensions.dll
Register platform support module: C:/Program Files/Unity/Hub/Editor/6000.3.10f1/Editor/Data/PlaybackEngines/WindowsStandaloneSupport/UnityEditor.WindowsStandalone.Extensions.dll
Registered in 0.002000 seconds.
- Loaded All Assemblies, in  0.317 seconds
Native extension for WindowsStandalone target not found
Native extension for WebGL target not found
ScheduleIndexationOnStartup MainProcess:False IndexOnStartup:True
Mono: successfully reloaded assembly
- Finished resetting the current domain, in  0.280 seconds
Domain Reload Profiling: 596ms
	BeginReloadAssembly (115ms)
		ExecutionOrderSort (0ms)
		DisableScriptedObjects (0ms)
		BackupInstance (0ms)
		ReleaseScriptingObjects (0ms)
		CreateAndSetChildDomain (9ms)
	RebuildCommonClasses (26ms)
	RebuildNativeTypeToScriptingClass (8ms)
	initialDomainReloadingComplete (38ms)
	LoadAllAssembliesAndSetupDomain (128ms)
		LoadAssemblies (104ms)
		RebuildTransferFunctionScriptingTraits (0ms)
		AnalyzeDomain (125ms)
			TypeCache.Refresh (123ms)
				TypeCache.ScanAssembly (112ms)
			BuildScriptInfoCaches (0ms)
			ResolveRequiredComponents (0ms)
	FinalizeReload (281ms)
		ReleaseScriptCaches (0ms)
		RebuildScriptCaches (0ms)
		SetupLoadedEditorAssemblies (252ms)
			LogAssemblyErrors (0ms)
			InitializePlatformSupportModulesInManaged (35ms)
			SetLoadedEditorAssemblies (3ms)
			BeforeProcessingInitializeOnLoad (61ms)
			ProcessInitializeOnLoadAttributes (99ms)
			ProcessInitializeOnLoadMethodAttributes (54ms)
			AfterProcessingInitializeOnLoad (0ms)
			EditorAssembliesLoaded (0ms)
		ExecutionOrderSort2 (0ms)
		AwakeInstancesAfterBackupRestoration (0ms)
[Licensing::Client] Successfully resolved entitlement details
[Licensing::Module] License group:
  Id: F4-VZG9-MHCH-26WA-PBF7-XXXX
  Product: Unity Personal
  Type: ULF
  Expiration: Unlimited
[Licensing::Module] License group:
  Id: 1125343-UnityPersXXXX
  Product: Unity Personal
  Type: Assigned
  Expiration: Unlimited
Application.AssetDatabase Initial Refresh Start
Package Manager log level set to [2]
[Package Manager] Restoring resolved packages state from cache
[Licensing::Client] Successfully resolved entitlement details
[Package Manager] Registered 52 packages:
  Packages from [https://packages.unity.com]:
    com.unity.ai.navigation@2.0.14 (location: E:\Unity\Up Iz Up Mini\Library\PackageCache\com.unity.ai.navigation@134dd6a3b97b)
    com.unity.cloud.gltfast@6.9.0 (location: E:\Unity\Up Iz Up Mini\Library\PackageCache\com.unity.cloud.gltfast@1bfd82b6f675)
    com.unity.animation.rigging@1.4.1 (location: E:\Unity\Up Iz Up Mini\Library\PackageCache\com.unity.animation.rigging@ae5f251e1ed4)
    com.unity.burst@1.8.28 (location: E:\Unity\Up Iz Up Mini\Library\PackageCache\com.unity.burst@07790c2d06d9)
    com.unity.collections@2.6.2 (location: E:\Unity\Up Iz Up Mini\Library\PackageCache\com.unity.collections@aea9d3bd5e19)
    com.unity.mathematics@1.3.3 (location: E:\Unity\Up Iz Up Mini\Library\PackageCache\com.unity.mathematics@19a9377c4ffa)
    com.unity.searcher@4.9.4 (location: E:\Unity\Up Iz Up Mini\Library\PackageCache\com.unity.searcher@d45a78918735)
    com.unity.nuget.mono-cecil@1.11.6 (location: E:\Unity\Up Iz Up Mini\Library\PackageCache\com.unity.nuget.mono-cecil@ecb9724e46ff)
    com.unity.test-framework.performance@3.2.0 (location: E:\Unity\Up Iz Up Mini\Library\PackageCache\com.unity.test-framework.performance@0840f58e4562)
  Built-in packages:
    com.unity.multiplayer.center@1.0.1 (location: E:\Unity\Up Iz Up Mini\Library\PackageCache\com.unity.multiplayer.center@f01f4ba8d00a)
    com.unity.shadergraph@17.3.0 (location: E:\Unity\Up Iz Up Mini\Library\PackageCache\com.unity.shadergraph@c8830f61858d)
    com.unity.ugui@2.0.0 (location: E:\Unity\Up Iz Up Mini\Library\PackageCache\com.unity.ugui@bb329a87fcdc)
    com.unity.modules.accessibility@1.0.0 (location: E:\Unity\Up Iz Up Mini\Library\PackageCache\com.unity.modules.accessibility)
    com.unity.modules.adaptiveperformance@1.0.0 (location: E:\Unity\Up Iz Up Mini\Library\PackageCache\com.unity.modules.adaptiveperformance)
    com.unity.modules.ai@1.0.0 (location: E:\Unity\Up Iz Up Mini\Library\PackageCache\com.unity.modules.ai)
    com.unity.modules.androidjni@1.0.0 (location: E:\Unity\Up Iz Up Mini\Library\PackageCache\com.unity.modules.androidjni)
    com.unity.modules.animation@1.0.0 (location: E:\Unity\Up Iz Up Mini\Library\PackageCache\com.unity.modules.animation)
    com.unity.modules.assetbundle@1.0.0 (location: E:\Unity\Up Iz Up Mini\Library\PackageCache\com.unity.modules.assetbundle)
    com.unity.modules.audio@1.0.0 (location: E:\Unity\Up Iz Up Mini\Library\PackageCache\com.unity.modules.audio)
    com.unity.modules.cloth@1.0.0 (location: E:\Unity\Up Iz Up Mini\Library\PackageCache\com.unity.modules.cloth)
    com.unity.modules.director@1.0.0 (location: E:\Unity\Up Iz Up Mini\Library\PackageCache\com.unity.modules.director)
    com.unity.modules.imageconversion@1.0.0 (location: E:\Unity\Up Iz Up Mini\Library\PackageCache\com.unity.modules.imageconversion)
    com.unity.modules.imgui@1.0.0 (location: E:\Unity\Up Iz Up Mini\Library\PackageCache\com.unity.modules.imgui)
    com.unity.modules.jsonserialize@1.0.0 (location: E:\Unity\Up Iz Up Mini\Library\PackageCache\com.unity.modules.jsonserialize)
    com.unity.modules.particlesystem@1.0.0 (location: E:\Unity\Up Iz Up Mini\Library\PackageCache\com.unity.modules.particlesystem)
    com.unity.modules.physics@1.0.0 (location: E:\Unity\Up Iz Up Mini\Library\PackageCache\com.unity.modules.physics)
    com.unity.modules.physics2d@1.0.0 (location: E:\Unity\Up Iz Up Mini\Library\PackageCache\com.unity.modules.physics2d)
    com.unity.modules.screencapture@1.0.0 (location: E:\Unity\Up Iz Up Mini\Library\PackageCache\com.unity.modules.screencapture)
    com.unity.modules.terrain@1.0.0 (location: E:\Unity\Up Iz Up Mini\Library\PackageCache\com.unity.modules.terrain)
    com.unity.modules.terrainphysics@1.0.0 (location: E:\Unity\Up Iz Up Mini\Library\PackageCache\com.unity.modules.terrainphysics)
    com.unity.modules.tilemap@1.0.0 (location: E:\Unity\Up Iz Up Mini\Library\PackageCache\com.unity.modules.tilemap)
    com.unity.modules.ui@1.0.0 (location: E:\Unity\Up Iz Up Mini\Library\PackageCache\com.unity.modules.ui)
    com.unity.modules.uielements@1.0.0 (location: E:\Unity\Up Iz Up Mini\Library\PackageCache\com.unity.modules.uielements)
    com.unity.modules.umbra@1.0.0 (location: E:\Unity\Up Iz Up Mini\Library\PackageCache\com.unity.modules.umbra)
    com.unity.modules.unityanalytics@1.0.0 (location: E:\Unity\Up Iz Up Mini\Library\PackageCache\com.unity.modules.unityanalytics)
    com.unity.modules.unitywebrequest@1.0.0 (location: E:\Unity\Up Iz Up Mini\Library\PackageCache\com.unity.modules.unitywebrequest)
    com.unity.modules.unitywebrequestassetbundle@1.0.0 (location: E:\Unity\Up Iz Up Mini\Library\PackageCache\com.unity.modules.unitywebrequestassetbundle)
    com.unity.modules.unitywebrequestaudio@1.0.0 (location: E:\Unity\Up Iz Up Mini\Library\PackageCache\com.unity.modules.unitywebrequestaudio)
    com.unity.modules.unitywebrequesttexture@1.0.0 (location: E:\Unity\Up Iz Up Mini\Library\PackageCache\com.unity.modules.unitywebrequesttexture)
    com.unity.modules.unitywebrequestwww@1.0.0 (location: E:\Unity\Up Iz Up Mini\Library\PackageCache\com.unity.modules.unitywebrequestwww)
    com.unity.modules.vectorgraphics@1.0.0 (location: E:\Unity\Up Iz Up Mini\Library\PackageCache\com.unity.modules.vectorgraphics)
    com.unity.modules.vehicles@1.0.0 (location: E:\Unity\Up Iz Up Mini\Library\PackageCache\com.unity.modules.vehicles)
    com.unity.modules.video@1.0.0 (location: E:\Unity\Up Iz Up Mini\Library\PackageCache\com.unity.modules.video)
    com.unity.modules.vr@1.0.0 (location: E:\Unity\Up Iz Up Mini\Library\PackageCache\com.unity.modules.vr)
    com.unity.modules.wind@1.0.0 (location: E:\Unity\Up Iz Up Mini\Library\PackageCache\com.unity.modules.wind)
    com.unity.modules.xr@1.0.0 (location: E:\Unity\Up Iz Up Mini\Library\PackageCache\com.unity.modules.xr)
    com.unity.modules.subsystems@1.0.0 (location: E:\Unity\Up Iz Up Mini\Library\PackageCache\com.unity.modules.subsystems)
    com.unity.modules.hierarchycore@1.0.0 (location: E:\Unity\Up Iz Up Mini\Library\PackageCache\com.unity.modules.hierarchycore)
    com.unity.render-pipelines.core@17.3.0 (location: E:\Unity\Up Iz Up Mini\Library\PackageCache\com.unity.render-pipelines.core@04ab0eefa0c3)
    com.unity.test-framework@1.6.0 (location: E:\Unity\Up Iz Up Mini\Library\PackageCache\com.unity.test-framework@0b7a23ab2e1d)
    com.unity.ext.nunit@2.0.5 (location: E:\Unity\Up Iz Up Mini\Library\PackageCache\com.unity.ext.nunit@d8c07649098d)
  Embedded packages:
    com.barmetler.roadsystem@file:E:\Unity\Up Iz Up Mini\Packages\com.barmetler.roadsystem (location: E:\Unity\Up Iz Up Mini\Packages\com.barmetler.roadsystem)
[Subsystems] No new subsystems found in resolved package list.
[Package Manager] Done registering packages in 0.01 seconds
info: Microsoft.Hosting.Lifetime[14]
      Now listening on: http://localhost:80
info: Microsoft.Hosting.Lifetime[0]
      Application started. Press Ctrl+C to shut down.
info: Microsoft.Hosting.Lifetime[0]
      Hosting environment: Production
info: Microsoft.Hosting.Lifetime[0]
      Content root path: E:\Unity\Up Iz Up Mini\
info: Microsoft.AspNetCore.Hosting.Diagnostics[1]
      Request starting HTTP/2 POST http://ilpp/UnityILPP.PostProcessing/Ping application/grpc -
info: Microsoft.AspNetCore.Routing.EndpointMiddleware[0]
      Executing endpoint 'gRPC - /UnityILPP.PostProcessing/Ping'
info: Microsoft.AspNetCore.Routing.EndpointMiddleware[1]
      Executed endpoint 'gRPC - /UnityILPP.PostProcessing/Ping'
info: Microsoft.AspNetCore.Hosting.Diagnostics[2]
      Request finished HTTP/2 POST http://ilpp/UnityILPP.PostProcessing/Ping application/grpc - - 200 - application/grpc 28.3104ms
Starting: C:\Program Files\Unity\Hub\Editor\6000.3.10f1\Editor\Data\Tools\BuildPipeline\bee_backend.exe --ipc --defer-dag-verification --dagfile="Library/Bee/1900b0aE.dag" --continue-on-failure --profile="Library/Bee/backend1.traceevents" ScriptAssemblies
WorkingDir: E:/Unity/Up Iz Up Mini
DisplayProgressbar: Compiling Scripts
info: Microsoft.AspNetCore.Hosting.Diagnostics[1]
      Request starting HTTP/2 POST http://ilpp/UnityILPP.PostProcessing/ConfigurePostProcessors application/grpc -
info: Microsoft.AspNetCore.Routing.EndpointMiddleware[0]
      Executing endpoint 'gRPC - /UnityILPP.PostProcessing/ConfigurePostProcessors'
warn: Unity.ILPP.Runner.PostProcessingAssemblyLoadContext[0]
      Assembly system.runtime.interopservices.windowsruntime has duplicate hint path. Ignoring "C:\Program Files\Unity\Hub\Editor\6000.3.10f1\Editor\Data\UnityReferenceAssemblies\unity-4.8-api\Facades\System.Runtime.InteropServices.WindowsRuntime.dll" in favor of "C:\Program Files\Unity\Hub\Editor\6000.3.10f1\Editor\Data\NetStandard\Extensions\2.0.0\System.Runtime.InteropServices.WindowsRuntime.dll"
warn: Unity.ILPP.Runner.PostProcessingAssemblyLoadContext[0]
      Assembly system.componentmodel.composition has duplicate hint path. Ignoring "C:\Program Files\Unity\Hub\Editor\6000.3.10f1\Editor\Data\UnityReferenceAssemblies\unity-4.8-api\System.ComponentModel.Composition.dll" in favor of "C:\Program Files\Unity\Hub\Editor\6000.3.10f1\Editor\Data\NetStandard\compat\2.1.0\shims\netfx\System.ComponentModel.Composition.dll"
info: Unity.ILPP.Runner.PostProcessingAssemblyLoadContext[0]
      Resolved Unity.Burst.Cecil, Version=0.11.4.0, Culture=neutral, PublicKeyToken=50cebf1cceb9d05e with Library\PackageCache\com.unity.burst@07790c2d06d9\Unity.Burst.CodeGen\Unity.Burst.Cecil.dll
info: Unity.ILPP.Runner.PostProcessingAssemblyLoadContext[0]
      Resolved Mono.Cecil, Version=0.11.5.0, Culture=neutral, PublicKeyToken=50cebf1cceb9d05e with Library\PackageCache\com.unity.nuget.mono-cecil@ecb9724e46ff\Mono.Cecil.dll
info: Microsoft.AspNetCore.Routing.EndpointMiddleware[1]
      Executed endpoint 'gRPC - /UnityILPP.PostProcessing/ConfigurePostProcessors'
info: Microsoft.AspNetCore.Hosting.Diagnostics[2]
      Request finished HTTP/2 POST http://ilpp/UnityILPP.PostProcessing/ConfigurePostProcessors application/grpc - - 200 - application/grpc 45.4701ms
ExitCode: 0 Duration: 0s196ms
[545/687    0s] ILPP-Configuration Library/ilpp-configuration.nevergeneratedoutput
*** Tundra build success (0.17 seconds), 1 items updated, 687 evaluated
AssetDatabase: script compilation time: 0.495711s
Begin MonoManager ReloadAssembly
- Loaded All Assemblies, in  0.502 seconds
Refreshing native plugins compatible for Editor in 0.17 ms, found 0 plugins.
Native extension for WindowsStandalone target not found
Native extension for WebGL target not found
[MODES] ModeService[none].Initialize
[MODES] ModeService[none].LoadModes
[MODES] Loading mode Default (0) for mode-current-id-Up Iz Up Mini
ScheduleIndexationOnStartup MainProcess:True IndexOnStartup:True
Mono: successfully reloaded assembly
- Finished resetting the current domain, in  1.825 seconds
Domain Reload Profiling: 2325ms
	BeginReloadAssembly (237ms)
		ExecutionOrderSort (0ms)
		DisableScriptedObjects (8ms)
		BackupInstance (0ms)
		ReleaseScriptingObjects (0ms)
		CreateAndSetChildDomain (137ms)
	RebuildCommonClasses (26ms)
	RebuildNativeTypeToScriptingClass (8ms)
	initialDomainReloadingComplete (19ms)
	LoadAllAssembliesAndSetupDomain (210ms)
		LoadAssemblies (204ms)
		RebuildTransferFunctionScriptingTraits (0ms)
		AnalyzeDomain (76ms)
			TypeCache.Refresh (54ms)
				TypeCache.ScanAssembly (48ms)
			BuildScriptInfoCaches (17ms)
			ResolveRequiredComponents (3ms)
	FinalizeReload (1826ms)
		ReleaseScriptCaches (0ms)
		RebuildScriptCaches (0ms)
		SetupLoadedEditorAssemblies (1715ms)
			LogAssemblyErrors (0ms)
			InitializePlatformSupportModulesInManaged (19ms)
			SetLoadedEditorAssemblies (2ms)
			BeforeProcessingInitializeOnLoad (102ms)
			ProcessInitializeOnLoadAttributes (1530ms)
			ProcessInitializeOnLoadMethodAttributes (54ms)
			AfterProcessingInitializeOnLoad (8ms)
			EditorAssembliesLoaded (0ms)
		ExecutionOrderSort2 (0ms)
		AwakeInstancesAfterBackupRestoration (9ms)
Asset Pipeline Refresh (id=583e9e1676809e44198d42062e9edf31): Total: 3.089 seconds - Initiated by InitialRefreshV2(ForceSynchronousImport)
	Summary:
		Imports: total=0 (actual=0, local cache=0, cache server=0)
		Asset DB Process Time: managed=0 ms, native=2029 ms
		Asset DB Callback time: managed=16 ms, native=15 ms
		Scripting: domain reloads=1, domain reload time=502 ms, compile time=498 ms, other=26 ms
		Project Asset Count: scripts=1050, non-scripts=3898
		Asset File Changes: new=0, changed=0, moved=0, deleted=0
		Scan Filter Count: 0
	InvokeCustomDependenciesCallbacks: 0.001ms
	InvokePackagesCallback: 17.435ms
	ApplyChangesToAssetFolders: 0.494ms
	Scan: 55.227ms
	OnSourceAssetsModified: 0.002ms
	CategorizeAssetsWithTransientArtifact: 11.617ms
	ProcessAssetsWithTransientArtifactChanges: 26.836ms
	CategorizeAssets: 39.265ms
	ImportOutOfDateAssets: 1829.692ms (1330.598ms without children)
		CompileScripts: 497.570ms
		ReloadNativeAssets: 0.001ms
		UnloadImportedAssets: 0.150ms
		EnsureUptoDateAssetsAreRegisteredWithGuidPM: 0.652ms
		InitializingProgressBar: 0.001ms
		PostProcessAllAssetNotificationsAddChangedAssets: 0.001ms
		OnDemandSchedulerStart: 0.718ms
	PostProcessAllAssets: 16.503ms
	GatherAllCurrentPrimaryArtifactRevisions: 0.002ms
	UnloadStreamsBegin: 1.159ms
	PersistCurrentRevisions: 0.145ms
	UnloadStreamsEnd: 0.001ms
	GenerateScriptTypeHashes: 4.389ms
	Untracked: 1090.615ms

Application.AssetDatabase Initial Refresh End
Scanning for USB devices : 0.567ms
Initializing Unity extensions:
Unloading 48 Unused Serialized files (Serialized files now loaded: 0)
Unloading 3439 unused Assets / (17.5 MB). Loaded Objects now: 4043.
Memory consumption went from 178.3 MB to 160.8 MB.
Total: 11.837000 ms (FindLiveObjects: 0.620700 ms CreateObjectMapping: 0.424700 ms MarkObjects: 5.866500 ms  DeleteObjects: 4.924000 ms)

Opening scene 'Assets/UpIzUpMini/Scenes/GrandBayProof.unity'
Unloading 56 Unused Serialized files (Serialized files now loaded: 0)
Loaded scene 'Assets/UpIzUpMini/Scenes/GrandBayProof.unity'
	Deserialize:            65.642 ms
	Integration:            225.778 ms
	Integration of assets:  6.844 ms
	Thread Wait Time:       -0.465 ms
	Total Operation Time:   297.800 ms
Unloading 1 unused Assets / (0.5 KB). Loaded Objects now: 17048.
Memory consumption went from 196.8 MB to 196.8 MB.
Total: 6.592800 ms (FindLiveObjects: 1.416700 ms CreateObjectMapping: 0.297300 ms MarkObjects: 4.839400 ms  DeleteObjects: 0.038200 ms)

MINI-119 HEDGE CHECK: reconstructed farmCenter=(108.26, 0.00, -133.10), dir=(0.44, 0.00, 0.90), right=(0.90, 0.00, -0.44).
UnityEngine.Debug:ExtractStackTraceNoAlloc (byte*,int,string)
UnityEngine.StackTraceUtility:ExtractStackTrace ()
UnityEngine.DebugLogHandler:Internal_Log (UnityEngine.LogType,UnityEngine.LogOption,string,UnityEngine.Object)
UnityEngine.DebugLogHandler:LogFormat (UnityEngine.LogType,UnityEngine.Object,string,object[])
UnityEngine.Logger:Log (UnityEngine.LogType,object)
UnityEngine.Debug:Log (object)
UpIzUpMini.EditorTools.Mini119FarmHedgeCheck:Run () (at Assets/UpIzUpMini/Editor/Mini119FarmHedgeCheck.cs:50)

(Filename: Assets/UpIzUpMini/Editor/Mini119FarmHedgeCheck.cs Line: 50)

MINI-119 HEDGE CHECK: NPC NPC_PoliceEast at (143.72, 5.93, -179.48) -> relX=52.3, relY=-26.0, INSIDE HEDGE=False
UnityEngine.Debug:ExtractStackTraceNoAlloc (byte*,int,string)
UnityEngine.StackTraceUtility:ExtractStackTrace ()
UnityEngine.DebugLogHandler:Internal_Log (UnityEngine.LogType,UnityEngine.LogOption,string,UnityEngine.Object)
UnityEngine.DebugLogHandler:LogFormat (UnityEngine.LogType,UnityEngine.Object,string,object[])
UnityEngine.Logger:Log (UnityEngine.LogType,object)
UnityEngine.Debug:Log (object)
UpIzUpMini.EditorTools.Mini119FarmHedgeCheck:<Run>g__CheckPoint|3_1 (string,UnityEngine.Vector3,UpIzUpMini.EditorTools.Mini119FarmHedgeCheck/<>c__DisplayClass3_0&) (at Assets/UpIzUpMini/Editor/Mini119FarmHedgeCheck.cs:63)
UpIzUpMini.EditorTools.Mini119FarmHedgeCheck:Run () (at Assets/UpIzUpMini/Editor/Mini119FarmHedgeCheck.cs:69)

(Filename: Assets/UpIzUpMini/Editor/Mini119FarmHedgeCheck.cs Line: 63)

MINI-119 HEDGE CHECK: NPC NPC_Vagrant at (68.56, 6.33, -174.31) -> relX=-17.4, relY=-54.5, INSIDE HEDGE=False
UnityEngine.Debug:ExtractStackTraceNoAlloc (byte*,int,string)
UnityEngine.StackTraceUtility:ExtractStackTrace ()
UnityEngine.DebugLogHandler:Internal_Log (UnityEngine.LogType,UnityEngine.LogOption,string,UnityEngine.Object)
UnityEngine.DebugLogHandler:LogFormat (UnityEngine.LogType,UnityEngine.Object,string,object[])
UnityEngine.Logger:Log (UnityEngine.LogType,object)
UnityEngine.Debug:Log (object)
UpIzUpMini.EditorTools.Mini119FarmHedgeCheck:<Run>g__CheckPoint|3_1 (string,UnityEngine.Vector3,UpIzUpMini.EditorTools.Mini119FarmHedgeCheck/<>c__DisplayClass3_0&) (at Assets/UpIzUpMini/Editor/Mini119FarmHedgeCheck.cs:63)
UpIzUpMini.EditorTools.Mini119FarmHedgeCheck:Run () (at Assets/UpIzUpMini/Editor/Mini119FarmHedgeCheck.cs:69)

(Filename: Assets/UpIzUpMini/Editor/Mini119FarmHedgeCheck.cs Line: 63)

MINI-119 HEDGE CHECK: NPC NPC_BossC at (138.27, 5.86, -195.10) -> relX=54.3, relY=-42.4, INSIDE HEDGE=False
UnityEngine.Debug:ExtractStackTraceNoAlloc (byte*,int,string)
UnityEngine.StackTraceUtility:ExtractStackTrace ()
UnityEngine.DebugLogHandler:Internal_Log (UnityEngine.LogType,UnityEngine.LogOption,string,UnityEngine.Object)
UnityEngine.DebugLogHandler:LogFormat (UnityEngine.LogType,UnityEngine.Object,string,object[])
UnityEngine.Logger:Log (UnityEngine.LogType,object)
UnityEngine.Debug:Log (object)
UpIzUpMini.EditorTools.Mini119FarmHedgeCheck:<Run>g__CheckPoint|3_1 (string,UnityEngine.Vector3,UpIzUpMini.EditorTools.Mini119FarmHedgeCheck/<>c__DisplayClass3_0&) (at Assets/UpIzUpMini/Editor/Mini119FarmHedgeCheck.cs:63)
UpIzUpMini.EditorTools.Mini119FarmHedgeCheck:Run () (at Assets/UpIzUpMini/Editor/Mini119FarmHedgeCheck.cs:69)

(Filename: Assets/UpIzUpMini/Editor/Mini119FarmHedgeCheck.cs Line: 63)

MINI-119 HEDGE CHECK: NPC NPC_Villager_HighlandUpper at (128.00, 4.98, -108.00) -> relX=6.6, relY=31.2, INSIDE HEDGE=False
UnityEngine.Debug:ExtractStackTraceNoAlloc (byte*,int,string)
UnityEngine.StackTraceUtility:ExtractStackTrace ()
UnityEngine.DebugLogHandler:Internal_Log (UnityEngine.LogType,UnityEngine.LogOption,string,UnityEngine.Object)
UnityEngine.DebugLogHandler:LogFormat (UnityEngine.LogType,UnityEngine.Object,string,object[])
UnityEngine.Logger:Log (UnityEngine.LogType,object)
UnityEngine.Debug:Log (object)
UpIzUpMini.EditorTools.Mini119FarmHedgeCheck:<Run>g__CheckPoint|3_1 (string,UnityEngine.Vector3,UpIzUpMini.EditorTools.Mini119FarmHedgeCheck/<>c__DisplayClass3_0&) (at Assets/UpIzUpMini/Editor/Mini119FarmHedgeCheck.cs:63)
UpIzUpMini.EditorTools.Mini119FarmHedgeCheck:Run () (at Assets/UpIzUpMini/Editor/Mini119FarmHedgeCheck.cs:69)

(Filename: Assets/UpIzUpMini/Editor/Mini119FarmHedgeCheck.cs Line: 63)

MINI-119 HEDGE CHECK:   NPC_Villager_HighlandUpper waypoint[0] at (129.57, 5.32, -100.16) -> relX=4.6, relY=39.0, INSIDE HEDGE=False
UnityEngine.Debug:ExtractStackTraceNoAlloc (byte*,int,string)
UnityEngine.StackTraceUtility:ExtractStackTrace ()
UnityEngine.DebugLogHandler:Internal_Log (UnityEngine.LogType,UnityEngine.LogOption,string,UnityEngine.Object)
UnityEngine.DebugLogHandler:LogFormat (UnityEngine.LogType,UnityEngine.Object,string,object[])
UnityEngine.Logger:Log (UnityEngine.LogType,object)
UnityEngine.Debug:Log (object)
UpIzUpMini.EditorTools.Mini119FarmHedgeCheck:<Run>g__CheckPoint|3_1 (string,UnityEngine.Vector3,UpIzUpMini.EditorTools.Mini119FarmHedgeCheck/<>c__DisplayClass3_0&) (at Assets/UpIzUpMini/Editor/Mini119FarmHedgeCheck.cs:63)
UpIzUpMini.EditorTools.Mini119FarmHedgeCheck:Run () (at Assets/UpIzUpMini/Editor/Mini119FarmHedgeCheck.cs:77)

(Filename: Assets/UpIzUpMini/Editor/Mini119FarmHedgeCheck.cs Line: 63)

MINI-119 HEDGE CHECK:   NPC_Villager_HighlandUpper waypoint[1] at (126.43, 4.99, -115.84) -> relX=8.7, relY=23.5, INSIDE HEDGE=False
UnityEngine.Debug:ExtractStackTraceNoAlloc (byte*,int,string)
UnityEngine.StackTraceUtility:ExtractStackTrace ()
UnityEngine.DebugLogHandler:Internal_Log (UnityEngine.LogType,UnityEngine.LogOption,string,UnityEngine.Object)
UnityEngine.DebugLogHandler:LogFormat (UnityEngine.LogType,UnityEngine.Object,string,object[])
UnityEngine.Logger:Log (UnityEngine.LogType,object)
UnityEngine.Debug:Log (object)
UpIzUpMini.EditorTools.Mini119FarmHedgeCheck:<Run>g__CheckPoint|3_1 (string,UnityEngine.Vector3,UpIzUpMini.EditorTools.Mini119FarmHedgeCheck/<>c__DisplayClass3_0&) (at Assets/UpIzUpMini/Editor/Mini119FarmHedgeCheck.cs:63)
UpIzUpMini.EditorTools.Mini119FarmHedgeCheck:Run () (at Assets/UpIzUpMini/Editor/Mini119FarmHedgeCheck.cs:77)

(Filename: Assets/UpIzUpMini/Editor/Mini119FarmHedgeCheck.cs Line: 63)

MINI-119 HEDGE CHECK: NPC NPC_Villager_LalayMid at (26.00, 7.53, -156.00) -> relX=-63.7, relY=-56.9, INSIDE HEDGE=False
UnityEngine.Debug:ExtractStackTraceNoAlloc (byte*,int,string)
UnityEngine.StackTraceUtility:ExtractStackTrace ()
UnityEngine.DebugLogHandler:Internal_Log (UnityEngine.LogType,UnityEngine.LogOption,string,UnityEngine.Object)
UnityEngine.DebugLogHandler:LogFormat (UnityEngine.LogType,UnityEngine.Object,string,object[])
UnityEngine.Logger:Log (UnityEngine.LogType,object)
UnityEngine.Debug:Log (object)
UpIzUpMini.EditorTools.Mini119FarmHedgeCheck:<Run>g__CheckPoint|3_1 (string,UnityEngine.Vector3,UpIzUpMini.EditorTools.Mini119FarmHedgeCheck/<>c__DisplayClass3_0&) (at Assets/UpIzUpMini/Editor/Mini119FarmHedgeCheck.cs:63)
UpIzUpMini.EditorTools.Mini119FarmHedgeCheck:Run () (at Assets/UpIzUpMini/Editor/Mini119FarmHedgeCheck.cs:69)

(Filename: Assets/UpIzUpMini/Editor/Mini119FarmHedgeCheck.cs Line: 63)

MINI-119 HEDGE CHECK:   NPC_Villager_LalayMid waypoint[0] at (34.99, 7.40, -155.55) -> relX=-55.8, relY=-52.5, INSIDE HEDGE=False
UnityEngine.Debug:ExtractStackTraceNoAlloc (byte*,int,string)
UnityEngine.StackTraceUtility:ExtractStackTrace ()
UnityEngine.DebugLogHandler:Internal_Log (UnityEngine.LogType,UnityEngine.LogOption,string,UnityEngine.Object)
UnityEngine.DebugLogHandler:LogFormat (UnityEngine.LogType,UnityEngine.Object,string,object[])
UnityEngine.Logger:Log (UnityEngine.LogType,object)
UnityEngine.Debug:Log (object)
UpIzUpMini.EditorTools.Mini119FarmHedgeCheck:<Run>g__CheckPoint|3_1 (string,UnityEngine.Vector3,UpIzUpMini.EditorTools.Mini119FarmHedgeCheck/<>c__DisplayClass3_0&) (at Assets/UpIzUpMini/Editor/Mini119FarmHedgeCheck.cs:63)
UpIzUpMini.EditorTools.Mini119FarmHedgeCheck:Run () (at Assets/UpIzUpMini/Editor/Mini119FarmHedgeCheck.cs:77)

(Filename: Assets/UpIzUpMini/Editor/Mini119FarmHedgeCheck.cs Line: 63)

MINI-119 HEDGE CHECK:   NPC_Villager_LalayMid waypoint[1] at (17.01, 7.66, -156.45) -> relX=-71.6, relY=-61.2, INSIDE HEDGE=False
UnityEngine.Debug:ExtractStackTraceNoAlloc (byte*,int,string)
UnityEngine.StackTraceUtility:ExtractStackTrace ()
UnityEngine.DebugLogHandler:Internal_Log (UnityEngine.LogType,UnityEngine.LogOption,string,UnityEngine.Object)
UnityEngine.DebugLogHandler:LogFormat (UnityEngine.LogType,UnityEngine.Object,string,object[])
UnityEngine.Logger:Log (UnityEngine.LogType,object)
UnityEngine.Debug:Log (object)
UpIzUpMini.EditorTools.Mini119FarmHedgeCheck:<Run>g__CheckPoint|3_1 (string,UnityEngine.Vector3,UpIzUpMini.EditorTools.Mini119FarmHedgeCheck/<>c__DisplayClass3_0&) (at Assets/UpIzUpMini/Editor/Mini119FarmHedgeCheck.cs:63)
UpIzUpMini.EditorTools.Mini119FarmHedgeCheck:Run () (at Assets/UpIzUpMini/Editor/Mini119FarmHedgeCheck.cs:77)

(Filename: Assets/UpIzUpMini/Editor/Mini119FarmHedgeCheck.cs Line: 63)

MINI-119 HEDGE CHECK: NPC NPC_FarmShop at (-7.02, 8.24, -144.98) -> relX=-98.2, relY=-61.5, INSIDE HEDGE=False
UnityEngine.Debug:ExtractStackTraceNoAlloc (byte*,int,string)
UnityEngine.StackTraceUtility:ExtractStackTrace ()
UnityEngine.DebugLogHandler:Internal_Log (UnityEngine.LogType,UnityEngine.LogOption,string,UnityEngine.Object)
UnityEngine.DebugLogHandler:LogFormat (UnityEngine.LogType,UnityEngine.Object,string,object[])
UnityEngine.Logger:Log (UnityEngine.LogType,object)
UnityEngine.Debug:Log (object)
UpIzUpMini.EditorTools.Mini119FarmHedgeCheck:<Run>g__CheckPoint|3_1 (string,UnityEngine.Vector3,UpIzUpMini.EditorTools.Mini119FarmHedgeCheck/<>c__DisplayClass3_0&) (at Assets/UpIzUpMini/Editor/Mini119FarmHedgeCheck.cs:63)
UpIzUpMini.EditorTools.Mini119FarmHedgeCheck:Run () (at Assets/UpIzUpMini/Editor/Mini119FarmHedgeCheck.cs:69)

(Filename: Assets/UpIzUpMini/Editor/Mini119FarmHedgeCheck.cs Line: 63)

MINI-119 HEDGE CHECK: NPC NPC_Villager_LalayEast at (64.00, 6.35, -150.00) -> relX=-32.3, relY=-34.7, INSIDE HEDGE=False
UnityEngine.Debug:ExtractStackTraceNoAlloc (byte*,int,string)
UnityEngine.StackTraceUtility:ExtractStackTrace ()
UnityEngine.DebugLogHandler:Internal_Log (UnityEngine.LogType,UnityEngine.LogOption,string,UnityEngine.Object)
UnityEngine.DebugLogHandler:LogFormat (UnityEngine.LogType,UnityEngine.Object,string,object[])
UnityEngine.Logger:Log (UnityEngine.LogType,object)
UnityEngine.Debug:Log (object)
UpIzUpMini.EditorTools.Mini119FarmHedgeCheck:<Run>g__CheckPoint|3_1 (string,UnityEngine.Vector3,UpIzUpMini.EditorTools.Mini119FarmHedgeCheck/<>c__DisplayClass3_0&) (at Assets/UpIzUpMini/Editor/Mini119FarmHedgeCheck.cs:63)
UpIzUpMini.EditorTools.Mini119FarmHedgeCheck:Run () (at Assets/UpIzUpMini/Editor/Mini119FarmHedgeCheck.cs:69)

(Filename: Assets/UpIzUpMini/Editor/Mini119FarmHedgeCheck.cs Line: 63)

MINI-119 HEDGE CHECK:   NPC_Villager_LalayEast waypoint[0] at (72.99, 6.02, -149.55) -> relX=-24.4, relY=-30.3, INSIDE HEDGE=False
UnityEngine.Debug:ExtractStackTraceNoAlloc (byte*,int,string)
UnityEngine.StackTraceUtility:ExtractStackTrace ()
UnityEngine.DebugLogHandler:Internal_Log (UnityEngine.LogType,UnityEngine.LogOption,string,UnityEngine.Object)
UnityEngine.DebugLogHandler:LogFormat (UnityEngine.LogType,UnityEngine.Object,string,object[])
UnityEngine.Logger:Log (UnityEngine.LogType,object)
UnityEngine.Debug:Log (object)
UpIzUpMini.EditorTools.Mini119FarmHedgeCheck:<Run>g__CheckPoint|3_1 (string,UnityEngine.Vector3,UpIzUpMini.EditorTools.Mini119FarmHedgeCheck/<>c__DisplayClass3_0&) (at Assets/UpIzUpMini/Editor/Mini119FarmHedgeCheck.cs:63)
UpIzUpMini.EditorTools.Mini119FarmHedgeCheck:Run () (at Assets/UpIzUpMini/Editor/Mini119FarmHedgeCheck.cs:77)

(Filename: Assets/UpIzUpMini/Editor/Mini119FarmHedgeCheck.cs Line: 63)

MINI-119 HEDGE CHECK:   NPC_Villager_LalayEast waypoint[1] at (55.01, 9.76, -150.45) -> relX=-40.1, relY=-39.1, INSIDE HEDGE=False
UnityEngine.Debug:ExtractStackTraceNoAlloc (byte*,int,string)
UnityEngine.StackTraceUtility:ExtractStackTrace ()
UnityEngine.DebugLogHandler:Internal_Log (UnityEngine.LogType,UnityEngine.LogOption,string,UnityEngine.Object)
UnityEngine.DebugLogHandler:LogFormat (UnityEngine.LogType,UnityEngine.Object,string,object[])
UnityEngine.Logger:Log (UnityEngine.LogType,object)
UnityEngine.Debug:Log (object)
UpIzUpMini.EditorTools.Mini119FarmHedgeCheck:<Run>g__CheckPoint|3_1 (string,UnityEngine.Vector3,UpIzUpMini.EditorTools.Mini119FarmHedgeCheck/<>c__DisplayClass3_0&) (at Assets/UpIzUpMini/Editor/Mini119FarmHedgeCheck.cs:63)
UpIzUpMini.EditorTools.Mini119FarmHedgeCheck:Run () (at Assets/UpIzUpMini/Editor/Mini119FarmHedgeCheck.cs:77)

(Filename: Assets/UpIzUpMini/Editor/Mini119FarmHedgeCheck.cs Line: 63)

MINI-119 HEDGE CHECK: NPC NPC_ApparelShop at (54.92, 7.27, -153.98) -> relX=-38.6, relY=-42.3, INSIDE HEDGE=False
UnityEngine.Debug:ExtractStackTraceNoAlloc (byte*,int,string)
UnityEngine.StackTraceUtility:ExtractStackTrace ()
UnityEngine.DebugLogHandler:Internal_Log (UnityEngine.LogType,UnityEngine.LogOption,string,UnityEngine.Object)
UnityEngine.DebugLogHandler:LogFormat (UnityEngine.LogType,UnityEngine.Object,string,object[])
UnityEngine.Logger:Log (UnityEngine.LogType,object)
UnityEngine.Debug:Log (object)
UpIzUpMini.EditorTools.Mini119FarmHedgeCheck:<Run>g__CheckPoint|3_1 (string,UnityEngine.Vector3,UpIzUpMini.EditorTools.Mini119FarmHedgeCheck/<>c__DisplayClass3_0&) (at Assets/UpIzUpMini/Editor/Mini119FarmHedgeCheck.cs:63)
UpIzUpMini.EditorTools.Mini119FarmHedgeCheck:Run () (at Assets/UpIzUpMini/Editor/Mini119FarmHedgeCheck.cs:69)

(Filename: Assets/UpIzUpMini/Editor/Mini119FarmHedgeCheck.cs Line: 63)

MINI-119 HEDGE CHECK: NPC NPC_Buyer at (-8.98, 8.23, -159.18) -> relX=-93.7, relY=-75.1, INSIDE HEDGE=False
UnityEngine.Debug:ExtractStackTraceNoAlloc (byte*,int,string)
UnityEngine.StackTraceUtility:ExtractStackTrace ()
UnityEngine.DebugLogHandler:Internal_Log (UnityEngine.LogType,UnityEngine.LogOption,string,UnityEngine.Object)
UnityEngine.DebugLogHandler:LogFormat (UnityEngine.LogType,UnityEngine.Object,string,object[])
UnityEngine.Logger:Log (UnityEngine.LogType,object)
UnityEngine.Debug:Log (object)
UpIzUpMini.EditorTools.Mini119FarmHedgeCheck:<Run>g__CheckPoint|3_1 (string,UnityEngine.Vector3,UpIzUpMini.EditorTools.Mini119FarmHedgeCheck/<>c__DisplayClass3_0&) (at Assets/UpIzUpMini/Editor/Mini119FarmHedgeCheck.cs:63)
UpIzUpMini.EditorTools.Mini119FarmHedgeCheck:Run () (at Assets/UpIzUpMini/Editor/Mini119FarmHedgeCheck.cs:69)

(Filename: Assets/UpIzUpMini/Editor/Mini119FarmHedgeCheck.cs Line: 63)

MINI-119 HEDGE CHECK: NPC NPC_LandOffice at (110.97, 6.41, -175.97) -> relX=21.4, relY=-37.3, INSIDE HEDGE=False
UnityEngine.Debug:ExtractStackTraceNoAlloc (byte*,int,string)
UnityEngine.StackTraceUtility:ExtractStackTrace ()
UnityEngine.DebugLogHandler:Internal_Log (UnityEngine.LogType,UnityEngine.LogOption,string,UnityEngine.Object)
UnityEngine.DebugLogHandler:LogFormat (UnityEngine.LogType,UnityEngine.Object,string,object[])
UnityEngine.Logger:Log (UnityEngine.LogType,object)
UnityEngine.Debug:Log (object)
UpIzUpMini.EditorTools.Mini119FarmHedgeCheck:<Run>g__CheckPoint|3_1 (string,UnityEngine.Vector3,UpIzUpMini.EditorTools.Mini119FarmHedgeCheck/<>c__DisplayClass3_0&) (at Assets/UpIzUpMini/Editor/Mini119FarmHedgeCheck.cs:63)
UpIzUpMini.EditorTools.Mini119FarmHedgeCheck:Run () (at Assets/UpIzUpMini/Editor/Mini119FarmHedgeCheck.cs:69)

(Filename: Assets/UpIzUpMini/Editor/Mini119FarmHedgeCheck.cs Line: 63)

MINI-119 HEDGE CHECK: NPC NPC_DogLife_0 at (-38.59, 8.72, -152.24) -> relX=-123.3, relY=-82.0, INSIDE HEDGE=False
UnityEngine.Debug:ExtractStackTraceNoAlloc (byte*,int,string)
UnityEngine.StackTraceUtility:ExtractStackTrace ()
UnityEngine.DebugLogHandler:Internal_Log (UnityEngine.LogType,UnityEngine.LogOption,string,UnityEngine.Object)
UnityEngine.DebugLogHandler:LogFormat (UnityEngine.LogType,UnityEngine.Object,string,object[])
UnityEngine.Logger:Log (UnityEngine.LogType,object)
UnityEngine.Debug:Log (object)
UpIzUpMini.EditorTools.Mini119FarmHedgeCheck:<Run>g__CheckPoint|3_1 (string,UnityEngine.Vector3,UpIzUpMini.EditorTools.Mini119FarmHedgeCheck/<>c__DisplayClass3_0&) (at Assets/UpIzUpMini/Editor/Mini119FarmHedgeCheck.cs:63)
UpIzUpMini.EditorTools.Mini119FarmHedgeCheck:Run () (at Assets/UpIzUpMini/Editor/Mini119FarmHedgeCheck.cs:69)

(Filename: Assets/UpIzUpMini/Editor/Mini119FarmHedgeCheck.cs Line: 63)

MINI-119 HEDGE CHECK:   NPC_DogLife_0 waypoint[0] at (136.45, 8.49, 36.25) -> relX=-49.4, relY=164.4, INSIDE HEDGE=False
UnityEngine.Debug:ExtractStackTraceNoAlloc (byte*,int,string)
UnityEngine.StackTraceUtility:ExtractStackTrace ()
UnityEngine.DebugLogHandler:Internal_Log (UnityEngine.LogType,UnityEngine.LogOption,string,UnityEngine.Object)
UnityEngine.DebugLogHandler:LogFormat (UnityEngine.LogType,UnityEngine.Object,string,object[])
UnityEngine.Logger:Log (UnityEngine.LogType,object)
UnityEngine.Debug:Log (object)
UpIzUpMini.EditorTools.Mini119FarmHedgeCheck:<Run>g__CheckPoint|3_1 (string,UnityEngine.Vector3,UpIzUpMini.EditorTools.Mini119FarmHedgeCheck/<>c__DisplayClass3_0&) (at Assets/UpIzUpMini/Editor/Mini119FarmHedgeCheck.cs:63)
UpIzUpMini.EditorTools.Mini119FarmHedgeCheck:Run () (at Assets/UpIzUpMini/Editor/Mini119FarmHedgeCheck.cs:77)

(Filename: Assets/UpIzUpMini/Editor/Mini119FarmHedgeCheck.cs Line: 63)

MINI-119 HEDGE CHECK:   NPC_DogLife_0 waypoint[1] at (136.52, 8.45, 33.39) -> relX=-48.1, relY=161.9, INSIDE HEDGE=False
UnityEngine.Debug:ExtractStackTraceNoAlloc (byte*,int,string)
UnityEngine.StackTraceUtility:ExtractStackTrace ()
UnityEngine.DebugLogHandler:Internal_Log (UnityEngine.LogType,UnityEngine.LogOption,string,UnityEngine.Object)
UnityEngine.DebugLogHandler:LogFormat (UnityEngine.LogType,UnityEngine.Object,string,object[])
UnityEngine.Logger:Log (UnityEngine.LogType,object)
UnityEngine.Debug:Log (object)
UpIzUpMini.EditorTools.Mini119FarmHedgeCheck:<Run>g__CheckPoint|3_1 (string,UnityEngine.Vector3,UpIzUpMini.EditorTools.Mini119FarmHedgeCheck/<>c__DisplayClass3_0&) (at Assets/UpIzUpMini/Editor/Mini119FarmHedgeCheck.cs:63)
UpIzUpMini.EditorTools.Mini119FarmHedgeCheck:Run () (at Assets/UpIzUpMini/Editor/Mini119FarmHedgeCheck.cs:77)

(Filename: Assets/UpIzUpMini/Editor/Mini119FarmHedgeCheck.cs Line: 63)

MINI-119 HEDGE CHECK: NPC NPC_Police at (-6.85, 8.24, -147.96) -> relX=-96.7, relY=-64.1, INSIDE HEDGE=False
UnityEngine.Debug:ExtractStackTraceNoAlloc (byte*,int,string)
UnityEngine.StackTraceUtility:ExtractStackTrace ()
UnityEngine.DebugLogHandler:Internal_Log (UnityEngine.LogType,UnityEngine.LogOption,string,UnityEngine.Object)
UnityEngine.DebugLogHandler:LogFormat (UnityEngine.LogType,UnityEngine.Object,string,object[])
UnityEngine.Logger:Log (UnityEngine.LogType,object)
UnityEngine.Debug:Log (object)
UpIzUpMini.EditorTools.Mini119FarmHedgeCheck:<Run>g__CheckPoint|3_1 (string,UnityEngine.Vector3,UpIzUpMini.EditorTools.Mini119FarmHedgeCheck/<>c__DisplayClass3_0&) (at Assets/UpIzUpMini/Editor/Mini119FarmHedgeCheck.cs:63)
UpIzUpMini.EditorTools.Mini119FarmHedgeCheck:Run () (at Assets/UpIzUpMini/Editor/Mini119FarmHedgeCheck.cs:69)

(Filename: Assets/UpIzUpMini/Editor/Mini119FarmHedgeCheck.cs Line: 63)

MINI-119 HEDGE CHECK: NPC NPC_Pharmacy at (82.97, 6.86, -157.65) -> relX=-11.9, relY=-33.2, INSIDE HEDGE=False
UnityEngine.Debug:ExtractStackTraceNoAlloc (byte*,int,string)
UnityEngine.StackTraceUtility:ExtractStackTrace ()
UnityEngine.DebugLogHandler:Internal_Log (UnityEngine.LogType,UnityEngine.LogOption,string,UnityEngine.Object)
UnityEngine.DebugLogHandler:LogFormat (UnityEngine.LogType,UnityEngine.Object,string,object[])
UnityEngine.Logger:Log (UnityEngine.LogType,object)
UnityEngine.Debug:Log (object)
UpIzUpMini.EditorTools.Mini119FarmHedgeCheck:<Run>g__CheckPoint|3_1 (string,UnityEngine.Vector3,UpIzUpMini.EditorTools.Mini119FarmHedgeCheck/<>c__DisplayClass3_0&) (at Assets/UpIzUpMini/Editor/Mini119FarmHedgeCheck.cs:63)
UpIzUpMini.EditorTools.Mini119FarmHedgeCheck:Run () (at Assets/UpIzUpMini/Editor/Mini119FarmHedgeCheck.cs:69)

(Filename: Assets/UpIzUpMini/Editor/Mini119FarmHedgeCheck.cs Line: 63)

MINI-119 HEDGE CHECK: NPC NPC_BoatMan at (221.97, 3.84, -181.00) -> relX=123.2, relY=7.2, INSIDE HEDGE=False
UnityEngine.Debug:ExtractStackTraceNoAlloc (byte*,int,string)
UnityEngine.StackTraceUtility:ExtractStackTrace ()
UnityEngine.DebugLogHandler:Internal_Log (UnityEngine.LogType,UnityEngine.LogOption,string,UnityEngine.Object)
UnityEngine.DebugLogHandler:LogFormat (UnityEngine.LogType,UnityEngine.Object,string,object[])
UnityEngine.Logger:Log (UnityEngine.LogType,object)
UnityEngine.Debug:Log (object)
UpIzUpMini.EditorTools.Mini119FarmHedgeCheck:<Run>g__CheckPoint|3_1 (string,UnityEngine.Vector3,UpIzUpMini.EditorTools.Mini119FarmHedgeCheck/<>c__DisplayClass3_0&) (at Assets/UpIzUpMini/Editor/Mini119FarmHedgeCheck.cs:63)
UpIzUpMini.EditorTools.Mini119FarmHedgeCheck:Run () (at Assets/UpIzUpMini/Editor/Mini119FarmHedgeCheck.cs:69)

(Filename: Assets/UpIzUpMini/Editor/Mini119FarmHedgeCheck.cs Line: 63)

MINI-119 HEDGE CHECK: NPC NPC_BlackMarket at (89.48, 6.02, -177.11) -> relX=2.6, relY=-47.8, INSIDE HEDGE=False
UnityEngine.Debug:ExtractStackTraceNoAlloc (byte*,int,string)
UnityEngine.StackTraceUtility:ExtractStackTrace ()
UnityEngine.DebugLogHandler:Internal_Log (UnityEngine.LogType,UnityEngine.LogOption,string,UnityEngine.Object)
UnityEngine.DebugLogHandler:LogFormat (UnityEngine.LogType,UnityEngine.Object,string,object[])
UnityEngine.Logger:Log (UnityEngine.LogType,object)
UnityEngine.Debug:Log (object)
UpIzUpMini.EditorTools.Mini119FarmHedgeCheck:<Run>g__CheckPoint|3_1 (string,UnityEngine.Vector3,UpIzUpMini.EditorTools.Mini119FarmHedgeCheck/<>c__DisplayClass3_0&) (at Assets/UpIzUpMini/Editor/Mini119FarmHedgeCheck.cs:63)
UpIzUpMini.EditorTools.Mini119FarmHedgeCheck:Run () (at Assets/UpIzUpMini/Editor/Mini119FarmHedgeCheck.cs:69)

(Filename: Assets/UpIzUpMini/Editor/Mini119FarmHedgeCheck.cs Line: 63)

MINI-119 HEDGE CHECK: NPC NPC_CarDealer at (149.30, 5.79, -180.35) -> relX=57.7, relY=-24.3, INSIDE HEDGE=False
UnityEngine.Debug:ExtractStackTraceNoAlloc (byte*,int,string)
UnityEngine.StackTraceUtility:ExtractStackTrace ()
UnityEngine.DebugLogHandler:Internal_Log (UnityEngine.LogType,UnityEngine.LogOption,string,UnityEngine.Object)
UnityEngine.DebugLogHandler:LogFormat (UnityEngine.LogType,UnityEngine.Object,string,object[])
UnityEngine.Logger:Log (UnityEngine.LogType,object)
UnityEngine.Debug:Log (object)
UpIzUpMini.EditorTools.Mini119FarmHedgeCheck:<Run>g__CheckPoint|3_1 (string,UnityEngine.Vector3,UpIzUpMini.EditorTools.Mini119FarmHedgeCheck/<>c__DisplayClass3_0&) (at Assets/UpIzUpMini/Editor/Mini119FarmHedgeCheck.cs:63)
UpIzUpMini.EditorTools.Mini119FarmHedgeCheck:Run () (at Assets/UpIzUpMini/Editor/Mini119FarmHedgeCheck.cs:69)

(Filename: Assets/UpIzUpMini/Editor/Mini119FarmHedgeCheck.cs Line: 63)

MINI-119 HEDGE CHECK: NPC NPC_Normy at (38.70, 7.55, -154.52) -> relX=-53.0, relY=-49.9, INSIDE HEDGE=False
UnityEngine.Debug:ExtractStackTraceNoAlloc (byte*,int,string)
UnityEngine.StackTraceUtility:ExtractStackTrace ()
UnityEngine.DebugLogHandler:Internal_Log (UnityEngine.LogType,UnityEngine.LogOption,string,UnityEngine.Object)
UnityEngine.DebugLogHandler:LogFormat (UnityEngine.LogType,UnityEngine.Object,string,object[])
UnityEngine.Logger:Log (UnityEngine.LogType,object)
UnityEngine.Debug:Log (object)
UpIzUpMini.EditorTools.Mini119FarmHedgeCheck:<Run>g__CheckPoint|3_1 (string,UnityEngine.Vector3,UpIzUpMini.EditorTools.Mini119FarmHedgeCheck/<>c__DisplayClass3_0&) (at Assets/UpIzUpMini/Editor/Mini119FarmHedgeCheck.cs:63)
UpIzUpMini.EditorTools.Mini119FarmHedgeCheck:Run () (at Assets/UpIzUpMini/Editor/Mini119FarmHedgeCheck.cs:69)

(Filename: Assets/UpIzUpMini/Editor/Mini119FarmHedgeCheck.cs Line: 63)

MINI-119 HEDGE CHECK:   NPC_Normy waypoint[0] at (29.70, 7.62, -153.06) -> relX=-61.7, relY=-52.6, INSIDE HEDGE=False
UnityEngine.Debug:ExtractStackTraceNoAlloc (byte*,int,string)
UnityEngine.StackTraceUtility:ExtractStackTrace ()
UnityEngine.DebugLogHandler:Internal_Log (UnityEngine.LogType,UnityEngine.LogOption,string,UnityEngine.Object)
UnityEngine.DebugLogHandler:LogFormat (UnityEngine.LogType,UnityEngine.Object,string,object[])
UnityEngine.Logger:Log (UnityEngine.LogType,object)
UnityEngine.Debug:Log (object)
UpIzUpMini.EditorTools.Mini119FarmHedgeCheck:<Run>g__CheckPoint|3_1 (string,UnityEngine.Vector3,UpIzUpMini.EditorTools.Mini119FarmHedgeCheck/<>c__DisplayClass3_0&) (at Assets/UpIzUpMini/Editor/Mini119FarmHedgeCheck.cs:63)
UpIzUpMini.EditorTools.Mini119FarmHedgeCheck:Run () (at Assets/UpIzUpMini/Editor/Mini119FarmHedgeCheck.cs:77)

(Filename: Assets/UpIzUpMini/Editor/Mini119FarmHedgeCheck.cs Line: 63)

MINI-119 HEDGE CHECK:   NPC_Normy waypoint[1] at (47.55, 7.35, -155.93) -> relX=-44.4, relY=-47.3, INSIDE HEDGE=False
UnityEngine.Debug:ExtractStackTraceNoAlloc (byte*,int,string)
UnityEngine.StackTraceUtility:ExtractStackTrace ()
UnityEngine.DebugLogHandler:Internal_Log (UnityEngine.LogType,UnityEngine.LogOption,string,UnityEngine.Object)
UnityEngine.DebugLogHandler:LogFormat (UnityEngine.LogType,UnityEngine.Object,string,object[])
UnityEngine.Logger:Log (UnityEngine.LogType,object)
UnityEngine.Debug:Log (object)
UpIzUpMini.EditorTools.Mini119FarmHedgeCheck:<Run>g__CheckPoint|3_1 (string,UnityEngine.Vector3,UpIzUpMini.EditorTools.Mini119FarmHedgeCheck/<>c__DisplayClass3_0&) (at Assets/UpIzUpMini/Editor/Mini119FarmHedgeCheck.cs:63)
UpIzUpMini.EditorTools.Mini119FarmHedgeCheck:Run () (at Assets/UpIzUpMini/Editor/Mini119FarmHedgeCheck.cs:77)

(Filename: Assets/UpIzUpMini/Editor/Mini119FarmHedgeCheck.cs Line: 63)

MINI-119 HEDGE CHECK: NPC NPC_DogLife_2 at (-30.59, 8.58, -153.34) -> relX=-115.7, relY=-79.4, INSIDE HEDGE=False
UnityEngine.Debug:ExtractStackTraceNoAlloc (byte*,int,string)
UnityEngine.StackTraceUtility:ExtractStackTrace ()
UnityEngine.DebugLogHandler:Internal_Log (UnityEngine.LogType,UnityEngine.LogOption,string,UnityEngine.Object)
UnityEngine.DebugLogHandler:LogFormat (UnityEngine.LogType,UnityEngine.Object,string,object[])
UnityEngine.Logger:Log (UnityEngine.LogType,object)
UnityEngine.Debug:Log (object)
UpIzUpMini.EditorTools.Mini119FarmHedgeCheck:<Run>g__CheckPoint|3_1 (string,UnityEngine.Vector3,UpIzUpMini.EditorTools.Mini119FarmHedgeCheck/<>c__DisplayClass3_0&) (at Assets/UpIzUpMini/Editor/Mini119FarmHedgeCheck.cs:63)
UpIzUpMini.EditorTools.Mini119FarmHedgeCheck:Run () (at Assets/UpIzUpMini/Editor/Mini119FarmHedgeCheck.cs:69)

(Filename: Assets/UpIzUpMini/Editor/Mini119FarmHedgeCheck.cs Line: 63)

MINI-119 HEDGE CHECK:   NPC_DogLife_2 waypoint[0] at (129.45, 8.65, 36.25) -> relX=-55.7, relY=161.3, INSIDE HEDGE=False
UnityEngine.Debug:ExtractStackTraceNoAlloc (byte*,int,string)
UnityEngine.StackTraceUtility:ExtractStackTrace ()
UnityEngine.DebugLogHandler:Internal_Log (UnityEngine.LogType,UnityEngine.LogOption,string,UnityEngine.Object)
UnityEngine.DebugLogHandler:LogFormat (UnityEngine.LogType,UnityEngine.Object,string,object[])
UnityEngine.Logger:Log (UnityEngine.LogType,object)
UnityEngine.Debug:Log (object)
UpIzUpMini.EditorTools.Mini119FarmHedgeCheck:<Run>g__CheckPoint|3_1 (string,UnityEngine.Vector3,UpIzUpMini.EditorTools.Mini119FarmHedgeCheck/<>c__DisplayClass3_0&) (at Assets/UpIzUpMini/Editor/Mini119FarmHedgeCheck.cs:63)
UpIzUpMini.EditorTools.Mini119FarmHedgeCheck:Run () (at Assets/UpIzUpMini/Editor/Mini119FarmHedgeCheck.cs:77)

(Filename: Assets/UpIzUpMini/Editor/Mini119FarmHedgeCheck.cs Line: 63)

MINI-119 HEDGE CHECK:   NPC_DogLife_2 waypoint[1] at (127.42, 8.70, 36.91) -> relX=-57.8, relY=161.0, INSIDE HEDGE=False
UnityEngine.Debug:ExtractStackTraceNoAlloc (byte*,int,string)
UnityEngine.StackTraceUtility:ExtractStackTrace ()
UnityEngine.DebugLogHandler:Internal_Log (UnityEngine.LogType,UnityEngine.LogOption,string,UnityEngine.Object)
UnityEngine.DebugLogHandler:LogFormat (UnityEngine.LogType,UnityEngine.Object,string,object[])
UnityEngine.Logger:Log (UnityEngine.LogType,object)
UnityEngine.Debug:Log (object)
UpIzUpMini.EditorTools.Mini119FarmHedgeCheck:<Run>g__CheckPoint|3_1 (string,UnityEngine.Vector3,UpIzUpMini.EditorTools.Mini119FarmHedgeCheck/<>c__DisplayClass3_0&) (at Assets/UpIzUpMini/Editor/Mini119FarmHedgeCheck.cs:63)
UpIzUpMini.EditorTools.Mini119FarmHedgeCheck:Run () (at Assets/UpIzUpMini/Editor/Mini119FarmHedgeCheck.cs:77)

(Filename: Assets/UpIzUpMini/Editor/Mini119FarmHedgeCheck.cs Line: 63)

MINI-119 HEDGE CHECK: NPC NPC_RastaMentor at (108.07, 5.04, -143.98) -> relX=4.6, relY=-9.8, INSIDE HEDGE=False
UnityEngine.Debug:ExtractStackTraceNoAlloc (byte*,int,string)
UnityEngine.StackTraceUtility:ExtractStackTrace ()
UnityEngine.DebugLogHandler:Internal_Log (UnityEngine.LogType,UnityEngine.LogOption,string,UnityEngine.Object)
UnityEngine.DebugLogHandler:LogFormat (UnityEngine.LogType,UnityEngine.Object,string,object[])
UnityEngine.Logger:Log (UnityEngine.LogType,object)
UnityEngine.Debug:Log (object)
UpIzUpMini.EditorTools.Mini119FarmHedgeCheck:<Run>g__CheckPoint|3_1 (string,UnityEngine.Vector3,UpIzUpMini.EditorTools.Mini119FarmHedgeCheck/<>c__DisplayClass3_0&) (at Assets/UpIzUpMini/Editor/Mini119FarmHedgeCheck.cs:63)
UpIzUpMini.EditorTools.Mini119FarmHedgeCheck:Run () (at Assets/UpIzUpMini/Editor/Mini119FarmHedgeCheck.cs:69)

(Filename: Assets/UpIzUpMini/Editor/Mini119FarmHedgeCheck.cs Line: 63)

MINI-119 HEDGE CHECK: NPC NPC_Brakes at (202.11, 4.99, -179.61) -> relX=104.7, relY=-0.3, INSIDE HEDGE=False
UnityEngine.Debug:ExtractStackTraceNoAlloc (byte*,int,string)
UnityEngine.StackTraceUtility:ExtractStackTrace ()
UnityEngine.DebugLogHandler:Internal_Log (UnityEngine.LogType,UnityEngine.LogOption,string,UnityEngine.Object)
UnityEngine.DebugLogHandler:LogFormat (UnityEngine.LogType,UnityEngine.Object,string,object[])
UnityEngine.Logger:Log (UnityEngine.LogType,object)
UnityEngine.Debug:Log (object)
UpIzUpMini.EditorTools.Mini119FarmHedgeCheck:<Run>g__CheckPoint|3_1 (string,UnityEngine.Vector3,UpIzUpMini.EditorTools.Mini119FarmHedgeCheck/<>c__DisplayClass3_0&) (at Assets/UpIzUpMini/Editor/Mini119FarmHedgeCheck.cs:63)
UpIzUpMini.EditorTools.Mini119FarmHedgeCheck:Run () (at Assets/UpIzUpMini/Editor/Mini119FarmHedgeCheck.cs:69)

(Filename: Assets/UpIzUpMini/Editor/Mini119FarmHedgeCheck.cs Line: 63)

MINI-119 HEDGE CHECK: NPC NPC_Villager_LalayMarket at (-6.00, 7.42, -140.00) -> relX=-99.5, relY=-56.6, INSIDE HEDGE=False
UnityEngine.Debug:ExtractStackTraceNoAlloc (byte*,int,string)
UnityEngine.StackTraceUtility:ExtractStackTrace ()
UnityEngine.DebugLogHandler:Internal_Log (UnityEngine.LogType,UnityEngine.LogOption,string,UnityEngine.Object)
UnityEngine.DebugLogHandler:LogFormat (UnityEngine.LogType,UnityEngine.Object,string,object[])
UnityEngine.Logger:Log (UnityEngine.LogType,object)
UnityEngine.Debug:Log (object)
UpIzUpMini.EditorTools.Mini119FarmHedgeCheck:<Run>g__CheckPoint|3_1 (string,UnityEngine.Vector3,UpIzUpMini.EditorTools.Mini119FarmHedgeCheck/<>c__DisplayClass3_0&) (at Assets/UpIzUpMini/Editor/Mini119FarmHedgeCheck.cs:63)
UpIzUpMini.EditorTools.Mini119FarmHedgeCheck:Run () (at Assets/UpIzUpMini/Editor/Mini119FarmHedgeCheck.cs:69)

(Filename: Assets/UpIzUpMini/Editor/Mini119FarmHedgeCheck.cs Line: 63)

MINI-119 HEDGE CHECK:   NPC_Villager_LalayMarket waypoint[0] at (2.99, 7.28, -139.55) -> relX=-91.6, relY=-52.2, INSIDE HEDGE=False
UnityEngine.Debug:ExtractStackTraceNoAlloc (byte*,int,string)
UnityEngine.StackTraceUtility:ExtractStackTrace ()
UnityEngine.DebugLogHandler:Internal_Log (UnityEngine.LogType,UnityEngine.LogOption,string,UnityEngine.Object)
UnityEngine.DebugLogHandler:LogFormat (UnityEngine.LogType,UnityEngine.Object,string,object[])
UnityEngine.Logger:Log (UnityEngine.LogType,object)
UnityEngine.Debug:Log (object)
UpIzUpMini.EditorTools.Mini119FarmHedgeCheck:<Run>g__CheckPoint|3_1 (string,UnityEngine.Vector3,UpIzUpMini.EditorTools.Mini119FarmHedgeCheck/<>c__DisplayClass3_0&) (at Assets/UpIzUpMini/Editor/Mini119FarmHedgeCheck.cs:63)
UpIzUpMini.EditorTools.Mini119FarmHedgeCheck:Run () (at Assets/UpIzUpMini/Editor/Mini119FarmHedgeCheck.cs:77)

(Filename: Assets/UpIzUpMini/Editor/Mini119FarmHedgeCheck.cs Line: 63)

MINI-119 HEDGE CHECK:   NPC_Villager_LalayMarket waypoint[1] at (-14.99, 11.29, -140.45) -> relX=-107.4, relY=-61.0, INSIDE HEDGE=False
UnityEngine.Debug:ExtractStackTraceNoAlloc (byte*,int,string)
UnityEngine.StackTraceUtility:ExtractStackTrace ()
UnityEngine.DebugLogHandler:Internal_Log (UnityEngine.LogType,UnityEngine.LogOption,string,UnityEngine.Object)
UnityEngine.DebugLogHandler:LogFormat (UnityEngine.LogType,UnityEngine.Object,string,object[])
UnityEngine.Logger:Log (UnityEngine.LogType,object)
UnityEngine.Debug:Log (object)
UpIzUpMini.EditorTools.Mini119FarmHedgeCheck:<Run>g__CheckPoint|3_1 (string,UnityEngine.Vector3,UpIzUpMini.EditorTools.Mini119FarmHedgeCheck/<>c__DisplayClass3_0&) (at Assets/UpIzUpMini/Editor/Mini119FarmHedgeCheck.cs:63)
UpIzUpMini.EditorTools.Mini119FarmHedgeCheck:Run () (at Assets/UpIzUpMini/Editor/Mini119FarmHedgeCheck.cs:77)

(Filename: Assets/UpIzUpMini/Editor/Mini119FarmHedgeCheck.cs Line: 63)

MINI-119 HEDGE CHECK: NPC NPC_BossJ at (116.62, 6.40, -165.17) -> relX=21.7, relY=-25.1, INSIDE HEDGE=False
UnityEngine.Debug:ExtractStackTraceNoAlloc (byte*,int,string)
UnityEngine.StackTraceUtility:ExtractStackTrace ()
UnityEngine.DebugLogHandler:Internal_Log (UnityEngine.LogType,UnityEngine.LogOption,string,UnityEngine.Object)
UnityEngine.DebugLogHandler:LogFormat (UnityEngine.LogType,UnityEngine.Object,string,object[])
UnityEngine.Logger:Log (UnityEngine.LogType,object)
UnityEngine.Debug:Log (object)
UpIzUpMini.EditorTools.Mini119FarmHedgeCheck:<Run>g__CheckPoint|3_1 (string,UnityEngine.Vector3,UpIzUpMini.EditorTools.Mini119FarmHedgeCheck/<>c__DisplayClass3_0&) (at Assets/UpIzUpMini/Editor/Mini119FarmHedgeCheck.cs:63)
UpIzUpMini.EditorTools.Mini119FarmHedgeCheck:Run () (at Assets/UpIzUpMini/Editor/Mini119FarmHedgeCheck.cs:69)

(Filename: Assets/UpIzUpMini/Editor/Mini119FarmHedgeCheck.cs Line: 63)

MINI-119 HEDGE CHECK:   NPC_BossJ waypoint[0] at (107.58, 6.44, -163.92) -> relX=13.0, relY=-28.0, INSIDE HEDGE=False
UnityEngine.Debug:ExtractStackTraceNoAlloc (byte*,int,string)
UnityEngine.StackTraceUtility:ExtractStackTrace ()
UnityEngine.DebugLogHandler:Internal_Log (UnityEngine.LogType,UnityEngine.LogOption,string,UnityEngine.Object)
UnityEngine.DebugLogHandler:LogFormat (UnityEngine.LogType,UnityEngine.Object,string,object[])
UnityEngine.Logger:Log (UnityEngine.LogType,object)
UnityEngine.Debug:Log (object)
UpIzUpMini.EditorTools.Mini119FarmHedgeCheck:<Run>g__CheckPoint|3_1 (string,UnityEngine.Vector3,UpIzUpMini.EditorTools.Mini119FarmHedgeCheck/<>c__DisplayClass3_0&) (at Assets/UpIzUpMini/Editor/Mini119FarmHedgeCheck.cs:63)
UpIzUpMini.EditorTools.Mini119FarmHedgeCheck:Run () (at Assets/UpIzUpMini/Editor/Mini119FarmHedgeCheck.cs:77)

(Filename: Assets/UpIzUpMini/Editor/Mini119FarmHedgeCheck.cs Line: 63)

MINI-119 HEDGE CHECK:   NPC_BossJ waypoint[1] at (125.62, 6.17, -166.51) -> relX=30.3, relY=-22.3, INSIDE HEDGE=False
UnityEngine.Debug:ExtractStackTraceNoAlloc (byte*,int,string)
UnityEngine.StackTraceUtility:ExtractStackTrace ()
UnityEngine.DebugLogHandler:Internal_Log (UnityEngine.LogType,UnityEngine.LogOption,string,UnityEngine.Object)
UnityEngine.DebugLogHandler:LogFormat (UnityEngine.LogType,UnityEngine.Object,string,object[])
UnityEngine.Logger:Log (UnityEngine.LogType,object)
UnityEngine.Debug:Log (object)
UpIzUpMini.EditorTools.Mini119FarmHedgeCheck:<Run>g__CheckPoint|3_1 (string,UnityEngine.Vector3,UpIzUpMini.EditorTools.Mini119FarmHedgeCheck/<>c__DisplayClass3_0&) (at Assets/UpIzUpMini/Editor/Mini119FarmHedgeCheck.cs:63)
UpIzUpMini.EditorTools.Mini119FarmHedgeCheck:Run () (at Assets/UpIzUpMini/Editor/Mini119FarmHedgeCheck.cs:77)

(Filename: Assets/UpIzUpMini/Editor/Mini119FarmHedgeCheck.cs Line: 63)

MINI-119 HEDGE CHECK: NPC NPC_DogLife_3 at (-26.59, 8.54, -153.89) -> relX=-111.8, relY=-78.2, INSIDE HEDGE=False
UnityEngine.Debug:ExtractStackTraceNoAlloc (byte*,int,string)
UnityEngine.StackTraceUtility:ExtractStackTrace ()
UnityEngine.DebugLogHandler:Internal_Log (UnityEngine.LogType,UnityEngine.LogOption,string,UnityEngine.Object)
UnityEngine.DebugLogHandler:LogFormat (UnityEngine.LogType,UnityEngine.Object,string,object[])
UnityEngine.Logger:Log (UnityEngine.LogType,object)
UnityEngine.Debug:Log (object)
UpIzUpMini.EditorTools.Mini119FarmHedgeCheck:<Run>g__CheckPoint|3_1 (string,UnityEngine.Vector3,UpIzUpMini.EditorTools.Mini119FarmHedgeCheck/<>c__DisplayClass3_0&) (at Assets/UpIzUpMini/Editor/Mini119FarmHedgeCheck.cs:63)
UpIzUpMini.EditorTools.Mini119FarmHedgeCheck:Run () (at Assets/UpIzUpMini/Editor/Mini119FarmHedgeCheck.cs:69)

(Filename: Assets/UpIzUpMini/Editor/Mini119FarmHedgeCheck.cs Line: 63)

MINI-119 HEDGE CHECK:   NPC_DogLife_3 waypoint[0] at (132.95, 8.51, 32.75) -> relX=-51.0, relY=159.7, INSIDE HEDGE=False
UnityEngine.Debug:ExtractStackTraceNoAlloc (byte*,int,string)
UnityEngine.StackTraceUtility:ExtractStackTrace ()
UnityEngine.DebugLogHandler:Internal_Log (UnityEngine.LogType,UnityEngine.LogOption,string,UnityEngine.Object)
UnityEngine.DebugLogHandler:LogFormat (UnityEngine.LogType,UnityEngine.Object,string,object[])
UnityEngine.Logger:Log (UnityEngine.LogType,object)
UnityEngine.Debug:Log (object)
UpIzUpMini.EditorTools.Mini119FarmHedgeCheck:<Run>g__CheckPoint|3_1 (string,UnityEngine.Vector3,UpIzUpMini.EditorTools.Mini119FarmHedgeCheck/<>c__DisplayClass3_0&) (at Assets/UpIzUpMini/Editor/Mini119FarmHedgeCheck.cs:63)
UpIzUpMini.EditorTools.Mini119FarmHedgeCheck:Run () (at Assets/UpIzUpMini/Editor/Mini119FarmHedgeCheck.cs:77)

(Filename: Assets/UpIzUpMini/Editor/Mini119FarmHedgeCheck.cs Line: 63)

MINI-119 HEDGE CHECK:   NPC_DogLife_3 waypoint[1] at (133.72, 8.45, 30.29) -> relX=-49.3, relY=157.9, INSIDE HEDGE=False
UnityEngine.Debug:ExtractStackTraceNoAlloc (byte*,int,string)
UnityEngine.StackTraceUtility:ExtractStackTrace ()
UnityEngine.DebugLogHandler:Internal_Log (UnityEngine.LogType,UnityEngine.LogOption,string,UnityEngine.Object)
UnityEngine.DebugLogHandler:LogFormat (UnityEngine.LogType,UnityEngine.Object,string,object[])
UnityEngine.Logger:Log (UnityEngine.LogType,object)
UnityEngine.Debug:Log (object)
UpIzUpMini.EditorTools.Mini119FarmHedgeCheck:<Run>g__CheckPoint|3_1 (string,UnityEngine.Vector3,UpIzUpMini.EditorTools.Mini119FarmHedgeCheck/<>c__DisplayClass3_0&) (at Assets/UpIzUpMini/Editor/Mini119FarmHedgeCheck.cs:63)
UpIzUpMini.EditorTools.Mini119FarmHedgeCheck:Run () (at Assets/UpIzUpMini/Editor/Mini119FarmHedgeCheck.cs:77)

(Filename: Assets/UpIzUpMini/Editor/Mini119FarmHedgeCheck.cs Line: 63)

MINI-119 HEDGE CHECK: NPC NPC_PoliceShops at (66.86, 7.11, -167.03) -> relX=-22.2, relY=-48.7, INSIDE HEDGE=False
UnityEngine.Debug:ExtractStackTraceNoAlloc (byte*,int,string)
UnityEngine.StackTraceUtility:ExtractStackTrace ()
UnityEngine.DebugLogHandler:Internal_Log (UnityEngine.LogType,UnityEngine.LogOption,string,UnityEngine.Object)
UnityEngine.DebugLogHandler:LogFormat (UnityEngine.LogType,UnityEngine.Object,string,object[])
UnityEngine.Logger:Log (UnityEngine.LogType,object)
UnityEngine.Debug:Log (object)
UpIzUpMini.EditorTools.Mini119FarmHedgeCheck:<Run>g__CheckPoint|3_1 (string,UnityEngine.Vector3,UpIzUpMini.EditorTools.Mini119FarmHedgeCheck/<>c__DisplayClass3_0&) (at Assets/UpIzUpMini/Editor/Mini119FarmHedgeCheck.cs:63)
UpIzUpMini.EditorTools.Mini119FarmHedgeCheck:Run () (at Assets/UpIzUpMini/Editor/Mini119FarmHedgeCheck.cs:69)

(Filename: Assets/UpIzUpMini/Editor/Mini119FarmHedgeCheck.cs Line: 63)

MINI-119 HEDGE CHECK: NPC NPC_Villager_HighlandFarm at (102.96, 4.99, -143.86) -> relX=0.0, relY=-12.0, INSIDE HEDGE=False
UnityEngine.Debug:ExtractStackTraceNoAlloc (byte*,int,string)
UnityEngine.StackTraceUtility:ExtractStackTrace ()
UnityEngine.DebugLogHandler:Internal_Log (UnityEngine.LogType,UnityEngine.LogOption,string,UnityEngine.Object)
UnityEngine.DebugLogHandler:LogFormat (UnityEngine.LogType,UnityEngine.Object,string,object[])
UnityEngine.Logger:Log (UnityEngine.LogType,object)
UnityEngine.Debug:Log (object)
UpIzUpMini.EditorTools.Mini119FarmHedgeCheck:<Run>g__CheckPoint|3_1 (string,UnityEngine.Vector3,UpIzUpMini.EditorTools.Mini119FarmHedgeCheck/<>c__DisplayClass3_0&) (at Assets/UpIzUpMini/Editor/Mini119FarmHedgeCheck.cs:63)
UpIzUpMini.EditorTools.Mini119FarmHedgeCheck:Run () (at Assets/UpIzUpMini/Editor/Mini119FarmHedgeCheck.cs:69)

(Filename: Assets/UpIzUpMini/Editor/Mini119FarmHedgeCheck.cs Line: 63)

MINI-119 HEDGE CHECK:   NPC_Villager_HighlandFarm waypoint[0] at (110.14, 5.01, -147.40) -> relX=8.0, relY=-12.0, INSIDE HEDGE=False
UnityEngine.Debug:ExtractStackTraceNoAlloc (byte*,int,string)
UnityEngine.StackTraceUtility:ExtractStackTrace ()
UnityEngine.DebugLogHandler:Internal_Log (UnityEngine.LogType,UnityEngine.LogOption,string,UnityEngine.Object)
UnityEngine.DebugLogHandler:LogFormat (UnityEngine.LogType,UnityEngine.Object,string,object[])
UnityEngine.Logger:Log (UnityEngine.LogType,object)
UnityEngine.Debug:Log (object)
UpIzUpMini.EditorTools.Mini119FarmHedgeCheck:<Run>g__CheckPoint|3_1 (string,UnityEngine.Vector3,UpIzUpMini.EditorTools.Mini119FarmHedgeCheck/<>c__DisplayClass3_0&) (at Assets/UpIzUpMini/Editor/Mini119FarmHedgeCheck.cs:63)
UpIzUpMini.EditorTools.Mini119FarmHedgeCheck:Run () (at Assets/UpIzUpMini/Editor/Mini119FarmHedgeCheck.cs:77)

(Filename: Assets/UpIzUpMini/Editor/Mini119FarmHedgeCheck.cs Line: 63)

MINI-119 HEDGE CHECK:   NPC_Villager_HighlandFarm waypoint[1] at (95.78, 4.99, -140.33) -> relX=-8.0, relY=-12.0, INSIDE HEDGE=False
UnityEngine.Debug:ExtractStackTraceNoAlloc (byte*,int,string)
UnityEngine.StackTraceUtility:ExtractStackTrace ()
UnityEngine.DebugLogHandler:Internal_Log (UnityEngine.LogType,UnityEngine.LogOption,string,UnityEngine.Object)
UnityEngine.DebugLogHandler:LogFormat (UnityEngine.LogType,UnityEngine.Object,string,object[])
UnityEngine.Logger:Log (UnityEngine.LogType,object)
UnityEngine.Debug:Log (object)
UpIzUpMini.EditorTools.Mini119FarmHedgeCheck:<Run>g__CheckPoint|3_1 (string,UnityEngine.Vector3,UpIzUpMini.EditorTools.Mini119FarmHedgeCheck/<>c__DisplayClass3_0&) (at Assets/UpIzUpMini/Editor/Mini119FarmHedgeCheck.cs:63)
UpIzUpMini.EditorTools.Mini119FarmHedgeCheck:Run () (at Assets/UpIzUpMini/Editor/Mini119FarmHedgeCheck.cs:77)

(Filename: Assets/UpIzUpMini/Editor/Mini119FarmHedgeCheck.cs Line: 63)

MINI-119 HEDGE CHECK: NPC NPC_DogLife_1 at (-34.59, 8.67, -152.79) -> relX=-119.5, relY=-80.7, INSIDE HEDGE=False
UnityEngine.Debug:ExtractStackTraceNoAlloc (byte*,int,string)
UnityEngine.StackTraceUtility:ExtractStackTrace ()
UnityEngine.DebugLogHandler:Internal_Log (UnityEngine.LogType,UnityEngine.LogOption,string,UnityEngine.Object)
UnityEngine.DebugLogHandler:LogFormat (UnityEngine.LogType,UnityEngine.Object,string,object[])
UnityEngine.Logger:Log (UnityEngine.LogType,object)
UnityEngine.Debug:Log (object)
UpIzUpMini.EditorTools.Mini119FarmHedgeCheck:<Run>g__CheckPoint|3_1 (string,UnityEngine.Vector3,UpIzUpMini.EditorTools.Mini119FarmHedgeCheck/<>c__DisplayClass3_0&) (at Assets/UpIzUpMini/Editor/Mini119FarmHedgeCheck.cs:63)
UpIzUpMini.EditorTools.Mini119FarmHedgeCheck:Run () (at Assets/UpIzUpMini/Editor/Mini119FarmHedgeCheck.cs:69)

(Filename: Assets/UpIzUpMini/Editor/Mini119FarmHedgeCheck.cs Line: 63)

MINI-119 HEDGE CHECK:   NPC_DogLife_1 waypoint[0] at (132.95, 8.60, 39.75) -> relX=-54.1, relY=166.0, INSIDE HEDGE=False
UnityEngine.Debug:ExtractStackTraceNoAlloc (byte*,int,string)
UnityEngine.StackTraceUtility:ExtractStackTrace ()
UnityEngine.DebugLogHandler:Internal_Log (UnityEngine.LogType,UnityEngine.LogOption,string,UnityEngine.Object)
UnityEngine.DebugLogHandler:LogFormat (UnityEngine.LogType,UnityEngine.Object,string,object[])
UnityEngine.Logger:Log (UnityEngine.LogType,object)
UnityEngine.Debug:Log (object)
UpIzUpMini.EditorTools.Mini119FarmHedgeCheck:<Run>g__CheckPoint|3_1 (string,UnityEngine.Vector3,UpIzUpMini.EditorTools.Mini119FarmHedgeCheck/<>c__DisplayClass3_0&) (at Assets/UpIzUpMini/Editor/Mini119FarmHedgeCheck.cs:63)
UpIzUpMini.EditorTools.Mini119FarmHedgeCheck:Run () (at Assets/UpIzUpMini/Editor/Mini119FarmHedgeCheck.cs:77)

(Filename: Assets/UpIzUpMini/Editor/Mini119FarmHedgeCheck.cs Line: 63)

MINI-119 HEDGE CHECK:   NPC_DogLife_1 waypoint[1] at (134.31, 8.56, 40.76) -> relX=-53.3, relY=167.5, INSIDE HEDGE=False
UnityEngine.Debug:ExtractStackTraceNoAlloc (byte*,int,string)
UnityEngine.StackTraceUtility:ExtractStackTrace ()
UnityEngine.DebugLogHandler:Internal_Log (UnityEngine.LogType,UnityEngine.LogOption,string,UnityEngine.Object)
UnityEngine.DebugLogHandler:LogFormat (UnityEngine.LogType,UnityEngine.Object,string,object[])
UnityEngine.Logger:Log (UnityEngine.LogType,object)
UnityEngine.Debug:Log (object)
UpIzUpMini.EditorTools.Mini119FarmHedgeCheck:<Run>g__CheckPoint|3_1 (string,UnityEngine.Vector3,UpIzUpMini.EditorTools.Mini119FarmHedgeCheck/<>c__DisplayClass3_0&) (at Assets/UpIzUpMini/Editor/Mini119FarmHedgeCheck.cs:63)
UpIzUpMini.EditorTools.Mini119FarmHedgeCheck:Run () (at Assets/UpIzUpMini/Editor/Mini119FarmHedgeCheck.cs:77)

(Filename: Assets/UpIzUpMini/Editor/Mini119FarmHedgeCheck.cs Line: 63)

MINI-119 HEDGE CHECK: NPC NPC_Villager_LalayWest at (-52.00, 12.85, -152.50) -> relX=-135.2, relY=-88.1, INSIDE HEDGE=False
UnityEngine.Debug:ExtractStackTraceNoAlloc (byte*,int,string)
UnityEngine.StackTraceUtility:ExtractStackTrace ()
UnityEngine.DebugLogHandler:Internal_Log (UnityEngine.LogType,UnityEngine.LogOption,string,UnityEngine.Object)
UnityEngine.DebugLogHandler:LogFormat (UnityEngine.LogType,UnityEngine.Object,string,object[])
UnityEngine.Logger:Log (UnityEngine.LogType,object)
UnityEngine.Debug:Log (object)
UpIzUpMini.EditorTools.Mini119FarmHedgeCheck:<Run>g__CheckPoint|3_1 (string,UnityEngine.Vector3,UpIzUpMini.EditorTools.Mini119FarmHedgeCheck/<>c__DisplayClass3_0&) (at Assets/UpIzUpMini/Editor/Mini119FarmHedgeCheck.cs:63)
UpIzUpMini.EditorTools.Mini119FarmHedgeCheck:Run () (at Assets/UpIzUpMini/Editor/Mini119FarmHedgeCheck.cs:69)

(Filename: Assets/UpIzUpMini/Editor/Mini119FarmHedgeCheck.cs Line: 63)

MINI-119 HEDGE CHECK:   NPC_Villager_LalayWest waypoint[0] at (-43.01, 12.65, -152.05) -> relX=-127.4, relY=-83.8, INSIDE HEDGE=False
UnityEngine.Debug:ExtractStackTraceNoAlloc (byte*,int,string)
UnityEngine.StackTraceUtility:ExtractStackTrace ()
UnityEngine.DebugLogHandler:Internal_Log (UnityEngine.LogType,UnityEngine.LogOption,string,UnityEngine.Object)
UnityEngine.DebugLogHandler:LogFormat (UnityEngine.LogType,UnityEngine.Object,string,object[])
UnityEngine.Logger:Log (UnityEngine.LogType,object)
UnityEngine.Debug:Log (object)
UpIzUpMini.EditorTools.Mini119FarmHedgeCheck:<Run>g__CheckPoint|3_1 (string,UnityEngine.Vector3,UpIzUpMini.EditorTools.Mini119FarmHedgeCheck/<>c__DisplayClass3_0&) (at Assets/UpIzUpMini/Editor/Mini119FarmHedgeCheck.cs:63)
UpIzUpMini.EditorTools.Mini119FarmHedgeCheck:Run () (at Assets/UpIzUpMini/Editor/Mini119FarmHedgeCheck.cs:77)

(Filename: Assets/UpIzUpMini/Editor/Mini119FarmHedgeCheck.cs Line: 63)

MINI-119 HEDGE CHECK:   NPC_Villager_LalayWest waypoint[1] at (-60.99, 11.95, -152.95) -> relX=-143.1, relY=-92.5, INSIDE HEDGE=False
UnityEngine.Debug:ExtractStackTraceNoAlloc (byte*,int,string)
UnityEngine.StackTraceUtility:ExtractStackTrace ()
UnityEngine.DebugLogHandler:Internal_Log (UnityEngine.LogType,UnityEngine.LogOption,string,UnityEngine.Object)
UnityEngine.DebugLogHandler:LogFormat (UnityEngine.LogType,UnityEngine.Object,string,object[])
UnityEngine.Logger:Log (UnityEngine.LogType,object)
UnityEngine.Debug:Log (object)
UpIzUpMini.EditorTools.Mini119FarmHedgeCheck:<Run>g__CheckPoint|3_1 (string,UnityEngine.Vector3,UpIzUpMini.EditorTools.Mini119FarmHedgeCheck/<>c__DisplayClass3_0&) (at Assets/UpIzUpMini/Editor/Mini119FarmHedgeCheck.cs:63)
UpIzUpMini.EditorTools.Mini119FarmHedgeCheck:Run () (at Assets/UpIzUpMini/Editor/Mini119FarmHedgeCheck.cs:77)

(Filename: Assets/UpIzUpMini/Editor/Mini119FarmHedgeCheck.cs Line: 63)

MINI-119 HEDGE CHECK: NPC NPC_Villager at (17.41, 7.87, -159.95) -> relX=-69.7, relY=-64.2, INSIDE HEDGE=False
UnityEngine.Debug:ExtractStackTraceNoAlloc (byte*,int,string)
UnityEngine.StackTraceUtility:ExtractStackTrace ()
UnityEngine.DebugLogHandler:Internal_Log (UnityEngine.LogType,UnityEngine.LogOption,string,UnityEngine.Object)
UnityEngine.DebugLogHandler:LogFormat (UnityEngine.LogType,UnityEngine.Object,string,object[])
UnityEngine.Logger:Log (UnityEngine.LogType,object)
UnityEngine.Debug:Log (object)
UpIzUpMini.EditorTools.Mini119FarmHedgeCheck:<Run>g__CheckPoint|3_1 (string,UnityEngine.Vector3,UpIzUpMini.EditorTools.Mini119FarmHedgeCheck/<>c__DisplayClass3_0&) (at Assets/UpIzUpMini/Editor/Mini119FarmHedgeCheck.cs:63)
UpIzUpMini.EditorTools.Mini119FarmHedgeCheck:Run () (at Assets/UpIzUpMini/Editor/Mini119FarmHedgeCheck.cs:69)

(Filename: Assets/UpIzUpMini/Editor/Mini119FarmHedgeCheck.cs Line: 63)

MINI-119 HEDGE CHECK:   NPC_Villager waypoint[0] at (13.41, 7.85, -159.37) -> relX=-73.5, relY=-65.4, INSIDE HEDGE=False
UnityEngine.Debug:ExtractStackTraceNoAlloc (byte*,int,string)
UnityEngine.StackTraceUtility:ExtractStackTrace ()
UnityEngine.DebugLogHandler:Internal_Log (UnityEngine.LogType,UnityEngine.LogOption,string,UnityEngine.Object)
UnityEngine.DebugLogHandler:LogFormat (UnityEngine.LogType,UnityEngine.Object,string,object[])
UnityEngine.Logger:Log (UnityEngine.LogType,object)
UnityEngine.Debug:Log (object)
UpIzUpMini.EditorTools.Mini119FarmHedgeCheck:<Run>g__CheckPoint|3_1 (string,UnityEngine.Vector3,UpIzUpMini.EditorTools.Mini119FarmHedgeCheck/<>c__DisplayClass3_0&) (at Assets/UpIzUpMini/Editor/Mini119FarmHedgeCheck.cs:63)
UpIzUpMini.EditorTools.Mini119FarmHedgeCheck:Run () (at Assets/UpIzUpMini/Editor/Mini119FarmHedgeCheck.cs:77)

(Filename: Assets/UpIzUpMini/Editor/Mini119FarmHedgeCheck.cs Line: 63)

MINI-119 HEDGE CHECK:   NPC_Villager waypoint[1] at (21.41, 7.73, -160.47) -> relX=-65.9, relY=-62.9, INSIDE HEDGE=False
UnityEngine.Debug:ExtractStackTraceNoAlloc (byte*,int,string)
UnityEngine.StackTraceUtility:ExtractStackTrace ()
UnityEngine.DebugLogHandler:Internal_Log (UnityEngine.LogType,UnityEngine.LogOption,string,UnityEngine.Object)
UnityEngine.DebugLogHandler:LogFormat (UnityEngine.LogType,UnityEngine.Object,string,object[])
UnityEngine.Logger:Log (UnityEngine.LogType,object)
UnityEngine.Debug:Log (object)
UpIzUpMini.EditorTools.Mini119FarmHedgeCheck:<Run>g__CheckPoint|3_1 (string,UnityEngine.Vector3,UpIzUpMini.EditorTools.Mini119FarmHedgeCheck/<>c__DisplayClass3_0&) (at Assets/UpIzUpMini/Editor/Mini119FarmHedgeCheck.cs:63)
UpIzUpMini.EditorTools.Mini119FarmHedgeCheck:Run () (at Assets/UpIzUpMini/Editor/Mini119FarmHedgeCheck.cs:77)

(Filename: Assets/UpIzUpMini/Editor/Mini119FarmHedgeCheck.cs Line: 63)

MINI-119 HEDGE CHECK: NPC NPC_Villager_HighlandInroad at (92.00, 4.99, -144.00) -> relX=-9.8, relY=-17.0, INSIDE HEDGE=False
UnityEngine.Debug:ExtractStackTraceNoAlloc (byte*,int,string)
UnityEngine.StackTraceUtility:ExtractStackTrace ()
UnityEngine.DebugLogHandler:Internal_Log (UnityEngine.LogType,UnityEngine.LogOption,string,UnityEngine.Object)
UnityEngine.DebugLogHandler:LogFormat (UnityEngine.LogType,UnityEngine.Object,string,object[])
UnityEngine.Logger:Log (UnityEngine.LogType,object)
UnityEngine.Debug:Log (object)
UpIzUpMini.EditorTools.Mini119FarmHedgeCheck:<Run>g__CheckPoint|3_1 (string,UnityEngine.Vector3,UpIzUpMini.EditorTools.Mini119FarmHedgeCheck/<>c__DisplayClass3_0&) (at Assets/UpIzUpMini/Editor/Mini119FarmHedgeCheck.cs:63)
UpIzUpMini.EditorTools.Mini119FarmHedgeCheck:Run () (at Assets/UpIzUpMini/Editor/Mini119FarmHedgeCheck.cs:69)

(Filename: Assets/UpIzUpMini/Editor/Mini119FarmHedgeCheck.cs Line: 63)

MINI-119 HEDGE CHECK:   NPC_Villager_HighlandInroad waypoint[0] at (96.80, 4.99, -137.60) -> relX=-8.3, relY=-9.1, INSIDE HEDGE=False
UnityEngine.Debug:ExtractStackTraceNoAlloc (byte*,int,string)
UnityEngine.StackTraceUtility:ExtractStackTrace ()
UnityEngine.DebugLogHandler:Internal_Log (UnityEngine.LogType,UnityEngine.LogOption,string,UnityEngine.Object)
UnityEngine.DebugLogHandler:LogFormat (UnityEngine.LogType,UnityEngine.Object,string,object[])
UnityEngine.Logger:Log (UnityEngine.LogType,object)
UnityEngine.Debug:Log (object)
UpIzUpMini.EditorTools.Mini119FarmHedgeCheck:<Run>g__CheckPoint|3_1 (string,UnityEngine.Vector3,UpIzUpMini.EditorTools.Mini119FarmHedgeCheck/<>c__DisplayClass3_0&) (at Assets/UpIzUpMini/Editor/Mini119FarmHedgeCheck.cs:63)
UpIzUpMini.EditorTools.Mini119FarmHedgeCheck:Run () (at Assets/UpIzUpMini/Editor/Mini119FarmHedgeCheck.cs:77)

(Filename: Assets/UpIzUpMini/Editor/Mini119FarmHedgeCheck.cs Line: 63)

MINI-119 HEDGE CHECK:   NPC_Villager_HighlandInroad waypoint[1] at (87.20, 5.19, -150.40) -> relX=-11.3, relY=-24.8, INSIDE HEDGE=False
UnityEngine.Debug:ExtractStackTraceNoAlloc (byte*,int,string)
UnityEngine.StackTraceUtility:ExtractStackTrace ()
UnityEngine.DebugLogHandler:Internal_Log (UnityEngine.LogType,UnityEngine.LogOption,string,UnityEngine.Object)
UnityEngine.DebugLogHandler:LogFormat (UnityEngine.LogType,UnityEngine.Object,string,object[])
UnityEngine.Logger:Log (UnityEngine.LogType,object)
UnityEngine.Debug:Log (object)
UpIzUpMini.EditorTools.Mini119FarmHedgeCheck:<Run>g__CheckPoint|3_1 (string,UnityEngine.Vector3,UpIzUpMini.EditorTools.Mini119FarmHedgeCheck/<>c__DisplayClass3_0&) (at Assets/UpIzUpMini/Editor/Mini119FarmHedgeCheck.cs:63)
UpIzUpMini.EditorTools.Mini119FarmHedgeCheck:Run () (at Assets/UpIzUpMini/Editor/Mini119FarmHedgeCheck.cs:77)

(Filename: Assets/UpIzUpMini/Editor/Mini119FarmHedgeCheck.cs Line: 63)

MINI-119 HEDGE CHECK: NPC NPC_FoodShop at (25.06, 7.75, -149.40) -> relX=-67.5, relY=-51.3, INSIDE HEDGE=False
UnityEngine.Debug:ExtractStackTraceNoAlloc (byte*,int,string)
UnityEngine.StackTraceUtility:ExtractStackTrace ()
UnityEngine.DebugLogHandler:Internal_Log (UnityEngine.LogType,UnityEngine.LogOption,string,UnityEngine.Object)
UnityEngine.DebugLogHandler:LogFormat (UnityEngine.LogType,UnityEngine.Object,string,object[])
UnityEngine.Logger:Log (UnityEngine.LogType,object)
UnityEngine.Debug:Log (object)
UpIzUpMini.EditorTools.Mini119FarmHedgeCheck:<Run>g__CheckPoint|3_1 (string,UnityEngine.Vector3,UpIzUpMini.EditorTools.Mini119FarmHedgeCheck/<>c__DisplayClass3_0&) (at Assets/UpIzUpMini/Editor/Mini119FarmHedgeCheck.cs:63)
UpIzUpMini.EditorTools.Mini119FarmHedgeCheck:Run () (at Assets/UpIzUpMini/Editor/Mini119FarmHedgeCheck.cs:69)

(Filename: Assets/UpIzUpMini/Editor/Mini119FarmHedgeCheck.cs Line: 63)

MINI-119 HEDGE CHECK: NPC NPC_GangRecruiter at (165.48, 5.46, -201.89) -> relX=81.7, relY=-36.5, INSIDE HEDGE=False
UnityEngine.Debug:ExtractStackTraceNoAlloc (byte*,int,string)
UnityEngine.StackTraceUtility:ExtractStackTrace ()
UnityEngine.DebugLogHandler:Internal_Log (UnityEngine.LogType,UnityEngine.LogOption,string,UnityEngine.Object)
UnityEngine.DebugLogHandler:LogFormat (UnityEngine.LogType,UnityEngine.Object,string,object[])
UnityEngine.Logger:Log (UnityEngine.LogType,object)
UnityEngine.Debug:Log (object)
UpIzUpMini.EditorTools.Mini119FarmHedgeCheck:<Run>g__CheckPoint|3_1 (string,UnityEngine.Vector3,UpIzUpMini.EditorTools.Mini119FarmHedgeCheck/<>c__DisplayClass3_0&) (at Assets/UpIzUpMini/Editor/Mini119FarmHedgeCheck.cs:63)
UpIzUpMini.EditorTools.Mini119FarmHedgeCheck:Run () (at Assets/UpIzUpMini/Editor/Mini119FarmHedgeCheck.cs:69)

(Filename: Assets/UpIzUpMini/Editor/Mini119FarmHedgeCheck.cs Line: 63)

MINI-119 HEDGE CHECK: done (read-only, no changes made).
UnityEngine.Debug:ExtractStackTraceNoAlloc (byte*,int,string)
UnityEngine.StackTraceUtility:ExtractStackTrace ()
UnityEngine.DebugLogHandler:Internal_Log (UnityEngine.LogType,UnityEngine.LogOption,string,UnityEngine.Object)
UnityEngine.DebugLogHandler:LogFormat (UnityEngine.LogType,UnityEngine.Object,string,object[])
UnityEngine.Logger:Log (UnityEngine.LogType,object)
UnityEngine.Debug:Log (object)
UpIzUpMini.EditorTools.Mini119FarmHedgeCheck:Run () (at Assets/UpIzUpMini/Editor/Mini119FarmHedgeCheck.cs:81)

(Filename: Assets/UpIzUpMini/Editor/Mini119FarmHedgeCheck.cs Line: 81)

Batchmode quit successfully invoked - shutting down!
[Physics::Module] Cleanup current backend.
[Physics::Module] Id: 0xf2b8ea05
Input System module state changed to: ShutdownInProgress.
Input System polling thread exited.
Input System module state changed to: Shutdown.
[Licensing::IpcConnector] LicenseClient-PCSS-PC-notifications channel disconnected successfully.
[Licensing::IpcConnector] LicenseClient-PCSS-PC channel disconnected successfully.
AcceleratorClientConnectionCallback - disconnected - :0
Shut down.
Cleanup mono
abort_threads: Failed aborting id: 0000000000004804, mono_thread_manage will ignore it

abort_threads: Failed aborting id: 000000000000BEB4, mono_thread_manage will ignore it

abort_threads: Failed aborting id: 0000000000008FA0, mono_thread_manage will ignore it

abort_threads: Failed aborting id: 0000000000004804, mono_thread_manage will ignore it

abort_threads: Failed aborting id: 000000000000BEB4, mono_thread_manage will ignore it

abort_threads: Failed aborting id: 0000000000008FA0, mono_thread_manage will ignore it

debugger-agent: Unable to listen on 3396
Exiting batchmode successfully now!
Exiting without the bug reporter. Application will terminate with return code 0