[Licensing::Module] Trying to connect to existing licensing client channel...
Built from '6000.3/staging' branch; Version is '6000.3.10f1 (e35f0c77bd8e) revision 14901004'; Using compiler version '194234433'; Build Type 'Release'
[Licensing::IpcConnector] Channel LicenseClient-PCSS-PC doesn't exist
OS: 'Windows 11  (10.0.26200) Professional' Language: 'en' Physical Memory: 15826 MB
BatchMode: 1, IsHumanControllingUs: 0, StartBugReporterOnCrash: 0, Is64bit: 1
System  architecture: x64
Process architecture: x64
Date: 2026-08-28T21:44:49Z
[Licensing::Module] Successfully launched the LicensingClient (PId: 20276)
Starting IPC server.
Waiting for clients to connect on \\.\pipe\Unity-LicenseClient-PCSS-PC, press Ctrl-C to exit.
[Licensing::IpcConnector] Successfully connected to: "LicenseClient-PCSS-PC" at "2026-08-28T21:44:49.492923Z"

COMMAND LINE ARGUMENTS:
C:\Program Files\Unity\Hub\Editor\6000.3.10f1\Editor\Unity.exe
-batchmode
-nographics
-quit
-projectPath
E:\Unity\Up Iz Up Mini
-executeMethod
UpIzUpMini.EditorTools.Mini120SetupMixamoPunch.Run
-logFile
Tools/AIWorkflow/mini120_setup.log
Successfully changed project path to: E:\Unity\Up Iz Up Mini
E:/Unity/Up Iz Up Mini
[UnityMemory] Configuration Parameters - Can be set up in boot.config
    "memorysetup-temp-allocator-size-nav-mesh-worker=65536"
    "memorysetup-temp-allocator-size-audio-worker=65536"
    "memorysetup-temp-allocator-size-gfx=262144"
    "memorysetup-allocator-temp-initial-block-size-main=262144"
    "memorysetup-allocator-temp-initial-block-size-worker=262144"
    "memorysetup-temp-allocator-size-background-worker=32768"
    "memorysetup-temp-allocator-size-job-worker=262144"
    "memorysetup-temp-allocator-size-preload-manager=33554432"
    "memorysetup-temp-allocator-size-gi-baking-worker=262144"
    "memorysetup-temp-allocator-size-gi-baking-worker=262144"
    "memorysetup-temp-allocator-size-gi-baking-worker=262144"
    "memorysetup-temp-allocator-size-gi-baking-worker=262144"
    "memorysetup-temp-allocator-size-gi-baking-worker=262144"
    "memorysetup-bucket-allocator-granularity=16"
    "memorysetup-bucket-allocator-bucket-count=8"
    "memorysetup-bucket-allocator-block-size=33554432"
    "memorysetup-bucket-allocator-block-count=8"
    "memorysetup-main-allocator-block-size=16777216"
    "memorysetup-thread-allocator-block-size=16777216"
    "memorysetup-gfx-main-allocator-block-size=16777216"
    "memorysetup-gfx-thread-allocator-block-size=16777216"
    "memorysetup-cache-allocator-block-size=4194304"
    "memorysetup-typetree-allocator-block-size=2097152"
    "memorysetup-profiler-bucket-allocator-granularity=16"
    "memorysetup-profiler-bucket-allocator-bucket-count=8"
    "memorysetup-profiler-bucket-allocator-block-size=33554432"
    "memorysetup-profiler-bucket-allocator-block-count=8"
    "memorysetup-profiler-allocator-block-size=16777216"
    "memorysetup-profiler-editor-allocator-block-size=1048576"
    "memorysetup-temp-allocator-size-main=16777216"
    "memorysetup-job-temp-allocator-block-size=2097152"
    "memorysetup-job-temp-allocator-block-size-background=1048576"
    "memorysetup-job-temp-allocator-reduction-small-platforms=262144"
    "memorysetup-temp-allocator-size-cloud-worker=32768"
Player connection [18396]  Target information:

Player connection [18396]  * "[IP] 192.168.108.205 [Port] 55504 [Flags] 2 [Guid] 3942189538 [EditorId] 3942189538 [Version] 1048832 [Id] WindowsEditor(7,PC-22) [Debug] 1 [PackageName] WindowsEditor [ProjectName] Editor" 

Player connection [18396]  * "[IP] 100.83.75.75 [Port] 55504 [Flags] 2 [Guid] 3942189538 [EditorId] 3942189538 [Version] 1048832 [Id] WindowsEditor(7,PC-22) [Debug] 1 [PackageName] WindowsEditor [ProjectName] Editor" 

Player connection [18396]  * "[IP] 192.168.137.1 [Port] 55504 [Flags] 2 [Guid] 3942189538 [EditorId] 3942189538 [Version] 1048832 [Id] WindowsEditor(7,PC-22) [Debug] 1 [PackageName] WindowsEditor [ProjectName] Editor" 

Player connection [18396] Host joined multi-casting on [225.0.0.222:54997]...
Player connection [18396] Host joined alternative multi-casting on [225.0.0.222:34997]...
Input System module state changed to: Initialized.
[Physics::Module] Initialized fallback backend.
[Physics::Module] Id: 0xdecafbad
[Package Manager] Connected to IPC stream "Upm-35896" after 0.3 seconds.
[Licensing::Module] Licensing is not yet initialized.
[Licensing::Client] Handshaking with LicensingClient:
  Version:                 1.17.4+4293ba1
  Session Id:              6b6fe9223d424a16b79558184065bd70
  Correlation Id:          ecee46428266c2da83f6bba6e2b7b2c7
  External correlation Id: 4549828188272078021
  Machine Id:              BSsZwx/0FUTXPDacKK/mAf12cyA=
[Licensing::Module] Successfully connected to LicensingClient on channel: "LicenseClient-PCSS-PC" (connect: 0.25s, validation: 0.04s, handshake: 1.76s)
[Licensing::IpcConnector] Successfully connected to: "LicenseClient-PCSS-PC-notifications" at "2026-08-28T21:44:51.29919Z"
[Licensing::Module] Connected to LicensingClient (PId: 20276, launch time: 0.01, total connection time: 2.05s)
[Licensing::Module] Error: Access token is unavailable; failed to update
[Licensing::Client] Successfully resolved entitlement details
[Licensing::Module] License group:
  Id: F4-VZG9-MHCH-26WA-PBF7-XXXX
  Product: Unity Personal
  Type: ULF
  Expiration: Unlimited
[Licensing::Module] License group:
  Id: 1125343-UnityPersXXXX
  Product: Unity Personal
  Type: Assigned
  Expiration: Unlimited
[Licensing::Client] Successfully updated license, isAsync: True, time: 0.01
[Licensing::Client] Successfully resolved entitlement details
[Licensing::Module] License group:
  Id: F4-VZG9-MHCH-26WA-PBF7-XXXX
  Product: Unity Personal
  Type: ULF
  Expiration: Unlimited
[Licensing::Module] License group:
  Id: 1125343-UnityPersXXXX
  Product: Unity Personal
  Type: Assigned
  Expiration: Unlimited
[Licensing::Module] Licensing Background thread has ended after 2.08s
[Licensing::Module] Licensing is initialized (took 1.51s).
[Licensing::Client] Successfully resolved entitlement details
[Licensing::Module] License group:
  Id: F4-VZG9-MHCH-26WA-PBF7-XXXX
  Product: Unity Personal
  Type: ULF
  Expiration: Unlimited
[Licensing::Module] License group:
  Id: 1125343-UnityPersXXXX
  Product: Unity Personal
  Type: Assigned
  Expiration: Unlimited
Library Redirect Path: Library/
[Physics::Module] Selected backend.
[Physics::Module] Name: PhysX
[Physics::Module] Id: 0xf2b8ea05
[Physics::Module] SDK Version: 4.1.2
[Physics::Module] Integration Version: 1.0.0
[Physics::Module] Threading Mode: Multi-Threaded
Refreshing native plugins compatible for Editor in 0.04 ms, found 0 plugins.
Preloading 0 native plugins for Editor in 0.00 ms.
Initialize engine version: 6000.3.10f1 (e35f0c77bd8e)
[Subsystems] Discovering subsystems at path C:/Program Files/Unity/Hub/Editor/6000.3.10f1/Editor/Data/Resources/UnitySubsystems
[Subsystems] Discovering subsystems at path E:/Unity/Up Iz Up Mini/Assets
Forcing GfxDevice: Null
GfxDevice: creating device client; kGfxThreadingModeNonThreaded
NullGfxDevice:
    Version:  NULL 1.0 [1.0]
    Renderer: Null Device
    Vendor:   Unity Technologies
Initialize mono
Mono path[0] = 'C:/Program Files/Unity/Hub/Editor/6000.3.10f1/Editor/Data/Managed'
Mono path[1] = 'C:/Program Files/Unity/Hub/Editor/6000.3.10f1/Editor/Data/MonoBleedingEdge/lib/mono/unityjit-win32'
Mono config path = 'C:/Program Files/Unity/Hub/Editor/6000.3.10f1/Editor/Data/MonoBleedingEdge/etc'
Using monoOptions --debugger-agent=transport=dt_socket,embedding=1,server=y,suspend=n,address=127.0.0.1:56896
Using cacheserver namespaces - metadata:defaultmetadata, artifacts:defaultartifacts
Using cacheserver namespaces - metadata:defaultmetadata, artifacts:defaultartifacts
ImportWorker Server TCP listen port: 0
AcceleratorClientConnectionCallback - disconnected - :0
Begin MonoManager ReloadAssembly
Registering precompiled unity dll's ...
Register platform support module: C:/Program Files/Unity/Hub/Editor/6000.3.10f1/Editor/Data/PlaybackEngines/WebGLSupport/UnityEditor.WebGL.Extensions.dll
Register platform support module: C:/Program Files/Unity/Hub/Editor/6000.3.10f1/Editor/Data/PlaybackEngines/WindowsStandaloneSupport/UnityEditor.WindowsStandalone.Extensions.dll
Registered in 0.002025 seconds.
- Loaded All Assemblies, in  0.356 seconds
Native extension for WindowsStandalone target not found
Native extension for WebGL target not found
ScheduleIndexationOnStartup MainProcess:False IndexOnStartup:True
Mono: successfully reloaded assembly
- Finished resetting the current domain, in  0.310 seconds
Domain Reload Profiling: 663ms
	BeginReloadAssembly (130ms)
		ExecutionOrderSort (0ms)
		DisableScriptedObjects (0ms)
		BackupInstance (0ms)
		ReleaseScriptingObjects (0ms)
		CreateAndSetChildDomain (6ms)
	RebuildCommonClasses (28ms)
	RebuildNativeTypeToScriptingClass (9ms)
	initialDomainReloadingComplete (38ms)
	LoadAllAssembliesAndSetupDomain (149ms)
		LoadAssemblies (121ms)
		RebuildTransferFunctionScriptingTraits (0ms)
		AnalyzeDomain (145ms)
			TypeCache.Refresh (143ms)
				TypeCache.ScanAssembly (127ms)
			BuildScriptInfoCaches (0ms)
			ResolveRequiredComponents (1ms)
	FinalizeReload (310ms)
		ReleaseScriptCaches (0ms)
		RebuildScriptCaches (0ms)
		SetupLoadedEditorAssemblies (279ms)
			LogAssemblyErrors (0ms)
			InitializePlatformSupportModulesInManaged (41ms)
			SetLoadedEditorAssemblies (3ms)
			BeforeProcessingInitializeOnLoad (61ms)
			ProcessInitializeOnLoadAttributes (111ms)
			ProcessInitializeOnLoadMethodAttributes (63ms)
			AfterProcessingInitializeOnLoad (0ms)
			EditorAssembliesLoaded (0ms)
		ExecutionOrderSort2 (0ms)
		AwakeInstancesAfterBackupRestoration (0ms)
[Licensing::Client] Successfully resolved entitlement details
[Licensing::Module] License group:
  Id: F4-VZG9-MHCH-26WA-PBF7-XXXX
  Product: Unity Personal
  Type: ULF
  Expiration: Unlimited
[Licensing::Module] License group:
  Id: 1125343-UnityPersXXXX
  Product: Unity Personal
  Type: Assigned
  Expiration: Unlimited
Application.AssetDatabase Initial Refresh Start
Package Manager log level set to [2]
[Package Manager] Restoring resolved packages state from cache
[Licensing::Client] Successfully resolved entitlement details
[Package Manager] Registered 52 packages:
  Packages from [https://packages.unity.com]:
    com.unity.ai.navigation@2.0.14 (location: E:\Unity\Up Iz Up Mini\Library\PackageCache\com.unity.ai.navigation@134dd6a3b97b)
    com.unity.cloud.gltfast@6.9.0 (location: E:\Unity\Up Iz Up Mini\Library\PackageCache\com.unity.cloud.gltfast@1bfd82b6f675)
    com.unity.animation.rigging@1.4.1 (location: E:\Unity\Up Iz Up Mini\Library\PackageCache\com.unity.animation.rigging@ae5f251e1ed4)
    com.unity.burst@1.8.28 (location: E:\Unity\Up Iz Up Mini\Library\PackageCache\com.unity.burst@07790c2d06d9)
    com.unity.collections@2.6.2 (location: E:\Unity\Up Iz Up Mini\Library\PackageCache\com.unity.collections@aea9d3bd5e19)
    com.unity.mathematics@1.3.3 (location: E:\Unity\Up Iz Up Mini\Library\PackageCache\com.unity.mathematics@19a9377c4ffa)
    com.unity.searcher@4.9.4 (location: E:\Unity\Up Iz Up Mini\Library\PackageCache\com.unity.searcher@d45a78918735)
    com.unity.nuget.mono-cecil@1.11.6 (location: E:\Unity\Up Iz Up Mini\Library\PackageCache\com.unity.nuget.mono-cecil@ecb9724e46ff)
    com.unity.test-framework.performance@3.2.0 (location: E:\Unity\Up Iz Up Mini\Library\PackageCache\com.unity.test-framework.performance@0840f58e4562)
  Built-in packages:
    com.unity.multiplayer.center@1.0.1 (location: E:\Unity\Up Iz Up Mini\Library\PackageCache\com.unity.multiplayer.center@f01f4ba8d00a)
    com.unity.shadergraph@17.3.0 (location: E:\Unity\Up Iz Up Mini\Library\PackageCache\com.unity.shadergraph@c8830f61858d)
    com.unity.ugui@2.0.0 (location: E:\Unity\Up Iz Up Mini\Library\PackageCache\com.unity.ugui@bb329a87fcdc)
    com.unity.modules.accessibility@1.0.0 (location: E:\Unity\Up Iz Up Mini\Library\PackageCache\com.unity.modules.accessibility)
    com.unity.modules.adaptiveperformance@1.0.0 (location: E:\Unity\Up Iz Up Mini\Library\PackageCache\com.unity.modules.adaptiveperformance)
    com.unity.modules.ai@1.0.0 (location: E:\Unity\Up Iz Up Mini\Library\PackageCache\com.unity.modules.ai)
    com.unity.modules.androidjni@1.0.0 (location: E:\Unity\Up Iz Up Mini\Library\PackageCache\com.unity.modules.androidjni)
    com.unity.modules.animation@1.0.0 (location: E:\Unity\Up Iz Up Mini\Library\PackageCache\com.unity.modules.animation)
    com.unity.modules.assetbundle@1.0.0 (location: E:\Unity\Up Iz Up Mini\Library\PackageCache\com.unity.modules.assetbundle)
    com.unity.modules.audio@1.0.0 (location: E:\Unity\Up Iz Up Mini\Library\PackageCache\com.unity.modules.audio)
    com.unity.modules.cloth@1.0.0 (location: E:\Unity\Up Iz Up Mini\Library\PackageCache\com.unity.modules.cloth)
    com.unity.modules.director@1.0.0 (location: E:\Unity\Up Iz Up Mini\Library\PackageCache\com.unity.modules.director)
    com.unity.modules.imageconversion@1.0.0 (location: E:\Unity\Up Iz Up Mini\Library\PackageCache\com.unity.modules.imageconversion)
    com.unity.modules.imgui@1.0.0 (location: E:\Unity\Up Iz Up Mini\Library\PackageCache\com.unity.modules.imgui)
    com.unity.modules.jsonserialize@1.0.0 (location: E:\Unity\Up Iz Up Mini\Library\PackageCache\com.unity.modules.jsonserialize)
    com.unity.modules.particlesystem@1.0.0 (location: E:\Unity\Up Iz Up Mini\Library\PackageCache\com.unity.modules.particlesystem)
    com.unity.modules.physics@1.0.0 (location: E:\Unity\Up Iz Up Mini\Library\PackageCache\com.unity.modules.physics)
    com.unity.modules.physics2d@1.0.0 (location: E:\Unity\Up Iz Up Mini\Library\PackageCache\com.unity.modules.physics2d)
    com.unity.modules.screencapture@1.0.0 (location: E:\Unity\Up Iz Up Mini\Library\PackageCache\com.unity.modules.screencapture)
    com.unity.modules.terrain@1.0.0 (location: E:\Unity\Up Iz Up Mini\Library\PackageCache\com.unity.modules.terrain)
    com.unity.modules.terrainphysics@1.0.0 (location: E:\Unity\Up Iz Up Mini\Library\PackageCache\com.unity.modules.terrainphysics)
    com.unity.modules.tilemap@1.0.0 (location: E:\Unity\Up Iz Up Mini\Library\PackageCache\com.unity.modules.tilemap)
    com.unity.modules.ui@1.0.0 (location: E:\Unity\Up Iz Up Mini\Library\PackageCache\com.unity.modules.ui)
    com.unity.modules.uielements@1.0.0 (location: E:\Unity\Up Iz Up Mini\Library\PackageCache\com.unity.modules.uielements)
    com.unity.modules.umbra@1.0.0 (location: E:\Unity\Up Iz Up Mini\Library\PackageCache\com.unity.modules.umbra)
    com.unity.modules.unityanalytics@1.0.0 (location: E:\Unity\Up Iz Up Mini\Library\PackageCache\com.unity.modules.unityanalytics)
    com.unity.modules.unitywebrequest@1.0.0 (location: E:\Unity\Up Iz Up Mini\Library\PackageCache\com.unity.modules.unitywebrequest)
    com.unity.modules.unitywebrequestassetbundle@1.0.0 (location: E:\Unity\Up Iz Up Mini\Library\PackageCache\com.unity.modules.unitywebrequestassetbundle)
    com.unity.modules.unitywebrequestaudio@1.0.0 (location: E:\Unity\Up Iz Up Mini\Library\PackageCache\com.unity.modules.unitywebrequestaudio)
    com.unity.modules.unitywebrequesttexture@1.0.0 (location: E:\Unity\Up Iz Up Mini\Library\PackageCache\com.unity.modules.unitywebrequesttexture)
    com.unity.modules.unitywebrequestwww@1.0.0 (location: E:\Unity\Up Iz Up Mini\Library\PackageCache\com.unity.modules.unitywebrequestwww)
    com.unity.modules.vectorgraphics@1.0.0 (location: E:\Unity\Up Iz Up Mini\Library\PackageCache\com.unity.modules.vectorgraphics)
    com.unity.modules.vehicles@1.0.0 (location: E:\Unity\Up Iz Up Mini\Library\PackageCache\com.unity.modules.vehicles)
    com.unity.modules.video@1.0.0 (location: E:\Unity\Up Iz Up Mini\Library\PackageCache\com.unity.modules.video)
    com.unity.modules.vr@1.0.0 (location: E:\Unity\Up Iz Up Mini\Library\PackageCache\com.unity.modules.vr)
    com.unity.modules.wind@1.0.0 (location: E:\Unity\Up Iz Up Mini\Library\PackageCache\com.unity.modules.wind)
    com.unity.modules.xr@1.0.0 (location: E:\Unity\Up Iz Up Mini\Library\PackageCache\com.unity.modules.xr)
    com.unity.modules.subsystems@1.0.0 (location: E:\Unity\Up Iz Up Mini\Library\PackageCache\com.unity.modules.subsystems)
    com.unity.modules.hierarchycore@1.0.0 (location: E:\Unity\Up Iz Up Mini\Library\PackageCache\com.unity.modules.hierarchycore)
    com.unity.render-pipelines.core@17.3.0 (location: E:\Unity\Up Iz Up Mini\Library\PackageCache\com.unity.render-pipelines.core@04ab0eefa0c3)
    com.unity.test-framework@1.6.0 (location: E:\Unity\Up Iz Up Mini\Library\PackageCache\com.unity.test-framework@0b7a23ab2e1d)
    com.unity.ext.nunit@2.0.5 (location: E:\Unity\Up Iz Up Mini\Library\PackageCache\com.unity.ext.nunit@d8c07649098d)
  Embedded packages:
    com.barmetler.roadsystem@file:E:\Unity\Up Iz Up Mini\Packages\com.barmetler.roadsystem (location: E:\Unity\Up Iz Up Mini\Packages\com.barmetler.roadsystem)
[Subsystems] No new subsystems found in resolved package list.
[Package Manager] Done registering packages in 0.02 seconds
info: Microsoft.Hosting.Lifetime[14]
      Now listening on: http://localhost:80
info: Microsoft.Hosting.Lifetime[0]
      Application started. Press Ctrl+C to shut down.
info: Microsoft.Hosting.Lifetime[0]
      Hosting environment: Production
info: Microsoft.Hosting.Lifetime[0]
      Content root path: E:\Unity\Up Iz Up Mini\
info: Microsoft.AspNetCore.Hosting.Diagnostics[1]
      Request starting HTTP/2 POST http://ilpp/UnityILPP.PostProcessing/Ping application/grpc -
info: Microsoft.AspNetCore.Routing.EndpointMiddleware[0]
      Executing endpoint 'gRPC - /UnityILPP.PostProcessing/Ping'
info: Microsoft.AspNetCore.Routing.EndpointMiddleware[1]
      Executed endpoint 'gRPC - /UnityILPP.PostProcessing/Ping'
info: Microsoft.AspNetCore.Hosting.Diagnostics[2]
      Request finished HTTP/2 POST http://ilpp/UnityILPP.PostProcessing/Ping application/grpc - - 200 - application/grpc 27.9861ms
Starting: C:\Program Files\Unity\Hub\Editor\6000.3.10f1\Editor\Data\Tools\BuildPipeline\bee_backend.exe --ipc --defer-dag-verification --dagfile="Library/Bee/1900b0aE.dag" --continue-on-failure --profile="Library/Bee/backend1.traceevents" ScriptAssemblies
WorkingDir: E:/Unity/Up Iz Up Mini
DisplayProgressbar: Compiling Scripts
info: Microsoft.AspNetCore.Hosting.Diagnostics[1]
      Request starting HTTP/2 POST http://ilpp/UnityILPP.PostProcessing/ConfigurePostProcessors application/grpc -
info: Microsoft.AspNetCore.Routing.EndpointMiddleware[0]
      Executing endpoint 'gRPC - /UnityILPP.PostProcessing/ConfigurePostProcessors'
warn: Unity.ILPP.Runner.PostProcessingAssemblyLoadContext[0]
      Assembly system.runtime.interopservices.windowsruntime has duplicate hint path. Ignoring "C:\Program Files\Unity\Hub\Editor\6000.3.10f1\Editor\Data\UnityReferenceAssemblies\unity-4.8-api\Facades\System.Runtime.InteropServices.WindowsRuntime.dll" in favor of "C:\Program Files\Unity\Hub\Editor\6000.3.10f1\Editor\Data\NetStandard\Extensions\2.0.0\System.Runtime.InteropServices.WindowsRuntime.dll"
warn: Unity.ILPP.Runner.PostProcessingAssemblyLoadContext[0]
      Assembly system.componentmodel.composition has duplicate hint path. Ignoring "C:\Program Files\Unity\Hub\Editor\6000.3.10f1\Editor\Data\UnityReferenceAssemblies\unity-4.8-api\System.ComponentModel.Composition.dll" in favor of "C:\Program Files\Unity\Hub\Editor\6000.3.10f1\Editor\Data\NetStandard\compat\2.1.0\shims\netfx\System.ComponentModel.Composition.dll"
info: Unity.ILPP.Runner.PostProcessingAssemblyLoadContext[0]
      Resolved Unity.Burst.Cecil, Version=0.11.4.0, Culture=neutral, PublicKeyToken=50cebf1cceb9d05e with Library\PackageCache\com.unity.burst@07790c2d06d9\Unity.Burst.CodeGen\Unity.Burst.Cecil.dll
info: Unity.ILPP.Runner.PostProcessingAssemblyLoadContext[0]
      Resolved Mono.Cecil, Version=0.11.5.0, Culture=neutral, PublicKeyToken=50cebf1cceb9d05e with Library\PackageCache\com.unity.nuget.mono-cecil@ecb9724e46ff\Mono.Cecil.dll
info: Microsoft.AspNetCore.Routing.EndpointMiddleware[1]
      Executed endpoint 'gRPC - /UnityILPP.PostProcessing/ConfigurePostProcessors'
info: Microsoft.AspNetCore.Hosting.Diagnostics[2]
      Request finished HTTP/2 POST http://ilpp/UnityILPP.PostProcessing/ConfigurePostProcessors application/grpc - - 200 - application/grpc 46.0436ms
ExitCode: 0 Duration: 0s226ms
[545/687    0s] ILPP-Configuration Library/ilpp-configuration.nevergeneratedoutput
*** Tundra build success (0.19 seconds), 1 items updated, 687 evaluated
AssetDatabase: script compilation time: 0.566667s
Begin MonoManager ReloadAssembly
- Loaded All Assemblies, in  0.556 seconds
Refreshing native plugins compatible for Editor in 0.16 ms, found 0 plugins.
Native extension for WindowsStandalone target not found
Native extension for WebGL target not found
[MODES] ModeService[none].Initialize
[MODES] ModeService[none].LoadModes
[MODES] Loading mode Default (0) for mode-current-id-Up Iz Up Mini
ScheduleIndexationOnStartup MainProcess:True IndexOnStartup:True
Mono: successfully reloaded assembly
- Finished resetting the current domain, in  1.671 seconds
Domain Reload Profiling: 2223ms
	BeginReloadAssembly (267ms)
		ExecutionOrderSort (0ms)
		DisableScriptedObjects (8ms)
		BackupInstance (0ms)
		ReleaseScriptingObjects (0ms)
		CreateAndSetChildDomain (155ms)
	RebuildCommonClasses (28ms)
	RebuildNativeTypeToScriptingClass (8ms)
	initialDomainReloadingComplete (21ms)
	LoadAllAssembliesAndSetupDomain (226ms)
		LoadAssemblies (224ms)
		RebuildTransferFunctionScriptingTraits (0ms)
		AnalyzeDomain (83ms)
			TypeCache.Refresh (58ms)
				TypeCache.ScanAssembly (51ms)
			BuildScriptInfoCaches (19ms)
			ResolveRequiredComponents (3ms)
	FinalizeReload (1671ms)
		ReleaseScriptCaches (0ms)
		RebuildScriptCaches (0ms)
		SetupLoadedEditorAssemblies (1546ms)
			LogAssemblyErrors (0ms)
			InitializePlatformSupportModulesInManaged (23ms)
			SetLoadedEditorAssemblies (2ms)
			BeforeProcessingInitializeOnLoad (105ms)
			ProcessInitializeOnLoadAttributes (1346ms)
			ProcessInitializeOnLoadMethodAttributes (57ms)
			AfterProcessingInitializeOnLoad (12ms)
			EditorAssembliesLoaded (0ms)
		ExecutionOrderSort2 (0ms)
		AwakeInstancesAfterBackupRestoration (14ms)
Asset Pipeline Refresh (id=0141da211cb70644cb0acb882cf0ecc4): Total: 3.089 seconds - Initiated by InitialRefreshV2(ForceSynchronousImport)
	Summary:
		Imports: total=0 (actual=0, local cache=0, cache server=0)
		Asset DB Process Time: managed=0 ms, native=1909 ms
		Asset DB Callback time: managed=8 ms, native=20 ms
		Scripting: domain reloads=1, domain reload time=556 ms, compile time=568 ms, other=25 ms
		Project Asset Count: scripts=1052, non-scripts=3899
		Asset File Changes: new=0, changed=0, moved=0, deleted=0
		Scan Filter Count: 0
	InvokeCustomDependenciesCallbacks: 0.002ms
	InvokePackagesCallback: 21.827ms
	ApplyChangesToAssetFolders: 0.537ms
	Scan: 76.538ms
	OnSourceAssetsModified: 0.002ms
	CategorizeAssetsWithTransientArtifact: 12.505ms
	ProcessAssetsWithTransientArtifactChanges: 28.734ms
	CategorizeAssets: 36.917ms
	ImportOutOfDateAssets: 1676.830ms (1107.384ms without children)
		CompileScripts: 568.256ms
		ReloadNativeAssets: 0.001ms
		UnloadImportedAssets: 0.147ms
		EnsureUptoDateAssetsAreRegisteredWithGuidPM: 0.520ms
		InitializingProgressBar: 0.000ms
		PostProcessAllAssetNotificationsAddChangedAssets: 0.001ms
		OnDemandSchedulerStart: 0.521ms
	PostProcessAllAssets: 8.416ms
	GatherAllCurrentPrimaryArtifactRevisions: 0.002ms
	UnloadStreamsBegin: 1.300ms
	PersistCurrentRevisions: 0.133ms
	UnloadStreamsEnd: 0.001ms
	GenerateScriptTypeHashes: 2.372ms
	Untracked: 1225.235ms

Application.AssetDatabase Initial Refresh End
Scanning for USB devices : 0.602ms
Initializing Unity extensions:
Unloading 48 Unused Serialized files (Serialized files now loaded: 0)
Unloading 3442 unused Assets / (17.5 MB). Loaded Objects now: 4046.
Memory consumption went from 172.6 MB to 155.1 MB.
Total: 12.260600 ms (FindLiveObjects: 0.734200 ms CreateObjectMapping: 0.965900 ms MarkObjects: 6.777600 ms  DeleteObjects: 3.781200 ms)

Start importing Assets/Mixamo/Animations/Mixamo_JabPunch.fbx using Guid(744493f133fc431489404bbf813369b4) (FBXImporter)Launched and connected shader compiler UnityShaderCompiler.exe after 0.02 seconds
Keyframe reduction: Ratio: 69.709160%;
 -> (artifact id: '50c9c4845b2c2167d6a121f32eaf0755') in 0.2409162 seconds
Refreshing native plugins compatible for Editor in 0.20 ms, found 0 plugins.
Preloading 0 native plugins for Editor in 0.00 ms.
Asset Pipeline Refresh (id=ba97e947b7b79f648b19f3c27ea6f714): Total: 0.431 seconds - Initiated by StopAssetImportingV2(NoUpdateAssetOptions)
	Summary:
		Imports: total=1 (actual=1, local cache=0, cache server=0)
		Asset DB Process Time: managed=9 ms, native=264 ms
		Asset DB Callback time: managed=155 ms, native=1 ms
		Scripting: domain reloads=0, domain reload time=0 ms, compile time=0 ms, other=0 ms
		Project Asset Count: scripts=1052, non-scripts=3899
		Asset File Changes: new=0, changed=0, moved=0, deleted=0
		Scan Filter Count: 4
	InvokeCustomDependenciesCallbacks: 0.001ms
	InvokePackagesCallback: 0.001ms
	ApplyChangesToAssetFolders: 0.186ms
	Scan: 13.534ms
	OnSourceAssetsModified: 0.001ms
	CategorizeAssetsWithTransientArtifact: 0.014ms
	ProcessAssetsWithTransientArtifactChanges: 0.075ms
	CategorizeAssets: 2.173ms
	ImportOutOfDateAssets: 244.775ms (0.310ms without children)
		ImportManagerImport: 243.406ms (1.269ms without children)
			ImportInProcess: 242.056ms
			UpdateCategorizedAssets: 0.081ms
		ReloadNativeAssets: 0.001ms
		UnloadImportedAssets: 0.160ms
		ReloadImportedAssets: 0.000ms
		EnsureUptoDateAssetsAreRegisteredWithGuidPM: 0.391ms
		InitializingProgressBar: 0.010ms
		PostProcessAllAssetNotificationsAddChangedAssets: 0.001ms
		OnDemandSchedulerStart: 0.497ms
	PostProcessAllAssets: 156.669ms
	Hotreload: 0.384ms
	GatherAllCurrentPrimaryArtifactRevisions: 0.244ms
	UnloadStreamsBegin: 1.129ms
	PersistCurrentRevisions: 0.128ms
	UnloadStreamsEnd: 0.001ms
	Untracked: 11.796ms

Start importing Assets/Mixamo/Animations/Mixamo_JabPunch.fbx using Guid(744493f133fc431489404bbf813369b4) (FBXImporter)Keyframe reduction: Ratio: 35.594406%;
 -> (artifact id: '8e0df2cb73c88f54da1516e2fc0a0894') in 0.4202998 seconds
Refreshing native plugins compatible for Editor in 0.46 ms, found 0 plugins.
Preloading 0 native plugins for Editor in 0.00 ms.
Loaded 1 ExamplePackConfig assets
UnityEngine.Debug:ExtractStackTraceNoAlloc (byte*,int,string)
UnityEngine.StackTraceUtility:ExtractStackTrace ()
UnityEngine.DebugLogHandler:Internal_Log (UnityEngine.LogType,UnityEngine.LogOption,string,UnityEngine.Object)
UnityEngine.DebugLogHandler:LogFormat (UnityEngine.LogType,UnityEngine.Object,string,object[])
UnityEngine.Logger:Log (UnityEngine.LogType,object)
UnityEngine.Debug:Log (object)
SyntyPackageHelper:LoadSyntyPackageHelperConfigs () (at Assets/Synty/SyntyPackageHelper/Editor/SyntyPackageHelper.cs:46)
SyntyPackageHelper:OnProjectChanged () (at Assets/Synty/SyntyPackageHelper/Editor/SyntyPackageHelper.cs:55)
UnityEditor.EditorApplication:Internal_CallProjectHasChanged ()
UnityEditor.AssetDatabase:ImportAsset (string,UnityEditor.ImportAssetOptions)
UnityEditor.AssetDatabase:ImportAsset (string)
UnityEditor.AssetImporter:SaveAndReimport ()
UpIzUpMini.EditorTools.Mini120SetupMixamoPunch:Run () (at Assets/UpIzUpMini/Editor/Mini120SetupMixamoPunch.cs:37)

(Filename: Assets/Synty/SyntyPackageHelper/Editor/SyntyPackageHelper.cs Line: 46)

Asset Pipeline Refresh (id=701fdfa5f5c225b4999eb8d56898ed3a): Total: 0.494 seconds - Initiated by StopAssetImportingV2(NoUpdateAssetOptions)
	Summary:
		Imports: total=1 (actual=1, local cache=0, cache server=0)
		Asset DB Process Time: managed=15 ms, native=457 ms
		Asset DB Callback time: managed=20 ms, native=1 ms
		Scripting: domain reloads=0, domain reload time=0 ms, compile time=0 ms, other=0 ms
		Project Asset Count: scripts=1052, non-scripts=3899
		Asset File Changes: new=0, changed=1, moved=0, deleted=0
		Scan Filter Count: 0
	InvokeCustomDependenciesCallbacks: 0.002ms
	InvokePackagesCallback: 0.002ms
	ApplyChangesToAssetFolders: 0.193ms
	Scan: 21.317ms
	OnSourceAssetsModified: 0.722ms
	CategorizeAssetsWithTransientArtifact: 0.033ms
	ProcessAssetsWithTransientArtifactChanges: 0.126ms
	CategorizeAssets: 7.402ms
	ImportOutOfDateAssets: 428.472ms (-0.794ms without children)
		ImportManagerImport: 426.779ms (1.566ms without children)
			ImportInProcess: 425.148ms
			UpdateCategorizedAssets: 0.065ms
		ReloadNativeAssets: 0.001ms
		UnloadImportedAssets: 0.204ms
		ReloadImportedAssets: 1.153ms
		EnsureUptoDateAssetsAreRegisteredWithGuidPM: 0.384ms
		InitializingProgressBar: 0.007ms
		PostProcessAllAssetNotificationsAddChangedAssets: 0.002ms
		OnDemandSchedulerStart: 0.736ms
	PostProcessAllAssets: 3.176ms
	Hotreload: 23.223ms
	GatherAllCurrentPrimaryArtifactRevisions: 0.441ms
	UnloadStreamsBegin: 0.097ms
	PersistCurrentRevisions: 0.227ms
	UnloadStreamsEnd: 0.149ms
	Untracked: 8.556ms

MINI-120 SETUP: found clip 'mixamo.com', length=1.03s, frameRate=30, isHumanMotion=True, isLooping=False
UnityEngine.Debug:ExtractStackTraceNoAlloc (byte*,int,string)
UnityEngine.StackTraceUtility:ExtractStackTrace ()
UnityEngine.DebugLogHandler:Internal_Log (UnityEngine.LogType,UnityEngine.LogOption,string,UnityEngine.Object)
UnityEngine.DebugLogHandler:LogFormat (UnityEngine.LogType,UnityEngine.Object,string,object[])
UnityEngine.Logger:Log (UnityEngine.LogType,object)
UnityEngine.Debug:Log (object)
UpIzUpMini.EditorTools.Mini120SetupMixamoPunch:Run () (at Assets/UpIzUpMini/Editor/Mini120SetupMixamoPunch.cs:45)

(Filename: Assets/UpIzUpMini/Editor/Mini120SetupMixamoPunch.cs Line: 45)

MINI-120 SETUP: import done. animationType=Human, avatar valid=True, avatar isHuman=True, clips found=1.
UnityEngine.Debug:ExtractStackTraceNoAlloc (byte*,int,string)
UnityEngine.StackTraceUtility:ExtractStackTrace ()
UnityEngine.DebugLogHandler:Internal_Log (UnityEngine.LogType,UnityEngine.LogOption,string,UnityEngine.Object)
UnityEngine.DebugLogHandler:LogFormat (UnityEngine.LogType,UnityEngine.Object,string,object[])
UnityEngine.Logger:Log (UnityEngine.LogType,object)
UnityEngine.Debug:Log (object)
UpIzUpMini.EditorTools.Mini120SetupMixamoPunch:Run () (at Assets/UpIzUpMini/Editor/Mini120SetupMixamoPunch.cs:51)

(Filename: Assets/UpIzUpMini/Editor/Mini120SetupMixamoPunch.cs Line: 51)

Batchmode quit successfully invoked - shutting down!
[Physics::Module] Cleanup current backend.
[Physics::Module] Id: 0xf2b8ea05
Input System module state changed to: ShutdownInProgress.
Input System polling thread exited.
Input System module state changed to: Shutdown.
[Licensing::IpcConnector] LicenseClient-PCSS-PC-notifications channel disconnected successfully.
[Licensing::IpcConnector] LicenseClient-PCSS-PC channel disconnected successfully.
AcceleratorClientConnectionCallback - disconnected - :0
Shut down.
Cleanup mono
abort_threads: Failed aborting id: 0000000000005104, mono_thread_manage will ignore it

abort_threads: Failed aborting id: 0000000000007484, mono_thread_manage will ignore it

abort_threads: Failed aborting id: 0000000000005104, mono_thread_manage will ignore it

abort_threads: Failed aborting id: 0000000000007484, mono_thread_manage will ignore it

debugger-agent: Unable to listen on 2364
Exiting batchmode successfully now!
Exiting without the bug reporter. Application will terminate with return code 0