[Licensing::Module] Trying to connect to existing licensing client channel...
Built from '6000.3/staging' branch; Version is '6000.3.10f1 (e35f0c77bd8e) revision 14901004'; Using compiler version '194234433'; Build Type 'Release'
[Licensing::IpcConnector] Channel LicenseClient-PCSS-PC doesn't exist
OS: 'Windows 11  (10.0.26200) Professional' Language: 'en' Physical Memory: 15826 MB
BatchMode: 1, IsHumanControllingUs: 0, StartBugReporterOnCrash: 0, Is64bit: 1
System  architecture: x64
Process architecture: x64
Date: 2026-08-29T08:37:32Z
[Licensing::Module] Successfully launched the LicensingClient (PId: 39076)
Starting IPC server.
Waiting for clients to connect on \\.\pipe\Unity-LicenseClient-PCSS-PC, press Ctrl-C to exit.

COMMAND LINE ARGUMENTS:
C:\Program Files\Unity\Hub\Editor\6000.3.10f1\Editor\Unity.exe
-batchmode
-quit
-projectPath
E:\Unity\Up Iz Up Mini
-executeMethod
UpIzUpMini.EditorTools.Mini120RenderPunchPose.SampleRightHookFrames
-logFile
Tools/AIWorkflow/mini120rhsample_run.log
Successfully changed project path to: E:\Unity\Up Iz Up Mini
E:/Unity/Up Iz Up Mini
[UnityMemory] Configuration Parameters - Can be set up in boot.config
    "memorysetup-temp-allocator-size-nav-mesh-worker=65536"
    "memorysetup-temp-allocator-size-audio-worker=65536"
    "memorysetup-temp-allocator-size-gfx=262144"
    "memorysetup-allocator-temp-initial-block-size-main=262144"
    "memorysetup-allocator-temp-initial-block-size-worker=262144"
    "memorysetup-temp-allocator-size-background-worker=32768"
    "memorysetup-temp-allocator-size-job-worker=262144"
    "memorysetup-temp-allocator-size-preload-manager=33554432"
    "memorysetup-temp-allocator-size-gi-baking-worker=262144"
    "memorysetup-temp-allocator-size-gi-baking-worker=262144"
    "memorysetup-temp-allocator-size-gi-baking-worker=262144"
    "memorysetup-temp-allocator-size-gi-baking-worker=262144"
    "memorysetup-temp-allocator-size-gi-baking-worker=262144"
    "memorysetup-bucket-allocator-granularity=16"
    "memorysetup-bucket-allocator-bucket-count=8"
    "memorysetup-bucket-allocator-block-size=33554432"
    "memorysetup-bucket-allocator-block-count=8"
    "memorysetup-main-allocator-block-size=16777216"
    "memorysetup-thread-allocator-block-size=16777216"
    "memorysetup-gfx-main-allocator-block-size=16777216"
    "memorysetup-gfx-thread-allocator-block-size=16777216"
    "memorysetup-cache-allocator-block-size=4194304"
    "memorysetup-typetree-allocator-block-size=2097152"
    "memorysetup-profiler-bucket-allocator-granularity=16"
    "memorysetup-profiler-bucket-allocator-bucket-count=8"
    "memorysetup-profiler-bucket-allocator-block-size=33554432"
    "memorysetup-profiler-bucket-allocator-block-count=8"
    "memorysetup-profiler-allocator-block-size=16777216"
    "memorysetup-profiler-editor-allocator-block-size=1048576"
    "memorysetup-temp-allocator-size-main=16777216"
    "memorysetup-job-temp-allocator-block-size=2097152"
    "memorysetup-job-temp-allocator-block-size-background=1048576"
    "memorysetup-job-temp-allocator-reduction-small-platforms=262144"
    "memorysetup-temp-allocator-size-cloud-worker=32768"
Player connection [42052]  Target information:

Player connection [42052]  * "[IP] 192.168.108.205 [Port] 55504 [Flags] 2 [Guid] 4188649485 [EditorId] 4188649485 [Version] 1048832 [Id] WindowsEditor(7,PC-22) [Debug] 1 [PackageName] WindowsEditor [ProjectName] Editor" 

Player connection [42052]  * "[IP] 100.83.75.75 [Port] 55504 [Flags] 2 [Guid] 4188649485 [EditorId] 4188649485 [Version] 1048832 [Id] WindowsEditor(7,PC-22) [Debug] 1 [PackageName] WindowsEditor [ProjectName] Editor" 

Player connection [42052]  * "[IP] 192.168.137.1 [Port] 55504 [Flags] 2 [Guid] 4188649485 [EditorId] 4188649485 [Version] 1048832 [Id] WindowsEditor(7,PC-22) [Debug] 1 [PackageName] WindowsEditor [ProjectName] Editor" 

Player connection [42052] Host joined multi-casting on [225.0.0.222:54997]...
Player connection [42052] Host joined alternative multi-casting on [225.0.0.222:34997]...
Input System module state changed to: Initialized.
[Physics::Module] Initialized fallback backend.
[Physics::Module] Id: 0xdecafbad
[Licensing::IpcConnector] Successfully connected to: "LicenseClient-PCSS-PC" at "2026-08-29T08:37:32.5864487Z"
[Package Manager] Connected to IPC stream "Upm-23100" after 0.2 seconds.
[Licensing::Module] Licensing is not yet initialized.
[Licensing::Client] Handshaking with LicensingClient:
  Version:                 1.17.4+4293ba1
  Session Id:              cf3dc4da9ad1458caaea60a005978a7f
  Correlation Id:          21ff091d42b89b710872152de66beede
  External correlation Id: 2224412029886468646
  Machine Id:              BSsZwx/0FUTXPDacKK/mAf12cyA=
[Licensing::Module] Successfully connected to LicensingClient on channel: "LicenseClient-PCSS-PC" (connect: 0.25s, validation: 0.05s, handshake: 1.57s)
[Licensing::IpcConnector] Successfully connected to: "LicenseClient-PCSS-PC-notifications" at "2026-08-29T08:37:34.2047347Z"
[Licensing::Module] Connected to LicensingClient (PId: 39076, launch time: 0.01, total connection time: 1.86s)
[Licensing::Module] Error: Access token is unavailable; failed to update
[Licensing::Client] Successfully resolved entitlement details
[Licensing::Module] License group:
  Id: F4-VZG9-MHCH-26WA-PBF7-XXXX
  Product: Unity Personal
  Type: ULF
  Expiration: Unlimited
[Licensing::Module] License group:
  Id: 1125343-UnityPersXXXX
  Product: Unity Personal
  Type: Assigned
  Expiration: Unlimited
[Licensing::Client] Successfully updated license, isAsync: True, time: 0.01
[Licensing::Client] Successfully resolved entitlement details
[Licensing::Module] License group:
  Id: F4-VZG9-MHCH-26WA-PBF7-XXXX
  Product: Unity Personal
  Type: ULF
  Expiration: Unlimited
[Licensing::Module] License group:
  Id: 1125343-UnityPersXXXX
  Product: Unity Personal
  Type: Assigned
  Expiration: Unlimited
[Licensing::Module] Licensing Background thread has ended after 1.89s
[Licensing::Module] Licensing is initialized (took 1.38s).
[Licensing::Client] Successfully resolved entitlement details
[Licensing::Module] License group:
  Id: F4-VZG9-MHCH-26WA-PBF7-XXXX
  Product: Unity Personal
  Type: ULF
  Expiration: Unlimited
[Licensing::Module] License group:
  Id: 1125343-UnityPersXXXX
  Product: Unity Personal
  Type: Assigned
  Expiration: Unlimited
Library Redirect Path: Library/
[Physics::Module] Selected backend.
[Physics::Module] Name: PhysX
[Physics::Module] Id: 0xf2b8ea05
[Physics::Module] SDK Version: 4.1.2
[Physics::Module] Integration Version: 1.0.0
[Physics::Module] Threading Mode: Multi-Threaded
Refreshing native plugins compatible for Editor in 0.05 ms, found 0 plugins.
Preloading 0 native plugins for Editor in 0.00 ms.
Initialize engine version: 6000.3.10f1 (e35f0c77bd8e)
[Subsystems] Discovering subsystems at path C:/Program Files/Unity/Hub/Editor/6000.3.10f1/Editor/Data/Resources/UnitySubsystems
[Subsystems] Discovering subsystems at path E:/Unity/Up Iz Up Mini/Assets
GfxDevice: creating device client; kGfxThreadingModeNonThreaded
Direct3D:
    Version:  Direct3D 11.0 [level 11.1]
    Renderer: Intel(R) Graphics (ID=0x7d67)
    Vendor:   Intel
    VRAM:     9021 MB
    Driver:   32.0.101.8724
Initialize mono
Mono path[0] = 'C:/Program Files/Unity/Hub/Editor/6000.3.10f1/Editor/Data/Managed'
Mono path[1] = 'C:/Program Files/Unity/Hub/Editor/6000.3.10f1/Editor/Data/MonoBleedingEdge/lib/mono/unityjit-win32'
Mono config path = 'C:/Program Files/Unity/Hub/Editor/6000.3.10f1/Editor/Data/MonoBleedingEdge/etc'
Using monoOptions --debugger-agent=transport=dt_socket,embedding=1,server=y,suspend=n,address=127.0.0.1:56100
Using cacheserver namespaces - metadata:defaultmetadata, artifacts:defaultartifacts
Using cacheserver namespaces - metadata:defaultmetadata, artifacts:defaultartifacts
ImportWorker Server TCP listen port: 0
AcceleratorClientConnectionCallback - disconnected - :0
Begin MonoManager ReloadAssembly
Registering precompiled unity dll's ...
Register platform support module: C:/Program Files/Unity/Hub/Editor/6000.3.10f1/Editor/Data/PlaybackEngines/WebGLSupport/UnityEditor.WebGL.Extensions.dll
Register platform support module: C:/Program Files/Unity/Hub/Editor/6000.3.10f1/Editor/Data/PlaybackEngines/WindowsStandaloneSupport/UnityEditor.WindowsStandalone.Extensions.dll
Registered in 0.001939 seconds.
- Loaded All Assemblies, in  0.420 seconds
Native extension for WindowsStandalone target not found
Native extension for WebGL target not found
ScheduleIndexationOnStartup MainProcess:False IndexOnStartup:True
Mono: successfully reloaded assembly
- Finished resetting the current domain, in  0.307 seconds
Domain Reload Profiling: 724ms
	BeginReloadAssembly (163ms)
		ExecutionOrderSort (0ms)
		DisableScriptedObjects (0ms)
		BackupInstance (0ms)
		ReleaseScriptingObjects (0ms)
		CreateAndSetChildDomain (21ms)
	RebuildCommonClasses (34ms)
	RebuildNativeTypeToScriptingClass (10ms)
	initialDomainReloadingComplete (46ms)
	LoadAllAssembliesAndSetupDomain (163ms)
		LoadAssemblies (139ms)
		RebuildTransferFunctionScriptingTraits (0ms)
		AnalyzeDomain (160ms)
			TypeCache.Refresh (156ms)
				TypeCache.ScanAssembly (138ms)
			BuildScriptInfoCaches (0ms)
			ResolveRequiredComponents (1ms)
	FinalizeReload (307ms)
		ReleaseScriptCaches (0ms)
		RebuildScriptCaches (0ms)
		SetupLoadedEditorAssemblies (275ms)
			LogAssemblyErrors (0ms)
			InitializePlatformSupportModulesInManaged (39ms)
			SetLoadedEditorAssemblies (3ms)
			BeforeProcessingInitializeOnLoad (60ms)
			ProcessInitializeOnLoadAttributes (116ms)
			ProcessInitializeOnLoadMethodAttributes (56ms)
			AfterProcessingInitializeOnLoad (0ms)
			EditorAssembliesLoaded (0ms)
		ExecutionOrderSort2 (0ms)
		AwakeInstancesAfterBackupRestoration (0ms)
[Licensing::Client] Successfully resolved entitlement details
[Licensing::Module] License group:
  Id: F4-VZG9-MHCH-26WA-PBF7-XXXX
  Product: Unity Personal
  Type: ULF
  Expiration: Unlimited
[Licensing::Module] License group:
  Id: 1125343-UnityPersXXXX
  Product: Unity Personal
  Type: Assigned
  Expiration: Unlimited
Application.AssetDatabase Initial Refresh Start
Package Manager log level set to [2]
[Package Manager] Restoring resolved packages state from cache
[Licensing::Client] Successfully resolved entitlement details
[Package Manager] Registered 52 packages:
  Packages from [https://packages.unity.com]:
    com.unity.ai.navigation@2.0.14 (location: E:\Unity\Up Iz Up Mini\Library\PackageCache\com.unity.ai.navigation@134dd6a3b97b)
    com.unity.cloud.gltfast@6.9.0 (location: E:\Unity\Up Iz Up Mini\Library\PackageCache\com.unity.cloud.gltfast@1bfd82b6f675)
    com.unity.animation.rigging@1.4.1 (location: E:\Unity\Up Iz Up Mini\Library\PackageCache\com.unity.animation.rigging@ae5f251e1ed4)
    com.unity.burst@1.8.28 (location: E:\Unity\Up Iz Up Mini\Library\PackageCache\com.unity.burst@07790c2d06d9)
    com.unity.collections@2.6.2 (location: E:\Unity\Up Iz Up Mini\Library\PackageCache\com.unity.collections@aea9d3bd5e19)
    com.unity.mathematics@1.3.3 (location: E:\Unity\Up Iz Up Mini\Library\PackageCache\com.unity.mathematics@19a9377c4ffa)
    com.unity.searcher@4.9.4 (location: E:\Unity\Up Iz Up Mini\Library\PackageCache\com.unity.searcher@d45a78918735)
    com.unity.nuget.mono-cecil@1.11.6 (location: E:\Unity\Up Iz Up Mini\Library\PackageCache\com.unity.nuget.mono-cecil@ecb9724e46ff)
    com.unity.test-framework.performance@3.2.0 (location: E:\Unity\Up Iz Up Mini\Library\PackageCache\com.unity.test-framework.performance@0840f58e4562)
  Built-in packages:
    com.unity.multiplayer.center@1.0.1 (location: E:\Unity\Up Iz Up Mini\Library\PackageCache\com.unity.multiplayer.center@f01f4ba8d00a)
    com.unity.shadergraph@17.3.0 (location: E:\Unity\Up Iz Up Mini\Library\PackageCache\com.unity.shadergraph@c8830f61858d)
    com.unity.ugui@2.0.0 (location: E:\Unity\Up Iz Up Mini\Library\PackageCache\com.unity.ugui@bb329a87fcdc)
    com.unity.modules.accessibility@1.0.0 (location: E:\Unity\Up Iz Up Mini\Library\PackageCache\com.unity.modules.accessibility)
    com.unity.modules.adaptiveperformance@1.0.0 (location: E:\Unity\Up Iz Up Mini\Library\PackageCache\com.unity.modules.adaptiveperformance)
    com.unity.modules.ai@1.0.0 (location: E:\Unity\Up Iz Up Mini\Library\PackageCache\com.unity.modules.ai)
    com.unity.modules.androidjni@1.0.0 (location: E:\Unity\Up Iz Up Mini\Library\PackageCache\com.unity.modules.androidjni)
    com.unity.modules.animation@1.0.0 (location: E:\Unity\Up Iz Up Mini\Library\PackageCache\com.unity.modules.animation)
    com.unity.modules.assetbundle@1.0.0 (location: E:\Unity\Up Iz Up Mini\Library\PackageCache\com.unity.modules.assetbundle)
    com.unity.modules.audio@1.0.0 (location: E:\Unity\Up Iz Up Mini\Library\PackageCache\com.unity.modules.audio)
    com.unity.modules.cloth@1.0.0 (location: E:\Unity\Up Iz Up Mini\Library\PackageCache\com.unity.modules.cloth)
    com.unity.modules.director@1.0.0 (location: E:\Unity\Up Iz Up Mini\Library\PackageCache\com.unity.modules.director)
    com.unity.modules.imageconversion@1.0.0 (location: E:\Unity\Up Iz Up Mini\Library\PackageCache\com.unity.modules.imageconversion)
    com.unity.modules.imgui@1.0.0 (location: E:\Unity\Up Iz Up Mini\Library\PackageCache\com.unity.modules.imgui)
    com.unity.modules.jsonserialize@1.0.0 (location: E:\Unity\Up Iz Up Mini\Library\PackageCache\com.unity.modules.jsonserialize)
    com.unity.modules.particlesystem@1.0.0 (location: E:\Unity\Up Iz Up Mini\Library\PackageCache\com.unity.modules.particlesystem)
    com.unity.modules.physics@1.0.0 (location: E:\Unity\Up Iz Up Mini\Library\PackageCache\com.unity.modules.physics)
    com.unity.modules.physics2d@1.0.0 (location: E:\Unity\Up Iz Up Mini\Library\PackageCache\com.unity.modules.physics2d)
    com.unity.modules.screencapture@1.0.0 (location: E:\Unity\Up Iz Up Mini\Library\PackageCache\com.unity.modules.screencapture)
    com.unity.modules.terrain@1.0.0 (location: E:\Unity\Up Iz Up Mini\Library\PackageCache\com.unity.modules.terrain)
    com.unity.modules.terrainphysics@1.0.0 (location: E:\Unity\Up Iz Up Mini\Library\PackageCache\com.unity.modules.terrainphysics)
    com.unity.modules.tilemap@1.0.0 (location: E:\Unity\Up Iz Up Mini\Library\PackageCache\com.unity.modules.tilemap)
    com.unity.modules.ui@1.0.0 (location: E:\Unity\Up Iz Up Mini\Library\PackageCache\com.unity.modules.ui)
    com.unity.modules.uielements@1.0.0 (location: E:\Unity\Up Iz Up Mini\Library\PackageCache\com.unity.modules.uielements)
    com.unity.modules.umbra@1.0.0 (location: E:\Unity\Up Iz Up Mini\Library\PackageCache\com.unity.modules.umbra)
    com.unity.modules.unityanalytics@1.0.0 (location: E:\Unity\Up Iz Up Mini\Library\PackageCache\com.unity.modules.unityanalytics)
    com.unity.modules.unitywebrequest@1.0.0 (location: E:\Unity\Up Iz Up Mini\Library\PackageCache\com.unity.modules.unitywebrequest)
    com.unity.modules.unitywebrequestassetbundle@1.0.0 (location: E:\Unity\Up Iz Up Mini\Library\PackageCache\com.unity.modules.unitywebrequestassetbundle)
    com.unity.modules.unitywebrequestaudio@1.0.0 (location: E:\Unity\Up Iz Up Mini\Library\PackageCache\com.unity.modules.unitywebrequestaudio)
    com.unity.modules.unitywebrequesttexture@1.0.0 (location: E:\Unity\Up Iz Up Mini\Library\PackageCache\com.unity.modules.unitywebrequesttexture)
    com.unity.modules.unitywebrequestwww@1.0.0 (location: E:\Unity\Up Iz Up Mini\Library\PackageCache\com.unity.modules.unitywebrequestwww)
    com.unity.modules.vectorgraphics@1.0.0 (location: E:\Unity\Up Iz Up Mini\Library\PackageCache\com.unity.modules.vectorgraphics)
    com.unity.modules.vehicles@1.0.0 (location: E:\Unity\Up Iz Up Mini\Library\PackageCache\com.unity.modules.vehicles)
    com.unity.modules.video@1.0.0 (location: E:\Unity\Up Iz Up Mini\Library\PackageCache\com.unity.modules.video)
    com.unity.modules.vr@1.0.0 (location: E:\Unity\Up Iz Up Mini\Library\PackageCache\com.unity.modules.vr)
    com.unity.modules.wind@1.0.0 (location: E:\Unity\Up Iz Up Mini\Library\PackageCache\com.unity.modules.wind)
    com.unity.modules.xr@1.0.0 (location: E:\Unity\Up Iz Up Mini\Library\PackageCache\com.unity.modules.xr)
    com.unity.modules.subsystems@1.0.0 (location: E:\Unity\Up Iz Up Mini\Library\PackageCache\com.unity.modules.subsystems)
    com.unity.modules.hierarchycore@1.0.0 (location: E:\Unity\Up Iz Up Mini\Library\PackageCache\com.unity.modules.hierarchycore)
    com.unity.render-pipelines.core@17.3.0 (location: E:\Unity\Up Iz Up Mini\Library\PackageCache\com.unity.render-pipelines.core@04ab0eefa0c3)
    com.unity.test-framework@1.6.0 (location: E:\Unity\Up Iz Up Mini\Library\PackageCache\com.unity.test-framework@0b7a23ab2e1d)
    com.unity.ext.nunit@2.0.5 (location: E:\Unity\Up Iz Up Mini\Library\PackageCache\com.unity.ext.nunit@d8c07649098d)
  Embedded packages:
    com.barmetler.roadsystem@file:E:\Unity\Up Iz Up Mini\Packages\com.barmetler.roadsystem (location: E:\Unity\Up Iz Up Mini\Packages\com.barmetler.roadsystem)
[Subsystems] No new subsystems found in resolved package list.
[Package Manager] Done registering packages in 0.02 seconds
info: Microsoft.Hosting.Lifetime[14]
      Now listening on: http://localhost:80
info: Microsoft.Hosting.Lifetime[0]
      Application started. Press Ctrl+C to shut down.
info: Microsoft.Hosting.Lifetime[0]
      Hosting environment: Production
info: Microsoft.Hosting.Lifetime[0]
      Content root path: E:\Unity\Up Iz Up Mini\
info: Microsoft.AspNetCore.Hosting.Diagnostics[1]
      Request starting HTTP/2 POST http://ilpp/UnityILPP.PostProcessing/Ping application/grpc -
info: Microsoft.AspNetCore.Routing.EndpointMiddleware[0]
      Executing endpoint 'gRPC - /UnityILPP.PostProcessing/Ping'
info: Microsoft.AspNetCore.Routing.EndpointMiddleware[1]
      Executed endpoint 'gRPC - /UnityILPP.PostProcessing/Ping'
info: Microsoft.AspNetCore.Hosting.Diagnostics[2]
      Request finished HTTP/2 POST http://ilpp/UnityILPP.PostProcessing/Ping application/grpc - - 200 - application/grpc 32.6906ms
Starting: C:\Program Files\Unity\Hub\Editor\6000.3.10f1\Editor\Data\Tools\BuildPipeline\bee_backend.exe --ipc --defer-dag-verification --dagfile="Library/Bee/1900b0aE.dag" --continue-on-failure --profile="Library/Bee/backend1.traceevents" ScriptAssemblies
WorkingDir: E:/Unity/Up Iz Up Mini
DisplayProgressbar: Compiling Scripts
info: Microsoft.AspNetCore.Hosting.Diagnostics[1]
      Request starting HTTP/2 POST http://ilpp/UnityILPP.PostProcessing/ConfigurePostProcessors application/grpc -
info: Microsoft.AspNetCore.Routing.EndpointMiddleware[0]
      Executing endpoint 'gRPC - /UnityILPP.PostProcessing/ConfigurePostProcessors'
warn: Unity.ILPP.Runner.PostProcessingAssemblyLoadContext[0]
      Assembly system.runtime.interopservices.windowsruntime has duplicate hint path. Ignoring "C:\Program Files\Unity\Hub\Editor\6000.3.10f1\Editor\Data\UnityReferenceAssemblies\unity-4.8-api\Facades\System.Runtime.InteropServices.WindowsRuntime.dll" in favor of "C:\Program Files\Unity\Hub\Editor\6000.3.10f1\Editor\Data\NetStandard\Extensions\2.0.0\System.Runtime.InteropServices.WindowsRuntime.dll"
warn: Unity.ILPP.Runner.PostProcessingAssemblyLoadContext[0]
      Assembly system.componentmodel.composition has duplicate hint path. Ignoring "C:\Program Files\Unity\Hub\Editor\6000.3.10f1\Editor\Data\UnityReferenceAssemblies\unity-4.8-api\System.ComponentModel.Composition.dll" in favor of "C:\Program Files\Unity\Hub\Editor\6000.3.10f1\Editor\Data\NetStandard\compat\2.1.0\shims\netfx\System.ComponentModel.Composition.dll"
info: Unity.ILPP.Runner.PostProcessingAssemblyLoadContext[0]
      Resolved Unity.Burst.Cecil, Version=0.11.4.0, Culture=neutral, PublicKeyToken=50cebf1cceb9d05e with Library\PackageCache\com.unity.burst@07790c2d06d9\Unity.Burst.CodeGen\Unity.Burst.Cecil.dll
info: Unity.ILPP.Runner.PostProcessingAssemblyLoadContext[0]
      Resolved Mono.Cecil, Version=0.11.5.0, Culture=neutral, PublicKeyToken=50cebf1cceb9d05e with Library\PackageCache\com.unity.nuget.mono-cecil@ecb9724e46ff\Mono.Cecil.dll
info: Microsoft.AspNetCore.Routing.EndpointMiddleware[1]
      Executed endpoint 'gRPC - /UnityILPP.PostProcessing/ConfigurePostProcessors'
info: Microsoft.AspNetCore.Hosting.Diagnostics[2]
      Request finished HTTP/2 POST http://ilpp/UnityILPP.PostProcessing/ConfigurePostProcessors application/grpc - - 200 - application/grpc 50.5346ms
ExitCode: 0 Duration: 0s226ms
[545/687    0s] ILPP-Configuration Library/ilpp-configuration.nevergeneratedoutput
*** Tundra build success (0.19 seconds), 1 items updated, 687 evaluated
AssetDatabase: script compilation time: 0.581496s
Begin MonoManager ReloadAssembly
- Loaded All Assemblies, in  0.586 seconds
Refreshing native plugins compatible for Editor in 0.37 ms, found 0 plugins.
Native extension for WindowsStandalone target not found
Native extension for WebGL target not found
[MODES] ModeService[none].Initialize
[MODES] ModeService[none].LoadModes
[MODES] Loading mode Default (0) for mode-current-id-Up Iz Up Mini
ScheduleIndexationOnStartup MainProcess:True IndexOnStartup:True
Mono: successfully reloaded assembly
- Finished resetting the current domain, in  1.702 seconds
Domain Reload Profiling: 2289ms
	BeginReloadAssembly (280ms)
		ExecutionOrderSort (0ms)
		DisableScriptedObjects (9ms)
		BackupInstance (0ms)
		ReleaseScriptingObjects (0ms)
		CreateAndSetChildDomain (158ms)
	RebuildCommonClasses (26ms)
	RebuildNativeTypeToScriptingClass (8ms)
	initialDomainReloadingComplete (27ms)
	LoadAllAssembliesAndSetupDomain (242ms)
		LoadAssemblies (240ms)
		RebuildTransferFunctionScriptingTraits (0ms)
		AnalyzeDomain (86ms)
			TypeCache.Refresh (59ms)
				TypeCache.ScanAssembly (49ms)
			BuildScriptInfoCaches (21ms)
			ResolveRequiredComponents (3ms)
	FinalizeReload (1707ms)
		ReleaseScriptCaches (0ms)
		RebuildScriptCaches (0ms)
		SetupLoadedEditorAssemblies (1578ms)
			LogAssemblyErrors (0ms)
			InitializePlatformSupportModulesInManaged (22ms)
			SetLoadedEditorAssemblies (2ms)
			BeforeProcessingInitializeOnLoad (108ms)
			ProcessInitializeOnLoadAttributes (1366ms)
			ProcessInitializeOnLoadMethodAttributes (73ms)
			AfterProcessingInitializeOnLoad (6ms)
			EditorAssembliesLoaded (0ms)
		ExecutionOrderSort2 (0ms)
		AwakeInstancesAfterBackupRestoration (9ms)
Start importing Packages/com.unity.render-pipelines.core/Tests/Editor/UnifiedRayTracing/TraceRays.urtshader using Guid(1142bbad8b9e8c44c83a9775ff120d37) (ScriptedImporter)Launched and connected shader compiler UnityShaderCompiler.exe after 0.02 seconds

Compiling Ray Tracing Shader "TraceRays.urtshader", keywords = <no keywords>
    finished in 0.00 seconds. Local cache hits 1, remote cache hits 0, compiled 0 platform variants
 -> (artifact id: 'ba14188551b4dba1c324c2f3848c446b') in 0.0556077 seconds
Start importing Packages/com.unity.render-pipelines.core/Editor/Lighting/ProbeVolume/RenderingLayerMask/TraceRenderingLayerMask.urtshader using Guid(94a070d33e408384bafc1dea4a565df9) (ScriptedImporter)
Compiling Ray Tracing Shader "TraceRenderingLayerMask.urtshader", keywords = <no keywords>
    finished in 0.00 seconds. Local cache hits 1, remote cache hits 0, compiled 0 platform variants
 -> (artifact id: '2b5755115289b48a188e99cf990958db') in 0.0164255 seconds
Start importing Packages/com.unity.render-pipelines.core/Tests/Editor/UnifiedRayTracing/TraceTransparentRays.urtshader using Guid(6513c3b892e933c4f8d00c19d5c47532) (ScriptedImporter)
Compiling Ray Tracing Shader "TraceTransparentRays.urtshader", keywords = <no keywords>
    finished in 0.00 seconds. Local cache hits 1, remote cache hits 0, compiled 0 platform variants
 -> (artifact id: '9e1d0f4bc02fa725bdc0d332751725e6') in 0.0041908 seconds
Start importing Packages/com.unity.render-pipelines.core/Editor/Lighting/ProbeVolume/DynamicGI/DynamicGISkyOcclusion.urtshader using Guid(5a2a534753fbdb44e96c3c78b5a6999d) (ScriptedImporter)
Compiling Ray Tracing Shader "DynamicGISkyOcclusion.urtshader", keywords = <no keywords>
    finished in 0.00 seconds. Local cache hits 1, remote cache hits 0, compiled 0 platform variants
 -> (artifact id: '3431f9b8b8163fcb61caa9f9fec56261') in 0.0067427 seconds
Start importing Packages/com.unity.render-pipelines.core/Tests/Editor/UnifiedRayTracing/TraceRaysAndFetchAttributes.urtshader using Guid(fbc59f55df2416344b008dc23753cae2) (ScriptedImporter)
Compiling Ray Tracing Shader "TraceRaysAndFetchAttributes.urtshader", keywords = <no keywords>
    finished in 0.00 seconds. Local cache hits 1, remote cache hits 0, compiled 0 platform variants
 -> (artifact id: 'b6b9ba9d1fb1a9bc800f60ca0fcf99a9') in 0.0046346 seconds
Start importing Packages/com.unity.render-pipelines.core/Editor/Lighting/ProbeVolume/VirtualOffset/TraceVirtualOffset.urtshader using Guid(ff2cbab5da58bf04d82c5f34037ed123) (ScriptedImporter)
Compiling Ray Tracing Shader "TraceVirtualOffset.urtshader", keywords = <no keywords>
    finished in 0.00 seconds. Local cache hits 1, remote cache hits 0, compiled 0 platform variants
 -> (artifact id: '6e251fe840404c011c35159e7fd6fead') in 0.0077182 seconds
Refreshing native plugins compatible for Editor in 0.43 ms, found 0 plugins.
Preloading 0 native plugins for Editor in 0.00 ms.
Asset Pipeline Refresh (id=f8b553e650c826b4983db8c26019c027): Total: 3.411 seconds - Initiated by InitialRefreshV2(ForceSynchronousImport)
	Summary:
		Imports: total=6 (actual=6, local cache=0, cache server=0)
		Asset DB Process Time: managed=2 ms, native=2044 ms
		Asset DB Callback time: managed=118 ms, native=48 ms
		Scripting: domain reloads=1, domain reload time=586 ms, compile time=583 ms, other=28 ms
		Project Asset Count: scripts=1052, non-scripts=3901
		Asset File Changes: new=0, changed=0, moved=0, deleted=0
		Scan Filter Count: 0
	InvokeCustomDependenciesCallbacks: 0.001ms
	InvokePackagesCallback: 18.104ms
	ApplyChangesToAssetFolders: 0.405ms
	Scan: 68.472ms
	OnSourceAssetsModified: 0.002ms
	CategorizeAssetsWithTransientArtifact: 15.185ms
	ProcessAssetsWithTransientArtifactChanges: 32.500ms
	CategorizeAssets: 39.176ms
	ImportOutOfDateAssets: 1809.676ms (1126.486ms without children)
		ImportManagerImport: 98.463ms (1.605ms without children)
			ImportInProcess: 96.610ms
			UpdateCategorizedAssets: 0.248ms
		CompileScripts: 583.324ms
		ReloadNativeAssets: 0.001ms
		UnloadImportedAssets: 0.279ms
		ReloadImportedAssets: 0.001ms
		EnsureUptoDateAssetsAreRegisteredWithGuidPM: 0.580ms
		InitializingProgressBar: 0.009ms
		PostProcessAllAssetNotificationsAddChangedAssets: 0.001ms
		OnDemandSchedulerStart: 0.532ms
	PostProcessAllAssets: 148.338ms
	Hotreload: 1.430ms
	GatherAllCurrentPrimaryArtifactRevisions: 0.002ms
	UnloadStreamsBegin: 1.120ms
	PersistCurrentRevisions: 0.235ms
	UnloadStreamsEnd: 0.001ms
	GenerateScriptTypeHashes: 4.569ms
	Untracked: 1276.550ms

Application.AssetDatabase Initial Refresh End
Scanning for USB devices : 0.544ms
Initializing Unity extensions:
Unloading 54 Unused Serialized files (Serialized files now loaded: 0)
Unloading 3458 unused Assets / (21.1 MB). Loaded Objects now: 4053.
Memory consumption went from 190.6 MB to 169.5 MB.
Total: 11.113400 ms (FindLiveObjects: 0.337000 ms CreateObjectMapping: 0.241000 ms MarkObjects: 4.894600 ms  DeleteObjects: 5.639100 ms)

Opening scene 'Assets/UpIzUpMini/Scenes/GrandBayProof.unity'
Unloading 55 Unused Serialized files (Serialized files now loaded: 0)
Loaded scene 'Assets/UpIzUpMini/Scenes/GrandBayProof.unity'
	Deserialize:            70.737 ms
	Integration:            368.656 ms
	Integration of assets:  9.468 ms
	Thread Wait Time:       -1.877 ms
	Total Operation Time:   446.983 ms
Unloading 1 unused Assets / (0.5 KB). Loaded Objects now: 17056.
Memory consumption went from 203.9 MB to 203.9 MB.
Total: 6.397300 ms (FindLiveObjects: 1.205000 ms CreateObjectMapping: 0.295800 ms MarkObjects: 4.860400 ms  DeleteObjects: 0.035000 ms)

MINI-120 RENDER: saved Logs/Tasks/MINI-120/righthook_sample_10pct.png (clip=mixamo.com, time=0.11s of 1.10s).
UnityEngine.Debug:ExtractStackTraceNoAlloc (byte*,int,string)
UnityEngine.StackTraceUtility:ExtractStackTrace ()
UnityEngine.DebugLogHandler:Internal_Log (UnityEngine.LogType,UnityEngine.LogOption,string,UnityEngine.Object)
UnityEngine.DebugLogHandler:LogFormat (UnityEngine.LogType,UnityEngine.Object,string,object[])
UnityEngine.Logger:Log (UnityEngine.LogType,object)
UnityEngine.Debug:Log (object)
UpIzUpMini.EditorTools.Mini120RenderPunchPose:RenderAtTime (UnityEngine.GameObject,UnityEngine.GameObject,UnityEngine.AnimationClip,single,string) (at Assets/UpIzUpMini/Editor/Mini120RenderPunchPose.cs:128)
UpIzUpMini.EditorTools.Mini120RenderPunchPose:SampleClipFrames (string,string) (at Assets/UpIzUpMini/Editor/Mini120RenderPunchPose.cs:46)
UpIzUpMini.EditorTools.Mini120RenderPunchPose:SampleRightHookFrames () (at Assets/UpIzUpMini/Editor/Mini120RenderPunchPose.cs:29)

(Filename: Assets/UpIzUpMini/Editor/Mini120RenderPunchPose.cs Line: 128)

MINI-120 RENDER: saved Logs/Tasks/MINI-120/righthook_sample_20pct.png (clip=mixamo.com, time=0.22s of 1.10s).
UnityEngine.Debug:ExtractStackTraceNoAlloc (byte*,int,string)
UnityEngine.StackTraceUtility:ExtractStackTrace ()
UnityEngine.DebugLogHandler:Internal_Log (UnityEngine.LogType,UnityEngine.LogOption,string,UnityEngine.Object)
UnityEngine.DebugLogHandler:LogFormat (UnityEngine.LogType,UnityEngine.Object,string,object[])
UnityEngine.Logger:Log (UnityEngine.LogType,object)
UnityEngine.Debug:Log (object)
UpIzUpMini.EditorTools.Mini120RenderPunchPose:RenderAtTime (UnityEngine.GameObject,UnityEngine.GameObject,UnityEngine.AnimationClip,single,string) (at Assets/UpIzUpMini/Editor/Mini120RenderPunchPose.cs:128)
UpIzUpMini.EditorTools.Mini120RenderPunchPose:SampleClipFrames (string,string) (at Assets/UpIzUpMini/Editor/Mini120RenderPunchPose.cs:46)
UpIzUpMini.EditorTools.Mini120RenderPunchPose:SampleRightHookFrames () (at Assets/UpIzUpMini/Editor/Mini120RenderPunchPose.cs:29)

(Filename: Assets/UpIzUpMini/Editor/Mini120RenderPunchPose.cs Line: 128)

MINI-120 RENDER: saved Logs/Tasks/MINI-120/righthook_sample_30pct.png (clip=mixamo.com, time=0.33s of 1.10s).
UnityEngine.Debug:ExtractStackTraceNoAlloc (byte*,int,string)
UnityEngine.StackTraceUtility:ExtractStackTrace ()
UnityEngine.DebugLogHandler:Internal_Log (UnityEngine.LogType,UnityEngine.LogOption,string,UnityEngine.Object)
UnityEngine.DebugLogHandler:LogFormat (UnityEngine.LogType,UnityEngine.Object,string,object[])
UnityEngine.Logger:Log (UnityEngine.LogType,object)
UnityEngine.Debug:Log (object)
UpIzUpMini.EditorTools.Mini120RenderPunchPose:RenderAtTime (UnityEngine.GameObject,UnityEngine.GameObject,UnityEngine.AnimationClip,single,string) (at Assets/UpIzUpMini/Editor/Mini120RenderPunchPose.cs:128)
UpIzUpMini.EditorTools.Mini120RenderPunchPose:SampleClipFrames (string,string) (at Assets/UpIzUpMini/Editor/Mini120RenderPunchPose.cs:46)
UpIzUpMini.EditorTools.Mini120RenderPunchPose:SampleRightHookFrames () (at Assets/UpIzUpMini/Editor/Mini120RenderPunchPose.cs:29)

(Filename: Assets/UpIzUpMini/Editor/Mini120RenderPunchPose.cs Line: 128)

MINI-120 RENDER: saved Logs/Tasks/MINI-120/righthook_sample_40pct.png (clip=mixamo.com, time=0.44s of 1.10s).
UnityEngine.Debug:ExtractStackTraceNoAlloc (byte*,int,string)
UnityEngine.StackTraceUtility:ExtractStackTrace ()
UnityEngine.DebugLogHandler:Internal_Log (UnityEngine.LogType,UnityEngine.LogOption,string,UnityEngine.Object)
UnityEngine.DebugLogHandler:LogFormat (UnityEngine.LogType,UnityEngine.Object,string,object[])
UnityEngine.Logger:Log (UnityEngine.LogType,object)
UnityEngine.Debug:Log (object)
UpIzUpMini.EditorTools.Mini120RenderPunchPose:RenderAtTime (UnityEngine.GameObject,UnityEngine.GameObject,UnityEngine.AnimationClip,single,string) (at Assets/UpIzUpMini/Editor/Mini120RenderPunchPose.cs:128)
UpIzUpMini.EditorTools.Mini120RenderPunchPose:SampleClipFrames (string,string) (at Assets/UpIzUpMini/Editor/Mini120RenderPunchPose.cs:46)
UpIzUpMini.EditorTools.Mini120RenderPunchPose:SampleRightHookFrames () (at Assets/UpIzUpMini/Editor/Mini120RenderPunchPose.cs:29)

(Filename: Assets/UpIzUpMini/Editor/Mini120RenderPunchPose.cs Line: 128)

MINI-120 RENDER: saved Logs/Tasks/MINI-120/righthook_sample_50pct.png (clip=mixamo.com, time=0.55s of 1.10s).
UnityEngine.Debug:ExtractStackTraceNoAlloc (byte*,int,string)
UnityEngine.StackTraceUtility:ExtractStackTrace ()
UnityEngine.DebugLogHandler:Internal_Log (UnityEngine.LogType,UnityEngine.LogOption,string,UnityEngine.Object)
UnityEngine.DebugLogHandler:LogFormat (UnityEngine.LogType,UnityEngine.Object,string,object[])
UnityEngine.Logger:Log (UnityEngine.LogType,object)
UnityEngine.Debug:Log (object)
UpIzUpMini.EditorTools.Mini120RenderPunchPose:RenderAtTime (UnityEngine.GameObject,UnityEngine.GameObject,UnityEngine.AnimationClip,single,string) (at Assets/UpIzUpMini/Editor/Mini120RenderPunchPose.cs:128)
UpIzUpMini.EditorTools.Mini120RenderPunchPose:SampleClipFrames (string,string) (at Assets/UpIzUpMini/Editor/Mini120RenderPunchPose.cs:46)
UpIzUpMini.EditorTools.Mini120RenderPunchPose:SampleRightHookFrames () (at Assets/UpIzUpMini/Editor/Mini120RenderPunchPose.cs:29)

(Filename: Assets/UpIzUpMini/Editor/Mini120RenderPunchPose.cs Line: 128)

MINI-120 RENDER: saved Logs/Tasks/MINI-120/righthook_sample_60pct.png (clip=mixamo.com, time=0.66s of 1.10s).
UnityEngine.Debug:ExtractStackTraceNoAlloc (byte*,int,string)
UnityEngine.StackTraceUtility:ExtractStackTrace ()
UnityEngine.DebugLogHandler:Internal_Log (UnityEngine.LogType,UnityEngine.LogOption,string,UnityEngine.Object)
UnityEngine.DebugLogHandler:LogFormat (UnityEngine.LogType,UnityEngine.Object,string,object[])
UnityEngine.Logger:Log (UnityEngine.LogType,object)
UnityEngine.Debug:Log (object)
UpIzUpMini.EditorTools.Mini120RenderPunchPose:RenderAtTime (UnityEngine.GameObject,UnityEngine.GameObject,UnityEngine.AnimationClip,single,string) (at Assets/UpIzUpMini/Editor/Mini120RenderPunchPose.cs:128)
UpIzUpMini.EditorTools.Mini120RenderPunchPose:SampleClipFrames (string,string) (at Assets/UpIzUpMini/Editor/Mini120RenderPunchPose.cs:46)
UpIzUpMini.EditorTools.Mini120RenderPunchPose:SampleRightHookFrames () (at Assets/UpIzUpMini/Editor/Mini120RenderPunchPose.cs:29)

(Filename: Assets/UpIzUpMini/Editor/Mini120RenderPunchPose.cs Line: 128)

MINI-120 RENDER: saved Logs/Tasks/MINI-120/righthook_sample_69pct.png (clip=mixamo.com, time=0.77s of 1.10s).
UnityEngine.Debug:ExtractStackTraceNoAlloc (byte*,int,string)
UnityEngine.StackTraceUtility:ExtractStackTrace ()
UnityEngine.DebugLogHandler:Internal_Log (UnityEngine.LogType,UnityEngine.LogOption,string,UnityEngine.Object)
UnityEngine.DebugLogHandler:LogFormat (UnityEngine.LogType,UnityEngine.Object,string,object[])
UnityEngine.Logger:Log (UnityEngine.LogType,object)
UnityEngine.Debug:Log (object)
UpIzUpMini.EditorTools.Mini120RenderPunchPose:RenderAtTime (UnityEngine.GameObject,UnityEngine.GameObject,UnityEngine.AnimationClip,single,string) (at Assets/UpIzUpMini/Editor/Mini120RenderPunchPose.cs:128)
UpIzUpMini.EditorTools.Mini120RenderPunchPose:SampleClipFrames (string,string) (at Assets/UpIzUpMini/Editor/Mini120RenderPunchPose.cs:46)
UpIzUpMini.EditorTools.Mini120RenderPunchPose:SampleRightHookFrames () (at Assets/UpIzUpMini/Editor/Mini120RenderPunchPose.cs:29)

(Filename: Assets/UpIzUpMini/Editor/Mini120RenderPunchPose.cs Line: 128)

MINI-120 RENDER: saved Logs/Tasks/MINI-120/righthook_sample_80pct.png (clip=mixamo.com, time=0.88s of 1.10s).
UnityEngine.Debug:ExtractStackTraceNoAlloc (byte*,int,string)
UnityEngine.StackTraceUtility:ExtractStackTrace ()
UnityEngine.DebugLogHandler:Internal_Log (UnityEngine.LogType,UnityEngine.LogOption,string,UnityEngine.Object)
UnityEngine.DebugLogHandler:LogFormat (UnityEngine.LogType,UnityEngine.Object,string,object[])
UnityEngine.Logger:Log (UnityEngine.LogType,object)
UnityEngine.Debug:Log (object)
UpIzUpMini.EditorTools.Mini120RenderPunchPose:RenderAtTime (UnityEngine.GameObject,UnityEngine.GameObject,UnityEngine.AnimationClip,single,string) (at Assets/UpIzUpMini/Editor/Mini120RenderPunchPose.cs:128)
UpIzUpMini.EditorTools.Mini120RenderPunchPose:SampleClipFrames (string,string) (at Assets/UpIzUpMini/Editor/Mini120RenderPunchPose.cs:46)
UpIzUpMini.EditorTools.Mini120RenderPunchPose:SampleRightHookFrames () (at Assets/UpIzUpMini/Editor/Mini120RenderPunchPose.cs:29)

(Filename: Assets/UpIzUpMini/Editor/Mini120RenderPunchPose.cs Line: 128)

MINI-120 RENDER: saved Logs/Tasks/MINI-120/righthook_sample_89pct.png (clip=mixamo.com, time=0.99s of 1.10s).
UnityEngine.Debug:ExtractStackTraceNoAlloc (byte*,int,string)
UnityEngine.StackTraceUtility:ExtractStackTrace ()
UnityEngine.DebugLogHandler:Internal_Log (UnityEngine.LogType,UnityEngine.LogOption,string,UnityEngine.Object)
UnityEngine.DebugLogHandler:LogFormat (UnityEngine.LogType,UnityEngine.Object,string,object[])
UnityEngine.Logger:Log (UnityEngine.LogType,object)
UnityEngine.Debug:Log (object)
UpIzUpMini.EditorTools.Mini120RenderPunchPose:RenderAtTime (UnityEngine.GameObject,UnityEngine.GameObject,UnityEngine.AnimationClip,single,string) (at Assets/UpIzUpMini/Editor/Mini120RenderPunchPose.cs:128)
UpIzUpMini.EditorTools.Mini120RenderPunchPose:SampleClipFrames (string,string) (at Assets/UpIzUpMini/Editor/Mini120RenderPunchPose.cs:46)
UpIzUpMini.EditorTools.Mini120RenderPunchPose:SampleRightHookFrames () (at Assets/UpIzUpMini/Editor/Mini120RenderPunchPose.cs:29)

(Filename: Assets/UpIzUpMini/Editor/Mini120RenderPunchPose.cs Line: 128)

Batchmode quit successfully invoked - shutting down!
[Physics::Module] Cleanup current backend.
[Physics::Module] Id: 0xf2b8ea05
Input System module state changed to: ShutdownInProgress.
Input System polling thread exited.
Input System module state changed to: Shutdown.
[Licensing::IpcConnector] LicenseClient-PCSS-PC-notifications channel disconnected successfully.
[Licensing::IpcConnector] LicenseClient-PCSS-PC channel disconnected successfully.
AcceleratorClientConnectionCallback - disconnected - :0
Shut down.
Cleanup mono
abort_threads: Failed aborting id: 0000000000008EEC, mono_thread_manage will ignore it

abort_threads: Failed aborting id: 000000000000A9F8, mono_thread_manage will ignore it

abort_threads: Failed aborting id: 0000000000008EEC, mono_thread_manage will ignore it

abort_threads: Failed aborting id: 000000000000A9F8, mono_thread_manage will ignore it

debugger-agent: Unable to listen on 3484
Exiting batchmode successfully now!
Exiting without the bug reporter. Application will terminate with return code 0