[Licensing::Module] Trying to connect to existing licensing client channel...
Built from '6000.3/staging' branch; Version is '6000.3.10f1 (e35f0c77bd8e) revision 14901004'; Using compiler version '194234433'; Build Type 'Release'
OS: 'Windows 11  (10.0.26200) Professional' Language: 'en' Physical Memory: 15826 MB
BatchMode: 1, IsHumanControllingUs: 0, StartBugReporterOnCrash: 0, Is64bit: 1
System  architecture: x64
[Licensing::IpcConnector] Successfully connected to: "LicenseClient-PCSS-PC" at "2026-08-22T18:17:16.5036498Z"
Process architecture: x64
Date: 2026-08-22T18:17:16Z

COMMAND LINE ARGUMENTS:
C:\Program Files\Unity\Hub\Editor\6000.3.10f1\Editor\Unity.exe
-batchmode
-nographics
-quit
-projectPath
E:/Unity/Up Iz Up Mini
-logFile
E:/Unity/Up Iz Up Mini/Tools/AIWorkflow/mini119_maplab1.log
-executeMethod
UpIzUpMini.Editor.Mini095LalayMapLabSetup.BuildScene
Successfully changed project path to: E:/Unity/Up Iz Up Mini
E:/Unity/Up Iz Up Mini
[UnityMemory] Configuration Parameters - Can be set up in boot.config
    "memorysetup-temp-allocator-size-nav-mesh-worker=65536"
    "memorysetup-temp-allocator-size-audio-worker=65536"
    "memorysetup-temp-allocator-size-gfx=262144"
    "memorysetup-allocator-temp-initial-block-size-main=262144"
    "memorysetup-allocator-temp-initial-block-size-worker=262144"
    "memorysetup-temp-allocator-size-background-worker=32768"
    "memorysetup-temp-allocator-size-job-worker=262144"
    "memorysetup-temp-allocator-size-preload-manager=33554432"
    "memorysetup-temp-allocator-size-gi-baking-worker=262144"
    "memorysetup-temp-allocator-size-gi-baking-worker=262144"
    "memorysetup-temp-allocator-size-gi-baking-worker=262144"
    "memorysetup-temp-allocator-size-gi-baking-worker=262144"
    "memorysetup-temp-allocator-size-gi-baking-worker=262144"
    "memorysetup-bucket-allocator-granularity=16"
    "memorysetup-bucket-allocator-bucket-count=8"
    "memorysetup-bucket-allocator-block-size=33554432"
    "memorysetup-bucket-allocator-block-count=8"
    "memorysetup-main-allocator-block-size=16777216"
    "memorysetup-thread-allocator-block-size=16777216"
    "memorysetup-gfx-main-allocator-block-size=16777216"
    "memorysetup-gfx-thread-allocator-block-size=16777216"
    "memorysetup-cache-allocator-block-size=4194304"
    "memorysetup-typetree-allocator-block-size=2097152"
    "memorysetup-profiler-bucket-allocator-granularity=16"
    "memorysetup-profiler-bucket-allocator-bucket-count=8"
    "memorysetup-profiler-bucket-allocator-block-size=33554432"
    "memorysetup-profiler-bucket-allocator-block-count=8"
    "memorysetup-profiler-allocator-block-size=16777216"
    "memorysetup-profiler-editor-allocator-block-size=1048576"
    "memorysetup-temp-allocator-size-main=16777216"
    "memorysetup-job-temp-allocator-block-size=2097152"
    "memorysetup-job-temp-allocator-block-size-background=1048576"
    "memorysetup-job-temp-allocator-reduction-small-platforms=262144"
    "memorysetup-temp-allocator-size-cloud-worker=32768"
Player connection [42224]  Target information:

Player connection [42224]  * "[IP] 192.168.108.205 [Port] 55504 [Flags] 2 [Guid] 1501487551 [EditorId] 1501487551 [Version] 1048832 [Id] WindowsEditor(7,PC-22) [Debug] 1 [PackageName] WindowsEditor [ProjectName] Editor" 

Player connection [42224]  * "[IP] 169.254.83.107 [Port] 55504 [Flags] 2 [Guid] 1501487551 [EditorId] 1501487551 [Version] 1048832 [Id] WindowsEditor(7,PC-22) [Debug] 1 [PackageName] WindowsEditor [ProjectName] Editor" 

Player connection [42224]  * "[IP] 192.168.137.1 [Port] 55504 [Flags] 2 [Guid] 1501487551 [EditorId] 1501487551 [Version] 1048832 [Id] WindowsEditor(7,PC-22) [Debug] 1 [PackageName] WindowsEditor [ProjectName] Editor" 

Player connection [42224] Host joined multi-casting on [225.0.0.222:54997]...
Player connection [42224] Host joined alternative multi-casting on [225.0.0.222:34997]...
Input System module state changed to: Initialized.
[Physics::Module] Initialized fallback backend.
[Physics::Module] Id: 0xdecafbad
[Package Manager] Connected to IPC stream "Upm-8688" after 2.1 seconds.
[Licensing::Module] Licensing is not yet initialized.
[Licensing::Client] Handshaking with LicensingClient:
  Version:                 1.17.4+4293ba1
  Session Id:              edd0c1715b114b6bbd1bafcbae118012
  Correlation Id:          e00549e178f78246eeb9283def5eae31
  External correlation Id: 4961576536555859636
  Machine Id:              BSsZwx/0FUTXPDacKK/mAf12cyA=
[Licensing::Module] Successfully connected to LicensingClient on channel: "LicenseClient-PCSS-PC" (connect: 0.00s, validation: 0.00s, handshake: 9.94s)
[Licensing::IpcConnector] Successfully connected to: "LicenseClient-PCSS-PC-notifications" at "2026-08-22T18:17:26.4435908Z"
[Licensing::Module] Error: Access token is unavailable; failed to update
[Licensing::Client] Successfully resolved entitlement details
[Licensing::Module] License group:
  Id: F4-VZG9-MHCH-26WA-PBF7-XXXX
  Product: Unity Personal
  Type: ULF
  Expiration: Unlimited
[Licensing::Module] License group:
  Id: 1125343-UnityPersXXXX
  Product: Unity Personal
  Type: Assigned
  Expiration: Unlimited
[Licensing::Client] Successfully updated license, isAsync: True, time: 0.02
[Licensing::Client] Successfully resolved entitlement details
[Licensing::Module] License group:
  Id: F4-VZG9-MHCH-26WA-PBF7-XXXX
  Product: Unity Personal
  Type: ULF
  Expiration: Unlimited
[Licensing::Module] License group:
  Id: 1125343-UnityPersXXXX
  Product: Unity Personal
  Type: Assigned
  Expiration: Unlimited
[Licensing::Module] Licensing Background thread has ended after 10.00s
[Licensing::Module] Licensing is initialized (took 7.16s).
[Licensing::Client] Successfully resolved entitlement details
[Licensing::Module] License group:
  Id: F4-VZG9-MHCH-26WA-PBF7-XXXX
  Product: Unity Personal
  Type: ULF
  Expiration: Unlimited
[Licensing::Module] License group:
  Id: 1125343-UnityPersXXXX
  Product: Unity Personal
  Type: Assigned
  Expiration: Unlimited
Library Redirect Path: Library/
[Physics::Module] Selected backend.
[Physics::Module] Name: PhysX
[Physics::Module] Id: 0xf2b8ea05
[Physics::Module] SDK Version: 4.1.2
[Physics::Module] Integration Version: 1.0.0
[Physics::Module] Threading Mode: Multi-Threaded
Refreshing native plugins compatible for Editor in 0.05 ms, found 0 plugins.
Preloading 0 native plugins for Editor in 0.00 ms.
Initialize engine version: 6000.3.10f1 (e35f0c77bd8e)
[Subsystems] Discovering subsystems at path C:/Program Files/Unity/Hub/Editor/6000.3.10f1/Editor/Data/Resources/UnitySubsystems
[Subsystems] Discovering subsystems at path E:/Unity/Up Iz Up Mini/Assets
Forcing GfxDevice: Null
GfxDevice: creating device client; kGfxThreadingModeNonThreaded
NullGfxDevice:
    Version:  NULL 1.0 [1.0]
    Renderer: Null Device
    Vendor:   Unity Technologies
Initialize mono
Mono path[0] = 'C:/Program Files/Unity/Hub/Editor/6000.3.10f1/Editor/Data/Managed'
Mono path[1] = 'C:/Program Files/Unity/Hub/Editor/6000.3.10f1/Editor/Data/MonoBleedingEdge/lib/mono/unityjit-win32'
Mono config path = 'C:/Program Files/Unity/Hub/Editor/6000.3.10f1/Editor/Data/MonoBleedingEdge/etc'
Using monoOptions --debugger-agent=transport=dt_socket,embedding=1,server=y,suspend=n,address=127.0.0.1:56688
Using cacheserver namespaces - metadata:defaultmetadata, artifacts:defaultartifacts
Using cacheserver namespaces - metadata:defaultmetadata, artifacts:defaultartifacts
ImportWorker Server TCP listen port: 0
AcceleratorClientConnectionCallback - disconnected - :0
Begin MonoManager ReloadAssembly
Registering precompiled unity dll's ...
Register platform support module: C:/Program Files/Unity/Hub/Editor/6000.3.10f1/Editor/Data/PlaybackEngines/WebGLSupport/UnityEditor.WebGL.Extensions.dll
Register platform support module: C:/Program Files/Unity/Hub/Editor/6000.3.10f1/Editor/Data/PlaybackEngines/WindowsStandaloneSupport/UnityEditor.WindowsStandalone.Extensions.dll
Registered in 0.002727 seconds.
- Loaded All Assemblies, in  2.289 seconds
Native extension for WindowsStandalone target not found
Native extension for WebGL target not found
ScheduleIndexationOnStartup MainProcess:False IndexOnStartup:True
Mono: successfully reloaded assembly
- Finished resetting the current domain, in  1.153 seconds
Domain Reload Profiling: 3439ms
	BeginReloadAssembly (489ms)
		ExecutionOrderSort (0ms)
		DisableScriptedObjects (0ms)
		BackupInstance (0ms)
		ReleaseScriptingObjects (0ms)
		CreateAndSetChildDomain (9ms)
	RebuildCommonClasses (285ms)
	RebuildNativeTypeToScriptingClass (13ms)
	initialDomainReloadingComplete (224ms)
	LoadAllAssembliesAndSetupDomain (1275ms)
		LoadAssemblies (479ms)
		RebuildTransferFunctionScriptingTraits (0ms)
		AnalyzeDomain (1268ms)
			TypeCache.Refresh (1258ms)
				TypeCache.ScanAssembly (1152ms)
			BuildScriptInfoCaches (1ms)
			ResolveRequiredComponents (3ms)
	FinalizeReload (1154ms)
		ReleaseScriptCaches (0ms)
		RebuildScriptCaches (0ms)
		SetupLoadedEditorAssemblies (954ms)
			LogAssemblyErrors (0ms)
			InitializePlatformSupportModulesInManaged (384ms)
			SetLoadedEditorAssemblies (10ms)
			BeforeProcessingInitializeOnLoad (131ms)
			ProcessInitializeOnLoadAttributes (198ms)
			ProcessInitializeOnLoadMethodAttributes (231ms)
			AfterProcessingInitializeOnLoad (0ms)
			EditorAssembliesLoaded (0ms)
		ExecutionOrderSort2 (0ms)
		AwakeInstancesAfterBackupRestoration (0ms)
[Licensing::Client] Successfully resolved entitlement details
[Licensing::Module] License group:
  Id: F4-VZG9-MHCH-26WA-PBF7-XXXX
  Product: Unity Personal
  Type: ULF
  Expiration: Unlimited
[Licensing::Module] License group:
  Id: 1125343-UnityPersXXXX
  Product: Unity Personal
  Type: Assigned
  Expiration: Unlimited
Application.AssetDatabase Initial Refresh Start
Package Manager log level set to [2]
[Package Manager] Restoring resolved packages state from cache
[Licensing::Client] Successfully resolved entitlement details
[Package Manager] Registered 51 packages:
  Packages from [https://packages.unity.com]:
    com.unity.ai.navigation@2.0.14 (location: E:\Unity\Up Iz Up Mini\Library\PackageCache\com.unity.ai.navigation@134dd6a3b97b)
    com.unity.cloud.gltfast@6.9.0 (location: E:\Unity\Up Iz Up Mini\Library\PackageCache\com.unity.cloud.gltfast@1bfd82b6f675)
    com.unity.animation.rigging@1.4.1 (location: E:\Unity\Up Iz Up Mini\Library\PackageCache\com.unity.animation.rigging@ae5f251e1ed4)
    com.unity.searcher@4.9.4 (location: E:\Unity\Up Iz Up Mini\Library\PackageCache\com.unity.searcher@d45a78918735)
    com.unity.burst@1.8.28 (location: E:\Unity\Up Iz Up Mini\Library\PackageCache\com.unity.burst@07790c2d06d9)
    com.unity.collections@2.6.2 (location: E:\Unity\Up Iz Up Mini\Library\PackageCache\com.unity.collections@aea9d3bd5e19)
    com.unity.mathematics@1.3.3 (location: E:\Unity\Up Iz Up Mini\Library\PackageCache\com.unity.mathematics@19a9377c4ffa)
    com.unity.nuget.mono-cecil@1.11.6 (location: E:\Unity\Up Iz Up Mini\Library\PackageCache\com.unity.nuget.mono-cecil@ecb9724e46ff)
    com.unity.test-framework.performance@3.2.0 (location: E:\Unity\Up Iz Up Mini\Library\PackageCache\com.unity.test-framework.performance@0840f58e4562)
  Built-in packages:
    com.unity.multiplayer.center@1.0.1 (location: E:\Unity\Up Iz Up Mini\Library\PackageCache\com.unity.multiplayer.center@f01f4ba8d00a)
    com.unity.shadergraph@17.3.0 (location: E:\Unity\Up Iz Up Mini\Library\PackageCache\com.unity.shadergraph@c8830f61858d)
    com.unity.ugui@2.0.0 (location: E:\Unity\Up Iz Up Mini\Library\PackageCache\com.unity.ugui@bb329a87fcdc)
    com.unity.modules.accessibility@1.0.0 (location: E:\Unity\Up Iz Up Mini\Library\PackageCache\com.unity.modules.accessibility)
    com.unity.modules.adaptiveperformance@1.0.0 (location: E:\Unity\Up Iz Up Mini\Library\PackageCache\com.unity.modules.adaptiveperformance)
    com.unity.modules.ai@1.0.0 (location: E:\Unity\Up Iz Up Mini\Library\PackageCache\com.unity.modules.ai)
    com.unity.modules.androidjni@1.0.0 (location: E:\Unity\Up Iz Up Mini\Library\PackageCache\com.unity.modules.androidjni)
    com.unity.modules.animation@1.0.0 (location: E:\Unity\Up Iz Up Mini\Library\PackageCache\com.unity.modules.animation)
    com.unity.modules.assetbundle@1.0.0 (location: E:\Unity\Up Iz Up Mini\Library\PackageCache\com.unity.modules.assetbundle)
    com.unity.modules.audio@1.0.0 (location: E:\Unity\Up Iz Up Mini\Library\PackageCache\com.unity.modules.audio)
    com.unity.modules.cloth@1.0.0 (location: E:\Unity\Up Iz Up Mini\Library\PackageCache\com.unity.modules.cloth)
    com.unity.modules.director@1.0.0 (location: E:\Unity\Up Iz Up Mini\Library\PackageCache\com.unity.modules.director)
    com.unity.modules.imageconversion@1.0.0 (location: E:\Unity\Up Iz Up Mini\Library\PackageCache\com.unity.modules.imageconversion)
    com.unity.modules.imgui@1.0.0 (location: E:\Unity\Up Iz Up Mini\Library\PackageCache\com.unity.modules.imgui)
    com.unity.modules.jsonserialize@1.0.0 (location: E:\Unity\Up Iz Up Mini\Library\PackageCache\com.unity.modules.jsonserialize)
    com.unity.modules.particlesystem@1.0.0 (location: E:\Unity\Up Iz Up Mini\Library\PackageCache\com.unity.modules.particlesystem)
    com.unity.modules.physics@1.0.0 (location: E:\Unity\Up Iz Up Mini\Library\PackageCache\com.unity.modules.physics)
    com.unity.modules.physics2d@1.0.0 (location: E:\Unity\Up Iz Up Mini\Library\PackageCache\com.unity.modules.physics2d)
    com.unity.modules.screencapture@1.0.0 (location: E:\Unity\Up Iz Up Mini\Library\PackageCache\com.unity.modules.screencapture)
    com.unity.modules.terrain@1.0.0 (location: E:\Unity\Up Iz Up Mini\Library\PackageCache\com.unity.modules.terrain)
    com.unity.modules.terrainphysics@1.0.0 (location: E:\Unity\Up Iz Up Mini\Library\PackageCache\com.unity.modules.terrainphysics)
    com.unity.modules.tilemap@1.0.0 (location: E:\Unity\Up Iz Up Mini\Library\PackageCache\com.unity.modules.tilemap)
    com.unity.modules.ui@1.0.0 (location: E:\Unity\Up Iz Up Mini\Library\PackageCache\com.unity.modules.ui)
    com.unity.modules.uielements@1.0.0 (location: E:\Unity\Up Iz Up Mini\Library\PackageCache\com.unity.modules.uielements)
    com.unity.modules.umbra@1.0.0 (location: E:\Unity\Up Iz Up Mini\Library\PackageCache\com.unity.modules.umbra)
    com.unity.modules.unityanalytics@1.0.0 (location: E:\Unity\Up Iz Up Mini\Library\PackageCache\com.unity.modules.unityanalytics)
    com.unity.modules.unitywebrequest@1.0.0 (location: E:\Unity\Up Iz Up Mini\Library\PackageCache\com.unity.modules.unitywebrequest)
    com.unity.modules.unitywebrequestassetbundle@1.0.0 (location: E:\Unity\Up Iz Up Mini\Library\PackageCache\com.unity.modules.unitywebrequestassetbundle)
    com.unity.modules.unitywebrequestaudio@1.0.0 (location: E:\Unity\Up Iz Up Mini\Library\PackageCache\com.unity.modules.unitywebrequestaudio)
    com.unity.modules.unitywebrequesttexture@1.0.0 (location: E:\Unity\Up Iz Up Mini\Library\PackageCache\com.unity.modules.unitywebrequesttexture)
    com.unity.modules.unitywebrequestwww@1.0.0 (location: E:\Unity\Up Iz Up Mini\Library\PackageCache\com.unity.modules.unitywebrequestwww)
    com.unity.modules.vectorgraphics@1.0.0 (location: E:\Unity\Up Iz Up Mini\Library\PackageCache\com.unity.modules.vectorgraphics)
    com.unity.modules.vehicles@1.0.0 (location: E:\Unity\Up Iz Up Mini\Library\PackageCache\com.unity.modules.vehicles)
    com.unity.modules.video@1.0.0 (location: E:\Unity\Up Iz Up Mini\Library\PackageCache\com.unity.modules.video)
    com.unity.modules.vr@1.0.0 (location: E:\Unity\Up Iz Up Mini\Library\PackageCache\com.unity.modules.vr)
    com.unity.modules.wind@1.0.0 (location: E:\Unity\Up Iz Up Mini\Library\PackageCache\com.unity.modules.wind)
    com.unity.modules.xr@1.0.0 (location: E:\Unity\Up Iz Up Mini\Library\PackageCache\com.unity.modules.xr)
    com.unity.modules.subsystems@1.0.0 (location: E:\Unity\Up Iz Up Mini\Library\PackageCache\com.unity.modules.subsystems)
    com.unity.modules.hierarchycore@1.0.0 (location: E:\Unity\Up Iz Up Mini\Library\PackageCache\com.unity.modules.hierarchycore)
    com.unity.render-pipelines.core@17.3.0 (location: E:\Unity\Up Iz Up Mini\Library\PackageCache\com.unity.render-pipelines.core@04ab0eefa0c3)
    com.unity.test-framework@1.6.0 (location: E:\Unity\Up Iz Up Mini\Library\PackageCache\com.unity.test-framework@0b7a23ab2e1d)
    com.unity.ext.nunit@2.0.5 (location: E:\Unity\Up Iz Up Mini\Library\PackageCache\com.unity.ext.nunit@d8c07649098d)
[Subsystems] No new subsystems found in resolved package list.
[Package Manager] Done registering packages in 0.20 seconds
info: Microsoft.Hosting.Lifetime[14]
      Now listening on: http://localhost:80
info: Microsoft.Hosting.Lifetime[0]
      Application started. Press Ctrl+C to shut down.
info: Microsoft.Hosting.Lifetime[0]
      Hosting environment: Production
info: Microsoft.Hosting.Lifetime[0]
      Content root path: E:\Unity\Up Iz Up Mini\
info: Microsoft.AspNetCore.Hosting.Diagnostics[1]
      Request starting HTTP/2 POST http://ilpp/UnityILPP.PostProcessing/Ping application/grpc -
info: Microsoft.AspNetCore.Routing.EndpointMiddleware[0]
      Executing endpoint 'gRPC - /UnityILPP.PostProcessing/Ping'
info: Microsoft.AspNetCore.Routing.EndpointMiddleware[1]
      Executed endpoint 'gRPC - /UnityILPP.PostProcessing/Ping'
info: Microsoft.AspNetCore.Hosting.Diagnostics[2]
      Request finished HTTP/2 POST http://ilpp/UnityILPP.PostProcessing/Ping application/grpc - - 200 - application/grpc 799.8593ms
Starting: C:\Program Files\Unity\Hub\Editor\6000.3.10f1\Editor\Data\Tools\BuildPipeline\bee_backend.exe --ipc --defer-dag-verification --dagfile="Library/Bee/1900b0aE.dag" --continue-on-failure --profile="Library/Bee/backend1.traceevents" ScriptAssemblies
WorkingDir: E:/Unity/Up Iz Up Mini
DisplayProgressbar: Compiling Scripts
info: Microsoft.AspNetCore.Hosting.Diagnostics[1]
      Request starting HTTP/2 POST http://ilpp/UnityILPP.PostProcessing/ConfigurePostProcessors application/grpc -
info: Microsoft.AspNetCore.Routing.EndpointMiddleware[0]
      Executing endpoint 'gRPC - /UnityILPP.PostProcessing/ConfigurePostProcessors'
warn: Unity.ILPP.Runner.PostProcessingAssemblyLoadContext[0]
      Assembly system.runtime.interopservices.windowsruntime has duplicate hint path. Ignoring "C:\Program Files\Unity\Hub\Editor\6000.3.10f1\Editor\Data\UnityReferenceAssemblies\unity-4.8-api\Facades\System.Runtime.InteropServices.WindowsRuntime.dll" in favor of "C:\Program Files\Unity\Hub\Editor\6000.3.10f1\Editor\Data\NetStandard\Extensions\2.0.0\System.Runtime.InteropServices.WindowsRuntime.dll"
warn: Unity.ILPP.Runner.PostProcessingAssemblyLoadContext[0]
      Assembly system.componentmodel.composition has duplicate hint path. Ignoring "C:\Program Files\Unity\Hub\Editor\6000.3.10f1\Editor\Data\UnityReferenceAssemblies\unity-4.8-api\System.ComponentModel.Composition.dll" in favor of "C:\Program Files\Unity\Hub\Editor\6000.3.10f1\Editor\Data\NetStandard\compat\2.1.0\shims\netfx\System.ComponentModel.Composition.dll"
info: Unity.ILPP.Runner.PostProcessingAssemblyLoadContext[0]
      Resolved Unity.Burst.Cecil, Version=0.11.4.0, Culture=neutral, PublicKeyToken=50cebf1cceb9d05e with Library\PackageCache\com.unity.burst@07790c2d06d9\Unity.Burst.CodeGen\Unity.Burst.Cecil.dll
info: Unity.ILPP.Runner.PostProcessingAssemblyLoadContext[0]
      Resolved Mono.Cecil, Version=0.11.5.0, Culture=neutral, PublicKeyToken=50cebf1cceb9d05e with Library\PackageCache\com.unity.nuget.mono-cecil@ecb9724e46ff\Mono.Cecil.dll
info: Microsoft.AspNetCore.Routing.EndpointMiddleware[1]
      Executed endpoint 'gRPC - /UnityILPP.PostProcessing/ConfigurePostProcessors'
info: Microsoft.AspNetCore.Hosting.Diagnostics[2]
      Request finished HTTP/2 POST http://ilpp/UnityILPP.PostProcessing/ConfigurePostProcessors application/grpc - - 200 - application/grpc 1252.4064ms
ExitCode: 0 Duration: 1s754ms
[517/647    1s] ILPP-Configuration Library/ilpp-configuration.nevergeneratedoutput
*** Tundra build success (1.58 seconds), 1 items updated, 647 evaluated
AssetDatabase: script compilation time: 7.539655s
Begin MonoManager ReloadAssembly
- Loaded All Assemblies, in  3.804 seconds
Refreshing native plugins compatible for Editor in 0.93 ms, found 0 plugins.
Native extension for WindowsStandalone target not found
Native extension for WebGL target not found
[MODES] ModeService[none].Initialize
[MODES] ModeService[none].LoadModes
[MODES] Loading mode Default (0) for mode-current-id-Up Iz Up Mini
ScheduleIndexationOnStartup MainProcess:True IndexOnStartup:True
Mono: successfully reloaded assembly
- Finished resetting the current domain, in  9.830 seconds
Domain Reload Profiling: 13564ms
	BeginReloadAssembly (1226ms)
		ExecutionOrderSort (0ms)
		DisableScriptedObjects (12ms)
		BackupInstance (0ms)
		ReleaseScriptingObjects (0ms)
		CreateAndSetChildDomain (177ms)
	RebuildCommonClasses (338ms)
	RebuildNativeTypeToScriptingClass (94ms)
	initialDomainReloadingComplete (375ms)
	LoadAllAssembliesAndSetupDomain (1701ms)
		LoadAssemblies (1620ms)
		RebuildTransferFunctionScriptingTraits (0ms)
		AnalyzeDomain (978ms)
			TypeCache.Refresh (662ms)
				TypeCache.ScanAssembly (635ms)
			BuildScriptInfoCaches (269ms)
			ResolveRequiredComponents (33ms)
	FinalizeReload (9831ms)
		ReleaseScriptCaches (0ms)
		RebuildScriptCaches (0ms)
		SetupLoadedEditorAssemblies (9085ms)
			LogAssemblyErrors (0ms)
			InitializePlatformSupportModulesInManaged (341ms)
			SetLoadedEditorAssemblies (24ms)
			BeforeProcessingInitializeOnLoad (260ms)
			ProcessInitializeOnLoadAttributes (8336ms)
			ProcessInitializeOnLoadMethodAttributes (114ms)
			AfterProcessingInitializeOnLoad (9ms)
			EditorAssembliesLoaded (1ms)
		ExecutionOrderSort2 (0ms)
		AwakeInstancesAfterBackupRestoration (28ms)
Asset Pipeline Refresh (id=c91218d1ea33f064d91645578e81b935): Total: 22.558 seconds - Initiated by InitialRefreshV2(ForceSynchronousImport)
	Summary:
		Imports: total=0 (actual=0, local cache=0, cache server=0)
		Asset DB Process Time: managed=0 ms, native=10920 ms
		Asset DB Callback time: managed=14 ms, native=211 ms
		Scripting: domain reloads=1, domain reload time=3806 ms, compile time=7543 ms, other=61 ms
		Project Asset Count: scripts=940, non-scripts=3566
		Asset File Changes: new=0, changed=0, moved=0, deleted=0
		Scan Filter Count: 0
	InvokeCustomDependenciesCallbacks: 0.001ms
	InvokePackagesCallback: 213.271ms
	ApplyChangesToAssetFolders: 0.766ms
	Scan: 153.937ms
	OnSourceAssetsModified: 0.002ms
	CategorizeAssetsWithTransientArtifact: 28.245ms
	ProcessAssetsWithTransientArtifactChanges: 251.378ms
	CategorizeAssets: 66.219ms
	ImportOutOfDateAssets: 9844.698ms (2298.722ms without children)
		CompileScripts: 7543.442ms
		ReloadNativeAssets: 0.002ms
		UnloadImportedAssets: 0.559ms
		EnsureUptoDateAssetsAreRegisteredWithGuidPM: 0.665ms
		InitializingProgressBar: 0.001ms
		PostProcessAllAssetNotificationsAddChangedAssets: 0.001ms
		OnDemandSchedulerStart: 1.308ms
	PostProcessAllAssets: 14.902ms
	GatherAllCurrentPrimaryArtifactRevisions: 0.033ms
	UnloadStreamsBegin: 1.615ms
	PersistCurrentRevisions: 0.186ms
	UnloadStreamsEnd: 0.002ms
	GenerateScriptTypeHashes: 3.748ms
	Untracked: 11983.132ms

Application.AssetDatabase Initial Refresh End
Scanning for USB devices : 3.314ms
Initializing Unity extensions:
Unloading 48 Unused Serialized files (Serialized files now loaded: 0)
Unloading 3309 unused Assets / (14.1 MB). Loaded Objects now: 3911.
Memory consumption went from 175.0 MB to 160.8 MB.
Total: 12.468500 ms (FindLiveObjects: 0.398400 ms CreateObjectMapping: 0.256000 ms MarkObjects: 8.691700 ms  DeleteObjects: 3.120200 ms)

Launched and connected shader compiler UnityShaderCompiler.exe after 0.04 seconds
Unloading 28 Unused Serialized files (Serialized files now loaded: 0)
Unloading 2 unused Assets / (66.9 KB). Loaded Objects now: 3942.
Memory consumption went from 151.0 MB to 151.0 MB.
Total: 7.186400 ms (FindLiveObjects: 0.238800 ms CreateObjectMapping: 0.122400 ms MarkObjects: 6.783200 ms  DeleteObjects: 0.039900 ms)

Start importing Assets/UpIzUpMini/Maps/MapLab/Materials/RoofSilver.mat using Guid(0137cdbc64640bc42afb4934f77a2484) (NativeFormatImporter) -> (artifact id: '401a50b2dbc1a611a2f6328cf57e53a7') in 0.0119855 seconds
Start importing Assets/UpIzUpMini/Maps/MapLab/Materials/Waterway.mat using Guid(71419b8d14e283d4c80f9ceb5d13f07e) (NativeFormatImporter) -> (artifact id: 'e518bcbb67a4328587cd251e336554e4') in 0.0040888 seconds
Start importing Assets/UpIzUpMini/Maps/MapLab/Materials/MainRoad.mat using Guid(42b734f2e9762f54a94d8816dadb3451) (NativeFormatImporter) -> (artifact id: '0da8ded26ec615760a547b17f7f745b4') in 0.0018689 seconds
Start importing Assets/UpIzUpMini/Maps/MapLab/Materials/BridgeDeck.mat using Guid(82c7331861b4b5a4c83dab5eebff8ad8) (NativeFormatImporter) -> (artifact id: '8ad97cfda0b52f02381769004a231894') in 0.001821 seconds
Start importing Assets/UpIzUpMini/Maps/MapLab/Materials/BridgeRail.mat using Guid(92aa9154d2242ae4bac5998b36898ab1) (NativeFormatImporter) -> (artifact id: 'f093683e84998eda58701420e93623de') in 0.0028472 seconds
Start importing Assets/UpIzUpMini/Maps/MapLab/Materials/RoofRed.mat using Guid(132c1529200d4a6419756dff64a8bd4c) (NativeFormatImporter) -> (artifact id: 'e3ae5e381b8ad49f7a37e9adc036e779') in 0.0018854 seconds
Start importing Assets/UpIzUpMini/Maps/MapLab/Materials/FarmSoil.mat using Guid(e329f0646eaaad14d9899c08ccfdd5f4) (NativeFormatImporter) -> (artifact id: '1002f9ac3d5491fb63b228b0a4712354') in 0.0163953 seconds
Start importing Assets/UpIzUpMini/Maps/MapLab/Materials/FutureExpansionBarrier.mat using Guid(240a127bdd7186c4396f9de021b3d37d) (NativeFormatImporter) -> (artifact id: '0cc67c268b585f64e48a1321f2d7073b') in 0.0031734 seconds
Start importing Assets/UpIzUpMini/Maps/MapLab/Materials/BayStone.mat using Guid(e4204e802cef2734cbc23057f52b2838) (NativeFormatImporter) -> (artifact id: '49689f8a9f15a47ca233f5f0aae3ece5') in 0.0016969 seconds
Start importing Assets/UpIzUpMini/Maps/MapLab/Materials/RoofBlue.mat using Guid(16bd000e995af9d4db5b85482e2bbf7b) (NativeFormatImporter) -> (artifact id: '252fcce13bf2ed451a405483b09c8efb') in 0.0021074 seconds
Start importing Assets/UpIzUpMini/Maps/MapLab/Materials/WallMint.mat using Guid(66069a035f762fd4f9f68dbc59fe25bd) (NativeFormatImporter) -> (artifact id: '002f61f2b07fb0960d95357b6c00d179') in 0.0019649 seconds
Start importing Assets/UpIzUpMini/Maps/MapLab/Materials/WallBlue.mat using Guid(76b34313ab5d5cc49a86ea1a6602ecfd) (NativeFormatImporter) -> (artifact id: 'b59abc76abd956b8bf7cfc0d79d3ac4f') in 0.002007 seconds
Start importing Assets/UpIzUpMini/Maps/MapLab/Materials/SideRoad.mat using Guid(c8644240df0f8194284078fdfce06dcd) (NativeFormatImporter) -> (artifact id: '8f21ac002920faee48a35ba56a4b71a9') in 0.0018042 seconds
Start importing Assets/UpIzUpMini/Maps/MapLab/Materials/Jetty.mat using Guid(c96a60d4fd30666409de80d9f3a8f2c9) (NativeFormatImporter) -> (artifact id: 'd2bb3cadd85e5448c0775bf433cad27d') in 0.0021209 seconds
Start importing Assets/UpIzUpMini/Maps/MapLab/Materials/WallPink.mat using Guid(da59c3c3ea45cf64dae9fcf48d8daa21) (NativeFormatImporter) -> (artifact id: 'b454fc18be155e1b6e9c77c2e7d79197') in 0.0018366 seconds
Start importing Assets/UpIzUpMini/Maps/MapLab/Materials/SchoolLot.mat using Guid(2ba7494dfa13cf64fb735b621b3b931f) (NativeFormatImporter) -> (artifact id: '6958398b4fdb27e6f2197b72d598ebeb') in 0.0024418 seconds
Start importing Assets/UpIzUpMini/Maps/MapLab/Materials/ChurchWall.mat using Guid(3b514ffc2414f0a40b3f55eae3244d6c) (NativeFormatImporter) -> (artifact id: '09022baf5257779741b2e17f266f746a') in 0.0022898 seconds
Start importing Assets/UpIzUpMini/Maps/MapLab/Materials/FutureFarmLand.mat using Guid(8c8ad76d2ecd0c246ba1b7a8d9eab879) (NativeFormatImporter) -> (artifact id: 'e28f8297e17b9208ab7d354b1d0c393f') in 0.0022056 seconds
Start importing Assets/UpIzUpMini/Maps/MapLab/Materials/WallConcrete.mat using Guid(9d0e3b28359a2bb428f3788c692e1fd0) (NativeFormatImporter) -> (artifact id: '3e26a75fca64fc67a27986775175cf68') in 0.0018064 seconds
Start importing Assets/UpIzUpMini/Maps/MapLab/Materials/Terrain.mat using Guid(cd76ca17d8bb9384eaf094352b53b086) (NativeFormatImporter) -> (artifact id: '2d8f39cfa70afa69428de5a86458a551') in 0.0343456 seconds
Start importing Assets/UpIzUpMini/Maps/MapLab/Materials/Sea.mat using Guid(cd873469c63176c46bb5f1e845385ca4) (NativeFormatImporter) -> (artifact id: 'b4bd9ad2f30b4fc0ebf5fa15cdbcbdff') in 0.001478 seconds
Start importing Assets/UpIzUpMini/Maps/MapLab/Materials/ConcreteSidewalk.mat using Guid(ed2a74a868a00924aa5cf1f6d78bcd86) (NativeFormatImporter) -> (artifact id: '2a63146cb6b7c20b407cbc56855c17e8') in 0.0034771 seconds
Start importing Assets/UpIzUpMini/Maps/MapLab/Materials/ChurchRoof.mat using Guid(0e70be4454e190845b3b56bfd67b3ce6) (NativeFormatImporter) -> (artifact id: '6b4cf98cb1dbb678b0b2893533dd9315') in 0.0026186 seconds
Start importing Assets/UpIzUpMini/Maps/MapLab/Materials/BaySand.mat using Guid(4eb760f9c3a4f2944a23c4e41caf51ad) (NativeFormatImporter) -> (artifact id: '3c5c0d1a15932f6f596d40ff465c733d') in 0.002089 seconds
Start importing Assets/UpIzUpMini/Maps/MapLab/Materials/WallCream.mat using Guid(4ebbe57e9603d174abdfc477c2cca64b) (NativeFormatImporter) -> (artifact id: 'd8ee0558ace953656865b87bc5357435') in 0.0017247 seconds
Start importing Assets/UpIzUpMini/Maps/MapLab/Materials/DirtTrack.mat using Guid(fe1b647f7d7eae74ea7801b478544c5a) (NativeFormatImporter) -> (artifact id: '932cd2aaf0460dbfd43fd589eee70fa5') in 0.0017522 seconds
Refreshing native plugins compatible for Editor in 1.22 ms, found 0 plugins.
Preloading 0 native plugins for Editor in 0.00 ms.
Asset Pipeline Refresh (id=855305ccc5bad014491945dc5ae199f5): Total: 0.765 seconds - Initiated by StopAssetImportingV2(NoUpdateAssetOptions)
	Summary:
		Imports: total=26 (actual=26, local cache=0, cache server=0)
		Asset DB Process Time: managed=5 ms, native=182 ms
		Asset DB Callback time: managed=566 ms, native=10 ms
		Scripting: domain reloads=0, domain reload time=0 ms, compile time=0 ms, other=0 ms
		Project Asset Count: scripts=940, non-scripts=3566
		Asset File Changes: new=0, changed=0, moved=0, deleted=0
		Scan Filter Count: 31
	InvokeCustomDependenciesCallbacks: 0.001ms
	InvokePackagesCallback: 0.001ms
	ApplyChangesToAssetFolders: 0.095ms
	Scan: 27.374ms
	OnSourceAssetsModified: 0.001ms
	CategorizeAssetsWithTransientArtifact: 0.078ms
	ProcessAssetsWithTransientArtifactChanges: 0.098ms
	CategorizeAssets: 1.863ms
	ImportOutOfDateAssets: 154.270ms (0.592ms without children)
		ImportManagerImport: 146.870ms (6.635ms without children)
			ImportInProcess: 140.059ms
			UpdateCategorizedAssets: 0.177ms
		ReloadNativeAssets: 0.045ms
		UnloadImportedAssets: 0.231ms
		ReloadImportedAssets: 0.004ms
		EnsureUptoDateAssetsAreRegisteredWithGuidPM: 0.612ms
		InitializingProgressBar: 0.009ms
		PostProcessAllAssetNotificationsAddChangedAssets: 0.001ms
		OnDemandSchedulerStart: 5.905ms
	PostProcessAllAssets: 570.254ms
	Hotreload: 6.818ms
	GatherAllCurrentPrimaryArtifactRevisions: 0.196ms
	UnloadStreamsBegin: 0.241ms
	PersistCurrentRevisions: 0.205ms
	UnloadStreamsEnd: 0.272ms
	Untracked: 2.962ms

Start importing Assets/UpIzUpMini/Scenes/MapLab_LalayHighland.unity using Guid(570a370666ee328498cfe5f4333ff121) (DefaultImporter) -> (artifact id: 'e5f8137db7712570f8db9455bfa016b3') in 0.0047823 seconds
Refreshing native plugins compatible for Editor in 0.35 ms, found 0 plugins.
Preloading 0 native plugins for Editor in 0.00 ms.
Asset Pipeline Refresh (id=f889786ab44c2284f8839ce20fa44711): Total: 0.081 seconds - Initiated by StopAssetImportingV2(NoUpdateAssetOptions)
Asset Pipeline Refresh (id=7701ab59692dd00408923a7d8400a016): Total: 0.009 seconds - Initiated by RefreshV2(NoUpdateAssetOptions)
MINI-095 MAP LAB BUILD PASS: 132 sourced road polylines + 0 gap connectors, 4 bridges, 2 future exits blocked, 118 Lalay houses, 18 Highland houses, separate scene Assets/UpIzUpMini/Scenes/MapLab_LalayHighland.unity.
UnityEngine.Debug:ExtractStackTraceNoAlloc (byte*,int,string)
UnityEngine.StackTraceUtility:ExtractStackTrace ()
UnityEngine.DebugLogHandler:Internal_Log (UnityEngine.LogType,UnityEngine.LogOption,string,UnityEngine.Object)
UnityEngine.DebugLogHandler:LogFormat (UnityEngine.LogType,UnityEngine.Object,string,object[])
UnityEngine.Logger:Log (UnityEngine.LogType,object)
UnityEngine.Debug:Log (object)
UpIzUpMini.Editor.Mini095LalayMapLabSetup:BuildScene () (at Assets/UpIzUpMini/Editor/Mini095LalayMapLabSetup.cs:206)

(Filename: Assets/UpIzUpMini/Editor/Mini095LalayMapLabSetup.cs Line: 206)

Batchmode quit successfully invoked - shutting down!
[Physics::Module] Cleanup current backend.
[Physics::Module] Id: 0xf2b8ea05
Input System module state changed to: ShutdownInProgress.
Input System polling thread exited.
Input System module state changed to: Shutdown.
[Licensing::IpcConnector] LicenseClient-PCSS-PC-notifications channel disconnected successfully.
[Licensing::IpcConnector] LicenseClient-PCSS-PC channel disconnected successfully.
AcceleratorClientConnectionCallback - disconnected - :0
Cleanup mono
abort_threads: Failed aborting id: 00000000000049F0, mono_thread_manage will ignore it

abort_threads: Failed aborting id: 000000000000A78C, mono_thread_manage will ignore it

abort_threads: Failed aborting id: 00000000000049F0, mono_thread_manage will ignore it

abort_threads: Failed aborting id: 000000000000A78C, mono_thread_manage will ignore it

debugger-agent: Unable to listen on 3136
Exiting batchmode successfully now!
Exiting without the bug reporter. Application will terminate with return code 0